2026-05-12 17:23:47 [INFO] Extracting compressed files in: /tmp/tmpdrs67p34/repo
2026-05-12 17:23:47 [INFO] make uncompress produced 2 gds/*.gds file(s): user_proj_example.gds, user_project_wrapper.gds (make exit 2)
2026-05-12 17:23:47 [INFO] Project type: digital
2026-05-12 17:23:47 [INFO] GDS hash (user_project_wrapper): aaab9ab54b14e1f7c0bf3aa74340723644cefbcb
2026-05-12 17:23:48 [INFO] Tools: KLayout v0.29.2 | Magic v8.3.471
2026-05-12 17:23:48 [INFO] PDK: SKY130A unknown
2026-05-12 17:23:48 [INFO] Running 13 checks: [topcell_check, gpio_defines, xor, klayout_feol, klayout_beol, klayout_offgrid, klayout_met_min_ca_density, klayout_pin_label_purposes_overlapping_drawing, klayout_zeroarea, spike_check, illegal_cellname_check, lvs, oeb]
2026-05-12 17:23:48 [INFO] Single top cell 'user_project_wrapper' found
2026-05-12 17:23:48 [INFO] GPIO defines: parsing verilog/rtl/user_defines.v
2026-05-12 17:23:49 [INFO] GPIO defines report: /tmp/tmpdrs67p34/repo/precheck_results/12_MAY_2026___17_23_47/outputs/reports/gpio_defines.report
2026-05-12 17:24:07 [INFO] Total XOR differences: 0
2026-05-12 17:24:07 [INFO] Running: klayout -b -r /usr/local/lib/python3.9/site-packages/cf_precheck/drc_scripts/sky130A_mr.drc -rd input=/tmp/tmpdrs67p34/repo/gds/user_project_wrapper.gds -rd topcell=user_project_wrapper -rd report=/tmp/tmpdrs67p34/repo/precheck_results/12_MAY_2026___17_23_47/outputs/reports/klayout_feol_check.xml -rd thr=2 -rd feol=true
2026-05-12 17:24:44 [INFO] No DRC violations found
2026-05-12 17:24:44 [INFO] Running: klayout -b -r /usr/local/lib/python3.9/site-packages/cf_precheck/drc_scripts/sky130A_mr.drc -rd input=/tmp/tmpdrs67p34/repo/gds/user_project_wrapper.gds -rd topcell=user_project_wrapper -rd report=/tmp/tmpdrs67p34/repo/precheck_results/12_MAY_2026___17_23_47/outputs/reports/klayout_beol_check.xml -rd thr=2 -rd beol=true
2026-05-12 17:26:42 [INFO] No DRC violations found
2026-05-12 17:26:42 [INFO] Running: klayout -b -r /usr/local/lib/python3.9/site-packages/cf_precheck/drc_scripts/sky130A_mr.drc -rd input=/tmp/tmpdrs67p34/repo/gds/user_project_wrapper.gds -rd topcell=user_project_wrapper -rd report=/tmp/tmpdrs67p34/repo/precheck_results/12_MAY_2026___17_23_47/outputs/reports/klayout_offgrid_check.xml -rd thr=2 -rd offgrid=true
2026-05-12 17:27:04 [INFO] No DRC violations found
2026-05-12 17:27:04 [INFO] Running: klayout -b -r /usr/local/lib/python3.9/site-packages/cf_precheck/drc_scripts/met_min_ca_density.lydrc -rd input=/tmp/tmpdrs67p34/repo/gds/user_project_wrapper.gds -rd topcell=user_project_wrapper -rd report=/tmp/tmpdrs67p34/repo/precheck_results/12_MAY_2026___17_23_47/outputs/reports/klayout_met_min_ca_density_check.xml -rd thr=2
2026-05-12 17:27:15 [INFO] No DRC violations found
2026-05-12 17:27:15 [INFO] Running: klayout -b -r /usr/local/lib/python3.9/site-packages/cf_precheck/drc_scripts/pin_label_purposes_overlapping_drawing.rb.drc -rd input=/tmp/tmpdrs67p34/repo/gds/user_project_wrapper.gds -rd topcell=user_project_wrapper -rd report=/tmp/tmpdrs67p34/repo/precheck_results/12_MAY_2026___17_23_47/outputs/reports/klayout_pin_label_purposes_overlapping_drawing_check.xml -rd thr=2 -rd top_cell_name=user_project_wrapper
2026-05-12 17:27:23 [INFO] No DRC violations found
2026-05-12 17:27:23 [INFO] Running: klayout -b -r /usr/local/lib/python3.9/site-packages/cf_precheck/drc_scripts/zeroarea.rb.drc -rd input=/tmp/tmpdrs67p34/repo/gds/user_project_wrapper.gds -rd topcell=user_project_wrapper -rd report=/tmp/tmpdrs67p34/repo/precheck_results/12_MAY_2026___17_23_47/outputs/reports/klayout_zeroarea_check.xml -rd thr=2 -rd cleaned_output=/tmp/tmpdrs67p34/repo/precheck_results/12_MAY_2026___17_23_47/outputs/user_project_wrapper_no_zero_areas.gds
2026-05-12 17:27:27 [INFO] No DRC violations found
2026-05-12 17:27:27 [INFO] Running: bash /usr/local/lib/python3.9/site-packages/cf_precheck/drc_scripts/gdsArea0 -V -m /tmp/tmpdrs67p34/repo/precheck_results/12_MAY_2026___17_23_47/outputs/reports/spike_check.xml /tmp/tmpdrs67p34/repo/gds/user_project_wrapper.gds
2026-05-12 17:27:33 [INFO] No spikes found
2026-05-12 17:27:33 [INFO] Loading LVS environment from /tmp/tmpdrs67p34/repo/lvs/user_project_wrapper/lvs_config.json
2026-05-12 17:27:33 [ERROR] Error with config file /tmp/tmpdrs67p34/repo/lvs/user_project_wrapper/lvs_config.json: 'bool' object has no attribute 'startswith'
2026-05-12 17:27:33 [INFO] Loading LVS environment from /tmp/tmpdrs67p34/repo/lvs/user_project_wrapper/lvs_config.json
2026-05-12 17:27:33 [ERROR] Error with config file /tmp/tmpdrs67p34/repo/lvs/user_project_wrapper/lvs_config.json: 'bool' object has no attribute 'startswith'
