"polygons" in: met_min_ca_density.lydrc:35
    Polygons (raw): 556398 (flat)  50711 (hierarchical)
    Elapsed: 0.060s  Memory: 627.00M
"polygons" in: met_min_ca_density.lydrc:36
    Polygons (raw): 515821 (flat)  50329 (hierarchical)
    Elapsed: 0.050s  Memory: 628.00M
"polygons" in: met_min_ca_density.lydrc:38
    Polygons (raw): 430324 (flat)  242344 (hierarchical)
    Elapsed: 0.220s  Memory: 635.00M
"polygons" in: met_min_ca_density.lydrc:39
    Polygons (raw): 67039 (flat)  67039 (hierarchical)
    Elapsed: 0.090s  Memory: 635.00M
"polygons" in: met_min_ca_density.lydrc:41
    Polygons (raw): 136655 (flat)  136655 (hierarchical)
    Elapsed: 0.130s  Memory: 641.00M
"polygons" in: met_min_ca_density.lydrc:42
    Polygons (raw): 16429 (flat)  16429 (hierarchical)
    Elapsed: 0.030s  Memory: 641.00M
"polygons" in: met_min_ca_density.lydrc:44
    Polygons (raw): 49200 (flat)  49200 (hierarchical)
    Elapsed: 0.060s  Memory: 641.00M
"polygons" in: met_min_ca_density.lydrc:45
    Polygons (raw): 8149 (flat)  8149 (hierarchical)
    Elapsed: 0.020s  Memory: 641.00M
"polygons" in: met_min_ca_density.lydrc:47
    Polygons (raw): 9324 (flat)  9324 (hierarchical)
    Elapsed: 0.020s  Memory: 641.00M
"polygons" in: met_min_ca_density.lydrc:48
    Polygons (raw): 0 (flat)  0 (hierarchical)
    Elapsed: 0.000s  Memory: 641.00M
"polygons" in: met_min_ca_density.lydrc:49
    Polygons (raw): 12592 (flat)  12592 (hierarchical)
    Elapsed: 0.020s  Memory: 641.00M
"polygons" in: met_min_ca_density.lydrc:51
    Polygons (raw): 641 (flat)  641 (hierarchical)
    Elapsed: 0.010s  Memory: 641.00M
"input" in: met_min_ca_density.lydrc:53
    Polygons (raw): 2 (flat)  2 (hierarchical)
    Elapsed: 0.010s  Memory: 641.00M
"area" in: met_min_ca_density.lydrc:55
    Elapsed: 0.020s  Memory: 642.00M
"polygons" in: met_min_ca_density.lydrc:59
    Polygons (raw): 556398 (flat)  50711 (hierarchical)
    Elapsed: 0.060s  Memory: 642.00M
"area" in: met_min_ca_density.lydrc:59
    Elapsed: 2.940s  Memory: 697.00M
li1_ca_density is 0.9878278947501556
"polygons" in: met_min_ca_density.lydrc:69
    Polygons (raw): 430324 (flat)  242344 (hierarchical)
    Elapsed: 0.220s  Memory: 698.00M
"area" in: met_min_ca_density.lydrc:69
    Elapsed: 3.080s  Memory: 698.00M
m1_ca_density is 0.9903196329973537
"polygons" in: met_min_ca_density.lydrc:79
    Polygons (raw): 136655 (flat)  136655 (hierarchical)
    Elapsed: 0.150s  Memory: 698.00M
"area" in: met_min_ca_density.lydrc:79
    Elapsed: 0.690s  Memory: 698.00M
m2_ca_density is 0.9947663261864688
"polygons" in: met_min_ca_density.lydrc:89
    Polygons (raw): 49200 (flat)  49200 (hierarchical)
    Elapsed: 0.070s  Memory: 698.00M
"area" in: met_min_ca_density.lydrc:89
    Elapsed: 0.250s  Memory: 698.00M
m3_ca_density is 0.9924860389457503
"polygons" in: met_min_ca_density.lydrc:99
    Polygons (raw): 9324 (flat)  9324 (hierarchical)
    Elapsed: 0.020s  Memory: 698.00M
"area" in: met_min_ca_density.lydrc:99
    Elapsed: 0.060s  Memory: 698.00M
m4_ca_density is 0.8420805749922167
"polygons" in: met_min_ca_density.lydrc:109
    Polygons (raw): 641 (flat)  641 (hierarchical)
    Elapsed: 0.010s  Memory: 698.00M
"area" in: met_min_ca_density.lydrc:109
    Elapsed: 0.030s  Memory: 698.00M
m5_ca_density is 0.8445801345540163
Writing report database: /tmp/tmpvbyuj49e/repo/precheck_results/12_MAY_2026___09_35_03/outputs/reports/klayout_met_min_ca_density_check.xml ..
Total elapsed: 8.930s  Memory: 690.00M
