2026-05-12 09:35:03 [INFO] Extracting compressed files in: /tmp/tmpvbyuj49e/repo
2026-05-12 09:35:03 [INFO] make uncompress produced 2 gds/*.gds file(s): user_proj_example.gds, user_project_wrapper.gds (make exit 0)
2026-05-12 09:35:03 [INFO] Project type: digital
2026-05-12 09:35:03 [INFO] GDS hash (user_project_wrapper): 643df9543160e82a8fcb5fb43c83e7f8d04a24a5
2026-05-12 09:35:03 [INFO] Tools: KLayout v0.29.2 | Magic v8.3.471
2026-05-12 09:35:03 [INFO] PDK: SKY130A unknown
2026-05-12 09:35:03 [INFO] Running 13 checks: [topcell_check, gpio_defines, xor, klayout_feol, klayout_beol, klayout_offgrid, klayout_met_min_ca_density, klayout_pin_label_purposes_overlapping_drawing, klayout_zeroarea, spike_check, illegal_cellname_check, lvs, oeb]
2026-05-12 09:35:03 [INFO] Single top cell 'user_project_wrapper' found
2026-05-12 09:35:03 [INFO] GPIO defines: parsing verilog/rtl/user_defines.v
2026-05-12 09:35:05 [INFO] GPIO defines report: /tmp/tmpvbyuj49e/repo/precheck_results/12_MAY_2026___09_35_03/outputs/reports/gpio_defines.report
2026-05-12 09:35:21 [INFO] Total XOR differences: 0
2026-05-12 09:35:21 [INFO] Running: klayout -b -r /usr/local/lib/python3.9/site-packages/cf_precheck/drc_scripts/sky130A_mr.drc -rd input=/tmp/tmpvbyuj49e/repo/gds/user_project_wrapper.gds -rd topcell=user_project_wrapper -rd report=/tmp/tmpvbyuj49e/repo/precheck_results/12_MAY_2026___09_35_03/outputs/reports/klayout_feol_check.xml -rd thr=2 -rd feol=true
2026-05-12 09:35:54 [INFO] No DRC violations found
2026-05-12 09:35:54 [INFO] Running: klayout -b -r /usr/local/lib/python3.9/site-packages/cf_precheck/drc_scripts/sky130A_mr.drc -rd input=/tmp/tmpvbyuj49e/repo/gds/user_project_wrapper.gds -rd topcell=user_project_wrapper -rd report=/tmp/tmpvbyuj49e/repo/precheck_results/12_MAY_2026___09_35_03/outputs/reports/klayout_beol_check.xml -rd thr=2 -rd beol=true
2026-05-12 09:37:48 [INFO] No DRC violations found
2026-05-12 09:37:48 [INFO] Running: klayout -b -r /usr/local/lib/python3.9/site-packages/cf_precheck/drc_scripts/sky130A_mr.drc -rd input=/tmp/tmpvbyuj49e/repo/gds/user_project_wrapper.gds -rd topcell=user_project_wrapper -rd report=/tmp/tmpvbyuj49e/repo/precheck_results/12_MAY_2026___09_35_03/outputs/reports/klayout_offgrid_check.xml -rd thr=2 -rd offgrid=true
2026-05-12 09:38:08 [INFO] No DRC violations found
2026-05-12 09:38:08 [INFO] Running: klayout -b -r /usr/local/lib/python3.9/site-packages/cf_precheck/drc_scripts/met_min_ca_density.lydrc -rd input=/tmp/tmpvbyuj49e/repo/gds/user_project_wrapper.gds -rd topcell=user_project_wrapper -rd report=/tmp/tmpvbyuj49e/repo/precheck_results/12_MAY_2026___09_35_03/outputs/reports/klayout_met_min_ca_density_check.xml -rd thr=2
2026-05-12 09:38:19 [INFO] No DRC violations found
2026-05-12 09:38:19 [INFO] Running: klayout -b -r /usr/local/lib/python3.9/site-packages/cf_precheck/drc_scripts/pin_label_purposes_overlapping_drawing.rb.drc -rd input=/tmp/tmpvbyuj49e/repo/gds/user_project_wrapper.gds -rd topcell=user_project_wrapper -rd report=/tmp/tmpvbyuj49e/repo/precheck_results/12_MAY_2026___09_35_03/outputs/reports/klayout_pin_label_purposes_overlapping_drawing_check.xml -rd thr=2 -rd top_cell_name=user_project_wrapper
2026-05-12 09:38:26 [INFO] No DRC violations found
2026-05-12 09:38:26 [INFO] Running: klayout -b -r /usr/local/lib/python3.9/site-packages/cf_precheck/drc_scripts/zeroarea.rb.drc -rd input=/tmp/tmpvbyuj49e/repo/gds/user_project_wrapper.gds -rd topcell=user_project_wrapper -rd report=/tmp/tmpvbyuj49e/repo/precheck_results/12_MAY_2026___09_35_03/outputs/reports/klayout_zeroarea_check.xml -rd thr=2 -rd cleaned_output=/tmp/tmpvbyuj49e/repo/precheck_results/12_MAY_2026___09_35_03/outputs/user_project_wrapper_no_zero_areas.gds
2026-05-12 09:38:31 [INFO] No DRC violations found
2026-05-12 09:38:31 [INFO] Running: bash /usr/local/lib/python3.9/site-packages/cf_precheck/drc_scripts/gdsArea0 -V -m /tmp/tmpvbyuj49e/repo/precheck_results/12_MAY_2026___09_35_03/outputs/reports/spike_check.xml /tmp/tmpvbyuj49e/repo/gds/user_project_wrapper.gds
2026-05-12 09:38:36 [INFO] No spikes found
2026-05-12 09:38:37 [INFO] Loading LVS environment from /tmp/tmpvbyuj49e/repo/lvs/user_project_wrapper/lvs_config.json
2026-05-12 09:38:37 [INFO] EXTRACT_FLATGLOB: 
2026-05-12 09:38:37 [INFO] EXTRACT_ABSTRACT: *__fill_* *__fakediode_* *__tapvpwrvgnd_* *__buf_* *__clkbuf_* *__decap_*
2026-05-12 09:38:37 [INFO] EXTRACT_CREATE_SUBCUT: 
2026-05-12 09:38:37 [INFO] LVS_FLATTEN: 
2026-05-12 09:38:37 [INFO] LVS_NOFLATTEN: ucb_top
2026-05-12 09:38:37 [INFO] LVS_IGNORE: 
2026-05-12 09:38:37 [INFO] LVS_SPICE_FILES: /opt/pdks/sky130A/libs.ref/sky130_fd_sc_hd/spice/sky130_ef_sc_hd__decap*.spice /opt/pdks/sky130A/libs.ref/sky130_fd_sc_hd/spice/sky130_fd_sc_hd.spice
2026-05-12 09:38:37 [INFO] LVS_VERILOG_FILES: /tmp/tmpvbyuj49e/repo/verilog/gl/ucb_top.v /tmp/tmpvbyuj49e/repo/verilog/gl/user_project_wrapper.nl.v
2026-05-12 09:38:37 [INFO] LAYOUT_FILE: /tmp/tmpvbyuj49e/repo/gds/user_project_wrapper.gds
2026-05-12 09:38:37 [INFO] Running: run_be_checks --nooeb
2026-05-12 09:38:37 [INFO] LVS output directory: /tmp/tmpvbyuj49e/repo/precheck_results/12_MAY_2026___09_35_03
2026-05-12 09:40:53 [ERROR] LVS FAILED (stat=1), see /tmp/tmpvbyuj49e/repo/precheck_results/12_MAY_2026___09_35_03/logs/LVS_check.log
2026-05-12 09:40:53 [INFO] Loading LVS environment from /tmp/tmpvbyuj49e/repo/lvs/user_project_wrapper/lvs_config.json
2026-05-12 09:40:53 [INFO] EXTRACT_FLATGLOB: 
2026-05-12 09:40:53 [INFO] EXTRACT_ABSTRACT: *__fill_* *__fakediode_* *__tapvpwrvgnd_* *__buf_* *__clkbuf_* *__decap_*
2026-05-12 09:40:53 [INFO] EXTRACT_CREATE_SUBCUT: 
2026-05-12 09:40:53 [INFO] LVS_FLATTEN: 
2026-05-12 09:40:53 [INFO] LVS_NOFLATTEN: ucb_top
2026-05-12 09:40:53 [INFO] LVS_IGNORE: 
2026-05-12 09:40:53 [INFO] LVS_SPICE_FILES: /opt/pdks/sky130A/libs.ref/sky130_fd_sc_hd/spice/sky130_ef_sc_hd__decap*.spice /opt/pdks/sky130A/libs.ref/sky130_fd_sc_hd/spice/sky130_fd_sc_hd.spice
2026-05-12 09:40:53 [INFO] LVS_VERILOG_FILES: /tmp/tmpvbyuj49e/repo/verilog/gl/ucb_top.v /tmp/tmpvbyuj49e/repo/verilog/gl/user_project_wrapper.nl.v
2026-05-12 09:40:53 [INFO] LAYOUT_FILE: /tmp/tmpvbyuj49e/repo/gds/user_project_wrapper.gds
2026-05-12 09:40:53 [INFO] Running: run_oeb_check --noextract
2026-05-12 09:40:53 [INFO] OEB output directory: /tmp/tmpvbyuj49e/repo/precheck_results/12_MAY_2026___09_35_03
2026-05-12 09:40:55 [ERROR] OEB FAILED (stat=6), see /tmp/tmpvbyuj49e/repo/precheck_results/12_MAY_2026___09_35_03/logs/OEB_check.log
