BEGIN: Wed May 13 13:08:03 2026
Netgen 1.5.272 compiled on Wed Apr 22 16:24:02 UTC 2026
Warning: netgen command 'format' use fully-qualified name '::netgen::format'
Warning: netgen command 'global' use fully-qualified name '::netgen::global'
Reading layout /tmp/tmprp0gpsm7/repo/precheck_results/13_MAY_2026___13_07_21/tmp/ext/user_project_wrapper.gds.spice...
Reading source /opt/pdks/sky130A/libs.ref/sky130_fd_sc_hd/spice/sky130_ef_sc_hd__decap_12.spice...
Call to undefined subcircuit sky130_fd_pr__pfet_01v8_hvt
Creating placeholder cell definition.
Call to undefined subcircuit sky130_fd_pr__nfet_01v8
Creating placeholder cell definition.
Reading source /opt/pdks/sky130A/libs.ref/sky130_fd_sc_hd/spice/sky130_ef_sc_hd__decap_20_12.spice...
Reading source /opt/pdks/sky130A/libs.ref/sky130_fd_sc_hd/spice/sky130_ef_sc_hd__decap_40_12.spice...
Reading source /opt/pdks/sky130A/libs.ref/sky130_fd_sc_hd/spice/sky130_ef_sc_hd__decap_60_12.spice...
Reading source /opt/pdks/sky130A/libs.ref/sky130_fd_sc_hd/spice/sky130_ef_sc_hd__decap_80_12.spice...
Reading source /opt/pdks/sky130A/libs.ref/sky130_fd_sc_hd/spice/sky130_fd_sc_hd.spice...
Call to undefined subcircuit sky130_fd_pr__res_generic_po
Creating placeholder cell definition.
Call to undefined subcircuit sky130_fd_pr__special_nfet_01v8
Creating placeholder cell definition.
Call to undefined subcircuit sky130_fd_pr__diode_pw2nd_05v5
Creating placeholder cell definition.
Call to undefined subcircuit sky130_fd_pr__special_pfet_01v8_hvt
Creating placeholder cell definition.
Call to undefined subcircuit sky130_fd_sc_hd__nand2_2
Creating placeholder cell definition.
Call to undefined subcircuit sky130_fd_sc_hd__nor2_2
Creating placeholder cell definition.
Reading source /tmp/tmprp0gpsm7/repo/verilog/gl/ucb_top.v...
Warning:  A case-insensitive file has been read and so the	verilog file must be treated case-insensitive to match.
Note:  Implicit pin Y in instance clkload0 of sky130_fd_sc_hd__clkinvlp_4 in cell ucb_top
Note:  Implicit pin Y in instance clkload1 of sky130_fd_sc_hd__clkinvlp_4 in cell ucb_top
Note:  Implicit pin X in instance clkload2 of sky130_fd_sc_hd__clkbuf_8 in cell ucb_top
Note:  Implicit pin X in instance clkload3 of sky130_fd_sc_hd__clkbuf_8 in cell ucb_top
Note:  Implicit pin X in instance clkload4 of sky130_fd_sc_hd__clkbuf_8 in cell ucb_top
Note:  Implicit pin X in instance clkload5 of sky130_fd_sc_hd__clkbuf_8 in cell ucb_top
Note:  Implicit pin Y in instance clkload6 of sky130_fd_sc_hd__inv_6 in cell ucb_top
Note:  Implicit pin X in instance clkload7 of sky130_fd_sc_hd__clkbuf_4 in cell ucb_top
Note:  Implicit pin Y in instance clkload8 of sky130_fd_sc_hd__inv_6 in cell ucb_top
Note:  Implicit pin Y in instance clkload9 of sky130_fd_sc_hd__inv_6 in cell ucb_top
Note:  Implicit pin Y in instance clkload10 of sky130_fd_sc_hd__inv_6 in cell ucb_top
Note:  Implicit pin X in instance clkload11 of sky130_fd_sc_hd__clkbuf_8 in cell ucb_top
Note:  Implicit pin Y in instance clkload12 of sky130_fd_sc_hd__bufinv_16 in cell ucb_top
Note:  Implicit pin X in instance clkload13 of sky130_fd_sc_hd__clkbuf_8 in cell ucb_top
Note:  Implicit pin Y in instance clkload14 of sky130_fd_sc_hd__bufinv_16 in cell ucb_top
Note:  Implicit pin Y in instance clkload15 of sky130_fd_sc_hd__bufinv_16 in cell ucb_top
Note:  Implicit pin Y in instance clkload16 of sky130_fd_sc_hd__clkinv_4 in cell ucb_top
Note:  Implicit pin Y in instance clkload17 of sky130_fd_sc_hd__inv_6 in cell ucb_top
Note:  Implicit pin Y in instance clkload18 of sky130_fd_sc_hd__inv_12 in cell ucb_top
Note:  Implicit pin Y in instance clkload19 of sky130_fd_sc_hd__inv_8 in cell ucb_top
Note:  Implicit pin Y in instance clkload20 of sky130_fd_sc_hd__clkinv_4 in cell ucb_top
Note:  Implicit pin Y in instance clkload21 of sky130_fd_sc_hd__inv_8 in cell ucb_top
Note:  Implicit pin Y in instance clkload22 of sky130_fd_sc_hd__inv_6 in cell ucb_top
Note:  Implicit pin Y in instance clkload23 of sky130_fd_sc_hd__clkinvlp_4 in cell ucb_top
Note:  Implicit pin Y in instance clkload24 of sky130_fd_sc_hd__clkinv_4 in cell ucb_top
Note:  Implicit pin Y in instance clkload25 of sky130_fd_sc_hd__inv_6 in cell ucb_top
Note:  Implicit pin Y in instance clkload26 of sky130_fd_sc_hd__clkinvlp_4 in cell ucb_top
Note:  Implicit pin Y in instance clkload27 of sky130_fd_sc_hd__clkinv_8 in cell ucb_top
Note:  Implicit pin Y in instance clkload28 of sky130_fd_sc_hd__clkinv_4 in cell ucb_top
Note:  Implicit pin Y in instance clkload29 of sky130_fd_sc_hd__clkinvlp_4 in cell ucb_top
Note:  Implicit pin Y in instance clkload30 of sky130_fd_sc_hd__clkinv_2 in cell ucb_top
Note:  Implicit pin Y in instance clkload31 of sky130_fd_sc_hd__bufinv_16 in cell ucb_top
Note:  Implicit pin Y in instance clkload32 of sky130_fd_sc_hd__inv_8 in cell ucb_top
Note:  Implicit pin Y in instance clkload33 of sky130_fd_sc_hd__inv_8 in cell ucb_top
Note:  Implicit pin X in instance clkload34 of sky130_fd_sc_hd__clkbuf_4 in cell ucb_top
Note:  Implicit pin Y in instance clkload35 of sky130_fd_sc_hd__clkinvlp_4 in cell ucb_top
Note:  Implicit pin Y in instance clkload36 of sky130_fd_sc_hd__clkinv_4 in cell ucb_top
Note:  Implicit pin Y in instance clkload37 of sky130_fd_sc_hd__inv_8 in cell ucb_top
Note:  Implicit pin Y in instance clkload38 of sky130_fd_sc_hd__clkinvlp_4 in cell ucb_top
Note:  Implicit pin Y in instance clkload39 of sky130_fd_sc_hd__inv_6 in cell ucb_top
Note:  Implicit pin Y in instance clkload40 of sky130_fd_sc_hd__inv_6 in cell ucb_top
Note:  Implicit pin Y in instance clkload41 of sky130_fd_sc_hd__inv_6 in cell ucb_top
Note:  Implicit pin Y in instance clkload42 of sky130_fd_sc_hd__bufinv_16 in cell ucb_top
Note:  Implicit pin Y in instance clkload43 of sky130_fd_sc_hd__inv_8 in cell ucb_top
Note:  Implicit pin Y in instance clkload44 of sky130_fd_sc_hd__clkinvlp_4 in cell ucb_top
Note:  Implicit pin Y in instance clkload45 of sky130_fd_sc_hd__inv_6 in cell ucb_top
Note:  Implicit pin X in instance clkload46 of sky130_fd_sc_hd__clkbuf_8 in cell ucb_top
Note:  Implicit pin Y in instance clkload47 of sky130_fd_sc_hd__clkinvlp_4 in cell ucb_top
Note:  Implicit pin Y in instance clkload48 of sky130_fd_sc_hd__inv_6 in cell ucb_top
Note:  Implicit pin Y in instance clkload49 of sky130_fd_sc_hd__inv_6 in cell ucb_top
Note:  Implicit pin Y in instance clkload50 of sky130_fd_sc_hd__inv_6 in cell ucb_top
Note:  Implicit pin Y in instance clkload51 of sky130_fd_sc_hd__clkinv_2 in cell ucb_top
Note:  Implicit pin X in instance clkload52 of sky130_fd_sc_hd__clkbuf_4 in cell ucb_top
Note:  Implicit pin Y in instance clkload53 of sky130_fd_sc_hd__clkinvlp_4 in cell ucb_top
Note:  Implicit pin Y in instance clkload54 of sky130_fd_sc_hd__clkinvlp_4 in cell ucb_top
Note:  Implicit pin Y in instance clkload55 of sky130_fd_sc_hd__clkinv_2 in cell ucb_top
Note:  Implicit pin Y in instance clkload56 of sky130_fd_sc_hd__inv_6 in cell ucb_top
Note:  Implicit pin Y in instance clkload57 of sky130_fd_sc_hd__clkinvlp_4 in cell ucb_top
Note:  Implicit pin Y in instance clkload58 of sky130_fd_sc_hd__inv_8 in cell ucb_top
Note:  Implicit pin Y in instance clkload59 of sky130_fd_sc_hd__bufinv_16 in cell ucb_top
Note:  Implicit pin Y in instance clkload60 of sky130_fd_sc_hd__clkinv_2 in cell ucb_top
Note:  Implicit pin Y in instance clkload61 of sky130_fd_sc_hd__clkinv_2 in cell ucb_top
Note:  Implicit pin X in instance clkload62 of sky130_fd_sc_hd__clkbuf_4 in cell ucb_top
Note:  Implicit pin Y in instance clkload63 of sky130_fd_sc_hd__inv_6 in cell ucb_top
Note:  Implicit pin Y in instance clkload64 of sky130_fd_sc_hd__inv_8 in cell ucb_top
Note:  Implicit pin Y in instance clkload65 of sky130_fd_sc_hd__inv_12 in cell ucb_top
Note:  Implicit pin X in instance clkload66 of sky130_fd_sc_hd__clkbuf_4 in cell ucb_top
Note:  Implicit pin Y in instance clkload67 of sky130_fd_sc_hd__bufinv_16 in cell ucb_top
Note:  Implicit pin Y in instance clkload68 of sky130_fd_sc_hd__clkinv_8 in cell ucb_top
Note:  Implicit pin Y in instance clkload69 of sky130_fd_sc_hd__inv_6 in cell ucb_top
Note:  Implicit pin X in instance clkload70 of sky130_fd_sc_hd__clkbuf_4 in cell ucb_top
Note:  Implicit pin Y in instance clkload71 of sky130_fd_sc_hd__clkinv_2 in cell ucb_top
Note:  Implicit pin Y in instance clkload72 of sky130_fd_sc_hd__clkinv_8 in cell ucb_top
Note:  Implicit pin Y in instance clkload73 of sky130_fd_sc_hd__bufinv_16 in cell ucb_top
Note:  Implicit pin Y in instance clkload74 of sky130_fd_sc_hd__clkinvlp_4 in cell ucb_top
Note:  Implicit pin Y in instance clkload75 of sky130_fd_sc_hd__clkinv_8 in cell ucb_top
Note:  Implicit pin Y in instance clkload76 of sky130_fd_sc_hd__clkinv_4 in cell ucb_top
Note:  Implicit pin Y in instance clkload77 of sky130_fd_sc_hd__inv_6 in cell ucb_top
Note:  Implicit pin Y in instance clkload78 of sky130_fd_sc_hd__inv_6 in cell ucb_top
Note:  Implicit pin Y in instance clkload79 of sky130_fd_sc_hd__inv_6 in cell ucb_top
Note:  Implicit pin Y in instance clkload80 of sky130_fd_sc_hd__bufinv_16 in cell ucb_top
Note:  Implicit pin Y in instance clkload81 of sky130_fd_sc_hd__clkinv_8 in cell ucb_top
Note:  Implicit pin Y in instance clkload82 of sky130_fd_sc_hd__clkinv_4 in cell ucb_top
Note:  Implicit pin Y in instance clkload83 of sky130_fd_sc_hd__inv_6 in cell ucb_top
Note:  Implicit pin Y in instance clkload84 of sky130_fd_sc_hd__clkinv_8 in cell ucb_top
Note:  Implicit pin Y in instance clkload85 of sky130_fd_sc_hd__clkinv_4 in cell ucb_top
Note:  Implicit pin Y in instance clkload86 of sky130_fd_sc_hd__inv_6 in cell ucb_top
Note:  Implicit pin Y in instance clkload87 of sky130_fd_sc_hd__inv_8 in cell ucb_top
Note:  Implicit pin Y in instance clkload88 of sky130_fd_sc_hd__clkinv_8 in cell ucb_top
Note:  Implicit pin Y in instance clkload89 of sky130_fd_sc_hd__inv_8 in cell ucb_top
Note:  Implicit pin X in instance clkload90 of sky130_fd_sc_hd__clkbuf_4 in cell ucb_top
Note:  Implicit pin X in instance clkload91 of sky130_fd_sc_hd__clkbuf_4 in cell ucb_top
Note:  Implicit pin Y in instance clkload92 of sky130_fd_sc_hd__clkinv_2 in cell ucb_top
Note:  Implicit pin Y in instance clkload93 of sky130_fd_sc_hd__inv_8 in cell ucb_top
Note:  Implicit pin Y in instance clkload94 of sky130_fd_sc_hd__inv_6 in cell ucb_top
Note:  Implicit pin Y in instance clkload95 of sky130_fd_sc_hd__clkinv_8 in cell ucb_top
Note:  Implicit pin Y in instance clkload96 of sky130_fd_sc_hd__clkinv_8 in cell ucb_top
Note:  Implicit pin Y in instance clkload97 of sky130_fd_sc_hd__clkinv_8 in cell ucb_top
Note:  Implicit pin Y in instance clkload98 of sky130_fd_sc_hd__clkinv_8 in cell ucb_top
Note:  Implicit pin Y in instance clkload99 of sky130_fd_sc_hd__clkinv_4 in cell ucb_top
Note:  Implicit pin Y in instance clkload100 of sky130_fd_sc_hd__bufinv_16 in cell ucb_top
Note:  Implicit pin X in instance clkload101 of sky130_fd_sc_hd__clkbuf_8 in cell ucb_top
Note:  Implicit pin Y in instance clkload102 of sky130_fd_sc_hd__inv_8 in cell ucb_top
Note:  Implicit pin Y in instance clkload103 of sky130_fd_sc_hd__clkinv_2 in cell ucb_top
Note:  Implicit pin Y in instance clkload104 of sky130_fd_sc_hd__inv_8 in cell ucb_top
Note:  Implicit pin Y in instance clkload105 of sky130_fd_sc_hd__clkinv_4 in cell ucb_top
Note:  Implicit pin X in instance clkload106 of sky130_fd_sc_hd__clkbuf_4 in cell ucb_top
Note:  Implicit pin Y in instance clkload107 of sky130_fd_sc_hd__inv_6 in cell ucb_top
Note:  Implicit pin X in instance clkload108 of sky130_fd_sc_hd__clkbuf_4 in cell ucb_top
Note:  Implicit pin Y in instance clkload109 of sky130_fd_sc_hd__clkinv_4 in cell ucb_top
Note:  Implicit pin Y in instance clkload110 of sky130_fd_sc_hd__clkinv_4 in cell ucb_top
Note:  Implicit pin Y in instance clkload111 of sky130_fd_sc_hd__clkinv_4 in cell ucb_top
Note:  Implicit pin Y in instance clkload112 of sky130_fd_sc_hd__bufinv_16 in cell ucb_top
Note:  Implicit pin Y in instance clkload113 of sky130_fd_sc_hd__clkinvlp_4 in cell ucb_top
Note:  Implicit pin Y in instance clkload114 of sky130_fd_sc_hd__bufinv_16 in cell ucb_top
Note:  Implicit pin Y in instance clkload115 of sky130_fd_sc_hd__inv_8 in cell ucb_top
Note:  Implicit pin Y in instance clkload116 of sky130_fd_sc_hd__inv_6 in cell ucb_top
Note:  Implicit pin Y in instance clkload117 of sky130_fd_sc_hd__clkinv_4 in cell ucb_top
Note:  Implicit pin Y in instance clkload118 of sky130_fd_sc_hd__clkinv_8 in cell ucb_top
Note:  Implicit pin Y in instance clkload119 of sky130_fd_sc_hd__clkinv_2 in cell ucb_top
Note:  Implicit pin Y in instance clkload120 of sky130_fd_sc_hd__clkinv_4 in cell ucb_top
Note:  Implicit pin Y in instance clkload121 of sky130_fd_sc_hd__bufinv_16 in cell ucb_top
Note:  Implicit pin Y in instance clkload122 of sky130_fd_sc_hd__clkinv_2 in cell ucb_top
Note:  Implicit pin Y in instance clkload123 of sky130_fd_sc_hd__inv_6 in cell ucb_top
Note:  Implicit pin Y in instance clkload124 of sky130_fd_sc_hd__clkinv_4 in cell ucb_top
Note:  Implicit pin X in instance clkload125 of sky130_fd_sc_hd__clkbuf_4 in cell ucb_top
Note:  Implicit pin Y in instance clkload126 of sky130_fd_sc_hd__bufinv_16 in cell ucb_top
Note:  Implicit pin Y in instance clkload127 of sky130_fd_sc_hd__clkinv_4 in cell ucb_top
Note:  Implicit pin Y in instance clkload128 of sky130_fd_sc_hd__inv_6 in cell ucb_top
Note:  Implicit pin Y in instance clkload129 of sky130_fd_sc_hd__inv_8 in cell ucb_top
Note:  Implicit pin Y in instance clkload130 of sky130_fd_sc_hd__bufinv_16 in cell ucb_top
Note:  Implicit pin Y in instance clkload131 of sky130_fd_sc_hd__inv_8 in cell ucb_top
Note:  Implicit pin Y in instance clkload132 of sky130_fd_sc_hd__clkinvlp_4 in cell ucb_top
Note:  Implicit pin X in instance clkload133 of sky130_fd_sc_hd__clkbuf_4 in cell ucb_top
Note:  Implicit pin Y in instance clkload134 of sky130_fd_sc_hd__bufinv_16 in cell ucb_top
Note:  Implicit pin Y in instance clkload135 of sky130_fd_sc_hd__clkinvlp_4 in cell ucb_top
Note:  Implicit pin Y in instance clkload136 of sky130_fd_sc_hd__clkinv_2 in cell ucb_top
Note:  Implicit pin Y in instance clkload137 of sky130_fd_sc_hd__clkinv_4 in cell ucb_top
Note:  Implicit pin Y in instance clkload138 of sky130_fd_sc_hd__clkinvlp_4 in cell ucb_top
Note:  Implicit pin Y in instance clkload139 of sky130_fd_sc_hd__clkinv_2 in cell ucb_top
Note:  Implicit pin Y in instance clkload140 of sky130_fd_sc_hd__clkinv_2 in cell ucb_top
Note:  Implicit pin Y in instance clkload141 of sky130_fd_sc_hd__clkinvlp_4 in cell ucb_top
Note:  Implicit pin Y in instance clkload142 of sky130_fd_sc_hd__inv_6 in cell ucb_top
Note:  Implicit pin Y in instance clkload143 of sky130_fd_sc_hd__clkinvlp_4 in cell ucb_top
Note:  Implicit pin X in instance clkload144 of sky130_fd_sc_hd__clkbuf_8 in cell ucb_top
Note:  Implicit pin Y in instance clkload145 of sky130_fd_sc_hd__clkinvlp_4 in cell ucb_top
Note:  Implicit pin Y in instance clkload146 of sky130_fd_sc_hd__clkinv_4 in cell ucb_top
Note:  Implicit pin Y in instance clkload147 of sky130_fd_sc_hd__inv_8 in cell ucb_top
Note:  Implicit pin X in instance clkload148 of sky130_fd_sc_hd__clkbuf_4 in cell ucb_top
Note:  Implicit pin Y in instance clkload149 of sky130_fd_sc_hd__clkinv_4 in cell ucb_top
Note:  Implicit pin X in instance clkload150 of sky130_fd_sc_hd__clkbuf_4 in cell ucb_top
Note:  Implicit pin Y in instance clkload151 of sky130_fd_sc_hd__inv_6 in cell ucb_top
Note:  Implicit pin Y in instance clkload152 of sky130_fd_sc_hd__inv_6 in cell ucb_top
Note:  Implicit pin Y in instance clkload153 of sky130_fd_sc_hd__clkinvlp_4 in cell ucb_top
Note:  Implicit pin Y in instance clkload154 of sky130_fd_sc_hd__clkinv_4 in cell ucb_top
Note:  Implicit pin Y in instance clkload155 of sky130_fd_sc_hd__inv_8 in cell ucb_top
Note:  Implicit pin X in instance clkload156 of sky130_fd_sc_hd__clkbuf_8 in cell ucb_top
Note:  Implicit pin Y in instance clkload157 of sky130_fd_sc_hd__inv_6 in cell ucb_top
Note:  Implicit pin Y in instance clkload158 of sky130_fd_sc_hd__inv_8 in cell ucb_top
Note:  Implicit pin Y in instance clkload159 of sky130_fd_sc_hd__inv_8 in cell ucb_top
Note:  Implicit pin X in instance clkload160 of sky130_fd_sc_hd__clkbuf_4 in cell ucb_top
Note:  Implicit pin Y in instance clkload161 of sky130_fd_sc_hd__clkinv_4 in cell ucb_top
Note:  Implicit pin X in instance clkload162 of sky130_fd_sc_hd__clkbuf_4 in cell ucb_top
Note:  Implicit pin Y in instance clkload163 of sky130_fd_sc_hd__inv_8 in cell ucb_top
Note:  Implicit pin Y in instance clkload164 of sky130_fd_sc_hd__clkinv_2 in cell ucb_top
Note:  Implicit pin Y in instance clkload165 of sky130_fd_sc_hd__bufinv_16 in cell ucb_top
Note:  Implicit pin X in instance clkload166 of sky130_fd_sc_hd__clkbuf_4 in cell ucb_top
Note:  Implicit pin Y in instance clkload167 of sky130_fd_sc_hd__bufinv_16 in cell ucb_top
Note:  Implicit pin Y in instance clkload168 of sky130_fd_sc_hd__clkinv_4 in cell ucb_top
Note:  Implicit pin Y in instance clkload169 of sky130_fd_sc_hd__inv_8 in cell ucb_top
Note:  Implicit pin Y in instance clkload170 of sky130_fd_sc_hd__clkinv_8 in cell ucb_top
Note:  Implicit pin Y in instance clkload171 of sky130_fd_sc_hd__inv_8 in cell ucb_top
Note:  Implicit pin Y in instance clkload172 of sky130_fd_sc_hd__inv_6 in cell ucb_top
Note:  Implicit pin Y in instance clkload173 of sky130_fd_sc_hd__inv_6 in cell ucb_top
Note:  Implicit pin Y in instance clkload174 of sky130_fd_sc_hd__inv_4 in cell ucb_top
Note:  Implicit pin Y in instance clkload175 of sky130_fd_sc_hd__inv_6 in cell ucb_top
Note:  Implicit pin Y in instance clkload176 of sky130_fd_sc_hd__inv_4 in cell ucb_top
Note:  Implicit pin Y in instance clkload177 of sky130_fd_sc_hd__inv_8 in cell ucb_top
Note:  Implicit pin Y in instance clkload178 of sky130_fd_sc_hd__clkinv_8 in cell ucb_top
Note:  Implicit pin Y in instance clkload179 of sky130_fd_sc_hd__clkinv_8 in cell ucb_top
Note:  Implicit pin X in instance clkload180 of sky130_fd_sc_hd__clkbuf_8 in cell ucb_top
Note:  Implicit pin Y in instance clkload181 of sky130_fd_sc_hd__inv_6 in cell ucb_top
Note:  Implicit pin Y in instance clkload182 of sky130_fd_sc_hd__clkinv_4 in cell ucb_top
Note:  Implicit pin Y in instance clkload183 of sky130_fd_sc_hd__clkinv_4 in cell ucb_top
Note:  Implicit pin Y in instance clkload184 of sky130_fd_sc_hd__inv_6 in cell ucb_top
Note:  Implicit pin Y in instance clkload185 of sky130_fd_sc_hd__clkinv_2 in cell ucb_top
Note:  Implicit pin Y in instance clkload186 of sky130_fd_sc_hd__clkinvlp_4 in cell ucb_top
Note:  Implicit pin X in instance clkload187 of sky130_fd_sc_hd__clkbuf_8 in cell ucb_top
Note:  Implicit pin Y in instance clkload188 of sky130_fd_sc_hd__inv_8 in cell ucb_top
Note:  Implicit pin X in instance clkload189 of sky130_fd_sc_hd__clkbuf_8 in cell ucb_top
Note:  Implicit pin Y in instance clkload190 of sky130_fd_sc_hd__clkinv_2 in cell ucb_top
Note:  Implicit pin Y in instance clkload191 of sky130_fd_sc_hd__clkinv_2 in cell ucb_top
Note:  Implicit pin X in instance clkload192 of sky130_fd_sc_hd__clkbuf_8 in cell ucb_top
Note:  Implicit pin Y in instance clkload193 of sky130_fd_sc_hd__inv_6 in cell ucb_top
Note:  Implicit pin Y in instance clkload194 of sky130_fd_sc_hd__clkinv_8 in cell ucb_top
Reading source /tmp/tmprp0gpsm7/repo/verilog/gl/user_project_wrapper.nl.v...
Warning:  A case-insensitive file has been read and so the	verilog file must be treated case-insensitive to match.
Note:  Implicit pin VPWR in instance mprj of ucb_top in cell user_project_wrapper
Note:  Implicit pin VGND in instance mprj of ucb_top in cell user_project_wrapper
Treating empty subcircuits as black-box cells
Generating JSON file result
Will not flatten these subcells: ucb_top

Reading setup file /tmp/tmprp0gpsm7/repo/precheck_results/13_MAY_2026___13_07_21/tmp/sky130A_setup.tcl

Model sky130_fd_pr__res_generic_po pin 1 == 2
No property value found for device sky130_fd_pr__res_generic_po
No property mult found for device sky130_fd_pr__res_generic_po
Model sky130_fd_pr__nfet_01v8 pin 1 == 3
No property mult found for device sky130_fd_pr__nfet_01v8
No property sa found for device sky130_fd_pr__nfet_01v8
No property sb found for device sky130_fd_pr__nfet_01v8
No property sd found for device sky130_fd_pr__nfet_01v8
No property nf found for device sky130_fd_pr__nfet_01v8
No property nrd found for device sky130_fd_pr__nfet_01v8
No property nrs found for device sky130_fd_pr__nfet_01v8
No property area found for device sky130_fd_pr__nfet_01v8
No property perim found for device sky130_fd_pr__nfet_01v8
No property topography found for device sky130_fd_pr__nfet_01v8
Model sky130_fd_pr__pfet_01v8_hvt pin 1 == 3
No property mult found for device sky130_fd_pr__pfet_01v8_hvt
No property sa found for device sky130_fd_pr__pfet_01v8_hvt
No property sb found for device sky130_fd_pr__pfet_01v8_hvt
No property sd found for device sky130_fd_pr__pfet_01v8_hvt
No property nf found for device sky130_fd_pr__pfet_01v8_hvt
No property nrd found for device sky130_fd_pr__pfet_01v8_hvt
No property nrs found for device sky130_fd_pr__pfet_01v8_hvt
No property area found for device sky130_fd_pr__pfet_01v8_hvt
No property perim found for device sky130_fd_pr__pfet_01v8_hvt
No property topography found for device sky130_fd_pr__pfet_01v8_hvt
Model sky130_fd_pr__special_nfet_01v8 pin 1 == 3
No property as found for device sky130_fd_pr__special_nfet_01v8
No property ad found for device sky130_fd_pr__special_nfet_01v8
No property ps found for device sky130_fd_pr__special_nfet_01v8
No property pd found for device sky130_fd_pr__special_nfet_01v8
No property mult found for device sky130_fd_pr__special_nfet_01v8
No property sa found for device sky130_fd_pr__special_nfet_01v8
No property sb found for device sky130_fd_pr__special_nfet_01v8
No property sd found for device sky130_fd_pr__special_nfet_01v8
No property nf found for device sky130_fd_pr__special_nfet_01v8
No property nrd found for device sky130_fd_pr__special_nfet_01v8
No property nrs found for device sky130_fd_pr__special_nfet_01v8
No property area found for device sky130_fd_pr__special_nfet_01v8
No property perim found for device sky130_fd_pr__special_nfet_01v8
No property topography found for device sky130_fd_pr__special_nfet_01v8
Model sky130_fd_pr__special_pfet_01v8_hvt pin 1 == 3
No property as found for device sky130_fd_pr__special_pfet_01v8_hvt
No property ad found for device sky130_fd_pr__special_pfet_01v8_hvt
No property ps found for device sky130_fd_pr__special_pfet_01v8_hvt
No property pd found for device sky130_fd_pr__special_pfet_01v8_hvt
No property mult found for device sky130_fd_pr__special_pfet_01v8_hvt
No property sa found for device sky130_fd_pr__special_pfet_01v8_hvt
No property sb found for device sky130_fd_pr__special_pfet_01v8_hvt
No property sd found for device sky130_fd_pr__special_pfet_01v8_hvt
No property nf found for device sky130_fd_pr__special_pfet_01v8_hvt
No property nrd found for device sky130_fd_pr__special_pfet_01v8_hvt
No property nrs found for device sky130_fd_pr__special_pfet_01v8_hvt
No property area found for device sky130_fd_pr__special_pfet_01v8_hvt
No property perim found for device sky130_fd_pr__special_pfet_01v8_hvt
No property topography found for device sky130_fd_pr__special_pfet_01v8_hvt
No property value found for device sky130_fd_pr__diode_pw2nd_05v5
No property mult found for device sky130_fd_pr__diode_pw2nd_05v5
Flattening instances of user_project_wrapper in file /tmp/tmprp0gpsm7/repo/precheck_results/13_MAY_2026___13_07_21/tmp/ext/user_project_wrapper.gds.spice
Flattening instances of user_project_wrapper in file /opt/pdks/sky130A/libs.ref/sky130_fd_sc_hd/spice/sky130_ef_sc_hd__decap_60_12.spice
Comparison output logged to file /tmp/tmprp0gpsm7/repo/precheck_results/13_MAY_2026___13_07_21/tmp/lvs.report
Logging to file "/tmp/tmprp0gpsm7/repo/precheck_results/13_MAY_2026___13_07_21/tmp/lvs.report" enabled

Contents of circuit 1:  Circuit: 'ucb_top'
Circuit ucb_top contains 0 device instances.
Circuit contains 0 nets, and 35 disconnected pins.
Contents of circuit 2:  Circuit: 'ucb_top'
Circuit ucb_top contains 183670 device instances.
  Class: sky130_fd_pr__nfet_01v8 instances: 82760
  Class: sky130_fd_pr__pfet_01v8_hvt instances: 91437
  Class: sky130_fd_pr__diode_pw2nd_05v5 instances: 927
  Class: sky130_fd_pr__special_nfet_01v8 instances: 8546
Circuit contains 71906 nets.

Circuit ucb_top contains no devices.

Contents of circuit 1:  Circuit: 'user_project_wrapper'
Circuit user_project_wrapper contains 1 device instances.
  Class: ucb_top               instances:   1
Circuit contains 35 nets, and 611 disconnected pins.
Contents of circuit 2:  Circuit: 'user_project_wrapper'
Circuit user_project_wrapper contains 1 device instances.
  Class: ucb_top               instances:   1
Circuit contains 35 nets, and 604 disconnected pins.

Circuit 1 contains 1 devices, Circuit 2 contains 1 devices.
Circuit 1 contains 35 nets,    Circuit 2 contains 35 nets.


Final result: 
Top level cell failed pin matching.

Logging to file "/tmp/tmprp0gpsm7/repo/precheck_results/13_MAY_2026___13_07_21/tmp/lvs.report" disabled
LVS Done.
Notice: LVS completed with these abstracted cells: 
ucb_top contains no devices
END: Wed May 13 13:08:54 2026
Runtime: 0:00:51 (hh:mm:ss)
