2026-05-13 13:07:21 [INFO] Extracting compressed files in: /tmp/tmprp0gpsm7/repo
2026-05-13 13:07:22 [INFO] make uncompress produced 3 gds/*.gds file(s): ucb_top.gds, user_proj_example.gds, user_project_wrapper.gds (make exit 2)
2026-05-13 13:07:22 [INFO] Project type: digital
2026-05-13 13:07:22 [INFO] GDS hash (user_project_wrapper): 9aa1620ebebd9b3715aaff1d8f0dc994cb27a19e
2026-05-13 13:07:22 [INFO] Tools: KLayout v0.29.2 | Magic v8.3.471
2026-05-13 13:07:22 [INFO] PDK: SKY130A unknown
2026-05-13 13:07:22 [INFO] Running 2 checks: [lvs, oeb]
2026-05-13 13:07:22 [INFO] Loading LVS environment from /tmp/tmprp0gpsm7/repo/lvs/user_project_wrapper/lvs_config.json
2026-05-13 13:07:22 [INFO] EXTRACT_FLATGLOB: 
2026-05-13 13:07:22 [INFO] EXTRACT_ABSTRACT: *__fill_* *__fakediode_* *__tapvpwrvgnd_* ucb_top
2026-05-13 13:07:22 [INFO] EXTRACT_CREATE_SUBCUT: 
2026-05-13 13:07:22 [INFO] LVS_FLATTEN: user_project_wrapper
2026-05-13 13:07:22 [INFO] LVS_NOFLATTEN: ucb_top
2026-05-13 13:07:22 [INFO] LVS_IGNORE: 
2026-05-13 13:07:22 [INFO] LVS_SPICE_FILES: /opt/pdks/sky130A/libs.ref/sky130_fd_sc_hd/spice/sky130_ef_sc_hd__decap*.spice /opt/pdks/sky130A/libs.ref/sky130_fd_sc_hd/spice/sky130_fd_sc_hd.spice
2026-05-13 13:07:22 [INFO] LVS_VERILOG_FILES: /tmp/tmprp0gpsm7/repo/verilog/gl/ucb_top.v /tmp/tmprp0gpsm7/repo/verilog/gl/user_project_wrapper.nl.v
2026-05-13 13:07:22 [INFO] LAYOUT_FILE: /tmp/tmprp0gpsm7/repo/gds/user_project_wrapper.gds
2026-05-13 13:07:22 [INFO] Running: run_be_checks --nooeb
2026-05-13 13:07:22 [INFO] LVS output directory: /tmp/tmprp0gpsm7/repo/precheck_results/13_MAY_2026___13_07_21
2026-05-13 13:08:54 [ERROR] LVS FAILED (stat=1), see /tmp/tmprp0gpsm7/repo/precheck_results/13_MAY_2026___13_07_21/logs/LVS_check.log
2026-05-13 13:08:54 [INFO] Loading LVS environment from /tmp/tmprp0gpsm7/repo/lvs/user_project_wrapper/lvs_config.json
2026-05-13 13:08:54 [INFO] EXTRACT_FLATGLOB: 
2026-05-13 13:08:54 [INFO] EXTRACT_ABSTRACT: *__fill_* *__fakediode_* *__tapvpwrvgnd_* ucb_top
2026-05-13 13:08:54 [INFO] EXTRACT_CREATE_SUBCUT: 
2026-05-13 13:08:54 [INFO] LVS_FLATTEN: user_project_wrapper
2026-05-13 13:08:54 [INFO] LVS_NOFLATTEN: ucb_top
2026-05-13 13:08:54 [INFO] LVS_IGNORE: 
2026-05-13 13:08:54 [INFO] LVS_SPICE_FILES: /opt/pdks/sky130A/libs.ref/sky130_fd_sc_hd/spice/sky130_ef_sc_hd__decap*.spice /opt/pdks/sky130A/libs.ref/sky130_fd_sc_hd/spice/sky130_fd_sc_hd.spice
2026-05-13 13:08:54 [INFO] LVS_VERILOG_FILES: /tmp/tmprp0gpsm7/repo/verilog/gl/ucb_top.v /tmp/tmprp0gpsm7/repo/verilog/gl/user_project_wrapper.nl.v
2026-05-13 13:08:54 [INFO] LAYOUT_FILE: /tmp/tmprp0gpsm7/repo/gds/user_project_wrapper.gds
2026-05-13 13:08:54 [INFO] Running: run_oeb_check --noextract
2026-05-13 13:08:54 [INFO] OEB output directory: /tmp/tmprp0gpsm7/repo/precheck_results/13_MAY_2026___13_07_21
2026-05-13 13:08:54 [ERROR] OEB FAILED (stat=6), see /tmp/tmprp0gpsm7/repo/precheck_results/13_MAY_2026___13_07_21/logs/OEB_check.log
