"polygons" in: met_min_ca_density.lydrc:35
    Polygons (raw): 556384 (flat)  50703 (hierarchical)
    Elapsed: 0.060s  Memory: 626.00M
"polygons" in: met_min_ca_density.lydrc:36
    Polygons (raw): 515807 (flat)  50321 (hierarchical)
    Elapsed: 0.060s  Memory: 627.00M
"polygons" in: met_min_ca_density.lydrc:38
    Polygons (raw): 428714 (flat)  240738 (hierarchical)
    Elapsed: 0.240s  Memory: 634.00M
"polygons" in: met_min_ca_density.lydrc:39
    Polygons (raw): 65335 (flat)  65335 (hierarchical)
    Elapsed: 0.070s  Memory: 634.00M
"polygons" in: met_min_ca_density.lydrc:41
    Polygons (raw): 134500 (flat)  134500 (hierarchical)
    Elapsed: 0.130s  Memory: 639.00M
"polygons" in: met_min_ca_density.lydrc:42
    Polygons (raw): 15541 (flat)  15541 (hierarchical)
    Elapsed: 0.030s  Memory: 639.00M
"polygons" in: met_min_ca_density.lydrc:44
    Polygons (raw): 48557 (flat)  48557 (hierarchical)
    Elapsed: 0.070s  Memory: 639.00M
"polygons" in: met_min_ca_density.lydrc:45
    Polygons (raw): 7317 (flat)  7317 (hierarchical)
    Elapsed: 0.020s  Memory: 639.00M
"polygons" in: met_min_ca_density.lydrc:47
    Polygons (raw): 9189 (flat)  9189 (hierarchical)
    Elapsed: 0.020s  Memory: 639.00M
"polygons" in: met_min_ca_density.lydrc:48
    Polygons (raw): 0 (flat)  0 (hierarchical)
    Elapsed: 0.000s  Memory: 639.00M
"polygons" in: met_min_ca_density.lydrc:49
    Polygons (raw): 12637 (flat)  12637 (hierarchical)
    Elapsed: 0.020s  Memory: 639.00M
"polygons" in: met_min_ca_density.lydrc:51
    Polygons (raw): 648 (flat)  648 (hierarchical)
    Elapsed: 0.010s  Memory: 639.00M
"input" in: met_min_ca_density.lydrc:53
    Polygons (raw): 2 (flat)  2 (hierarchical)
    Elapsed: 0.010s  Memory: 639.00M
"area" in: met_min_ca_density.lydrc:55
    Elapsed: 0.020s  Memory: 640.00M
"polygons" in: met_min_ca_density.lydrc:59
    Polygons (raw): 556384 (flat)  50703 (hierarchical)
    Elapsed: 0.060s  Memory: 640.00M
"area" in: met_min_ca_density.lydrc:59
    Elapsed: 3.000s  Memory: 695.00M
li1_ca_density is 0.987828377072307
"polygons" in: met_min_ca_density.lydrc:69
    Polygons (raw): 428714 (flat)  240738 (hierarchical)
    Elapsed: 0.240s  Memory: 697.00M
"area" in: met_min_ca_density.lydrc:69
    Elapsed: 3.230s  Memory: 697.00M
m1_ca_density is 0.9904867946251362
"polygons" in: met_min_ca_density.lydrc:79
    Polygons (raw): 134500 (flat)  134500 (hierarchical)
    Elapsed: 0.160s  Memory: 697.00M
"area" in: met_min_ca_density.lydrc:79
    Elapsed: 0.720s  Memory: 697.00M
m2_ca_density is 0.9949626247494746
"polygons" in: met_min_ca_density.lydrc:89
    Polygons (raw): 48557 (flat)  48557 (hierarchical)
    Elapsed: 0.080s  Memory: 697.00M
"area" in: met_min_ca_density.lydrc:89
    Elapsed: 0.250s  Memory: 697.00M
m3_ca_density is 0.9927521242168041
"polygons" in: met_min_ca_density.lydrc:99
    Polygons (raw): 9189 (flat)  9189 (hierarchical)
    Elapsed: 0.020s  Memory: 697.00M
"area" in: met_min_ca_density.lydrc:99
    Elapsed: 0.070s  Memory: 697.00M
m4_ca_density is 0.8423863971264983
"polygons" in: met_min_ca_density.lydrc:109
    Polygons (raw): 648 (flat)  648 (hierarchical)
    Elapsed: 0.020s  Memory: 697.00M
"area" in: met_min_ca_density.lydrc:109
    Elapsed: 0.020s  Memory: 697.00M
m5_ca_density is 0.8442504380059153
Writing report database: /tmp/tmpjx6tsoga/repo/precheck_results/12_MAY_2026___13_17_35/outputs/reports/klayout_met_min_ca_density_check.xml ..
Total elapsed: 9.250s  Memory: 689.00M
