2026-05-12 13:17:35 [INFO] Extracting compressed files in: /tmp/tmpjx6tsoga/repo
2026-05-12 13:17:35 [INFO] make uncompress produced 2 gds/*.gds file(s): user_proj_example.gds, user_project_wrapper.gds (make exit 2)
2026-05-12 13:17:35 [INFO] Project type: digital
2026-05-12 13:17:35 [INFO] GDS hash (user_project_wrapper): 9d14e8e8c3aee7f824f1be0de563093393d6cc24
2026-05-12 13:17:36 [INFO] Tools: KLayout v0.29.2 | Magic v8.3.471
2026-05-12 13:17:36 [INFO] PDK: SKY130A unknown
2026-05-12 13:17:36 [INFO] Running 13 checks: [topcell_check, gpio_defines, xor, klayout_feol, klayout_beol, klayout_offgrid, klayout_met_min_ca_density, klayout_pin_label_purposes_overlapping_drawing, klayout_zeroarea, spike_check, illegal_cellname_check, lvs, oeb]
2026-05-12 13:17:36 [INFO] Single top cell 'user_project_wrapper' found
2026-05-12 13:17:36 [INFO] GPIO defines: parsing verilog/rtl/user_defines.v
2026-05-12 13:17:37 [INFO] GPIO defines report: /tmp/tmpjx6tsoga/repo/precheck_results/12_MAY_2026___13_17_35/outputs/reports/gpio_defines.report
2026-05-12 13:17:54 [INFO] Total XOR differences: 0
2026-05-12 13:17:54 [INFO] Running: klayout -b -r /usr/local/lib/python3.9/site-packages/cf_precheck/drc_scripts/sky130A_mr.drc -rd input=/tmp/tmpjx6tsoga/repo/gds/user_project_wrapper.gds -rd topcell=user_project_wrapper -rd report=/tmp/tmpjx6tsoga/repo/precheck_results/12_MAY_2026___13_17_35/outputs/reports/klayout_feol_check.xml -rd thr=2 -rd feol=true
2026-05-12 13:18:30 [INFO] No DRC violations found
2026-05-12 13:18:30 [INFO] Running: klayout -b -r /usr/local/lib/python3.9/site-packages/cf_precheck/drc_scripts/sky130A_mr.drc -rd input=/tmp/tmpjx6tsoga/repo/gds/user_project_wrapper.gds -rd topcell=user_project_wrapper -rd report=/tmp/tmpjx6tsoga/repo/precheck_results/12_MAY_2026___13_17_35/outputs/reports/klayout_beol_check.xml -rd thr=2 -rd beol=true
2026-05-12 13:20:29 [INFO] No DRC violations found
2026-05-12 13:20:29 [INFO] Running: klayout -b -r /usr/local/lib/python3.9/site-packages/cf_precheck/drc_scripts/sky130A_mr.drc -rd input=/tmp/tmpjx6tsoga/repo/gds/user_project_wrapper.gds -rd topcell=user_project_wrapper -rd report=/tmp/tmpjx6tsoga/repo/precheck_results/12_MAY_2026___13_17_35/outputs/reports/klayout_offgrid_check.xml -rd thr=2 -rd offgrid=true
2026-05-12 13:20:50 [INFO] No DRC violations found
2026-05-12 13:20:50 [INFO] Running: klayout -b -r /usr/local/lib/python3.9/site-packages/cf_precheck/drc_scripts/met_min_ca_density.lydrc -rd input=/tmp/tmpjx6tsoga/repo/gds/user_project_wrapper.gds -rd topcell=user_project_wrapper -rd report=/tmp/tmpjx6tsoga/repo/precheck_results/12_MAY_2026___13_17_35/outputs/reports/klayout_met_min_ca_density_check.xml -rd thr=2
2026-05-12 13:21:01 [INFO] No DRC violations found
2026-05-12 13:21:01 [INFO] Running: klayout -b -r /usr/local/lib/python3.9/site-packages/cf_precheck/drc_scripts/pin_label_purposes_overlapping_drawing.rb.drc -rd input=/tmp/tmpjx6tsoga/repo/gds/user_project_wrapper.gds -rd topcell=user_project_wrapper -rd report=/tmp/tmpjx6tsoga/repo/precheck_results/12_MAY_2026___13_17_35/outputs/reports/klayout_pin_label_purposes_overlapping_drawing_check.xml -rd thr=2 -rd top_cell_name=user_project_wrapper
2026-05-12 13:21:09 [INFO] No DRC violations found
2026-05-12 13:21:09 [INFO] Running: klayout -b -r /usr/local/lib/python3.9/site-packages/cf_precheck/drc_scripts/zeroarea.rb.drc -rd input=/tmp/tmpjx6tsoga/repo/gds/user_project_wrapper.gds -rd topcell=user_project_wrapper -rd report=/tmp/tmpjx6tsoga/repo/precheck_results/12_MAY_2026___13_17_35/outputs/reports/klayout_zeroarea_check.xml -rd thr=2 -rd cleaned_output=/tmp/tmpjx6tsoga/repo/precheck_results/12_MAY_2026___13_17_35/outputs/user_project_wrapper_no_zero_areas.gds
2026-05-12 13:21:13 [INFO] No DRC violations found
2026-05-12 13:21:13 [INFO] Running: bash /usr/local/lib/python3.9/site-packages/cf_precheck/drc_scripts/gdsArea0 -V -m /tmp/tmpjx6tsoga/repo/precheck_results/12_MAY_2026___13_17_35/outputs/reports/spike_check.xml /tmp/tmpjx6tsoga/repo/gds/user_project_wrapper.gds
2026-05-12 13:21:19 [INFO] No spikes found
2026-05-12 13:21:19 [INFO] Loading LVS environment from /tmp/tmpjx6tsoga/repo/lvs/user_project_wrapper/lvs_config.json
2026-05-12 13:21:19 [INFO] EXTRACT_FLATGLOB: 
2026-05-12 13:21:19 [INFO] EXTRACT_ABSTRACT: *__fill_* *__fakediode_* *__tapvpwrvgnd_*
2026-05-12 13:21:19 [INFO] EXTRACT_CREATE_SUBCUT: 
2026-05-12 13:21:19 [INFO] LVS_FLATTEN: user_project_wrapper
2026-05-12 13:21:19 [INFO] LVS_NOFLATTEN: 
2026-05-12 13:21:19 [INFO] LVS_IGNORE: 
2026-05-12 13:21:19 [INFO] LVS_SPICE_FILES: /opt/pdks/sky130A/libs.ref/sky130_fd_sc_hd/spice/sky130_ef_sc_hd__decap*.spice /opt/pdks/sky130A/libs.ref/sky130_fd_sc_hd/spice/sky130_fd_sc_hd.spice
2026-05-12 13:21:19 [INFO] LVS_VERILOG_FILES: /tmp/tmpjx6tsoga/repo/verilog/gl/ucb_top.v /tmp/tmpjx6tsoga/repo/verilog/gl/user_project_wrapper.nl.v
2026-05-12 13:21:19 [INFO] LAYOUT_FILE: /tmp/tmpjx6tsoga/repo/gds/user_project_wrapper.gds
2026-05-12 13:21:19 [INFO] Running: run_be_checks --nooeb
2026-05-12 13:21:19 [INFO] LVS output directory: /tmp/tmpjx6tsoga/repo/precheck_results/12_MAY_2026___13_17_35
2026-05-12 13:23:32 [ERROR] LVS FAILED (stat=1), see /tmp/tmpjx6tsoga/repo/precheck_results/12_MAY_2026___13_17_35/logs/LVS_check.log
2026-05-12 13:23:32 [INFO] Loading LVS environment from /tmp/tmpjx6tsoga/repo/lvs/user_project_wrapper/lvs_config.json
2026-05-12 13:23:32 [INFO] EXTRACT_FLATGLOB: 
2026-05-12 13:23:32 [INFO] EXTRACT_ABSTRACT: *__fill_* *__fakediode_* *__tapvpwrvgnd_*
2026-05-12 13:23:32 [INFO] EXTRACT_CREATE_SUBCUT: 
2026-05-12 13:23:32 [INFO] LVS_FLATTEN: user_project_wrapper
2026-05-12 13:23:32 [INFO] LVS_NOFLATTEN: 
2026-05-12 13:23:32 [INFO] LVS_IGNORE: 
2026-05-12 13:23:32 [INFO] LVS_SPICE_FILES: /opt/pdks/sky130A/libs.ref/sky130_fd_sc_hd/spice/sky130_ef_sc_hd__decap*.spice /opt/pdks/sky130A/libs.ref/sky130_fd_sc_hd/spice/sky130_fd_sc_hd.spice
2026-05-12 13:23:32 [INFO] LVS_VERILOG_FILES: /tmp/tmpjx6tsoga/repo/verilog/gl/ucb_top.v /tmp/tmpjx6tsoga/repo/verilog/gl/user_project_wrapper.nl.v
2026-05-12 13:23:32 [INFO] LAYOUT_FILE: /tmp/tmpjx6tsoga/repo/gds/user_project_wrapper.gds
2026-05-12 13:23:32 [INFO] Running: run_oeb_check --noextract
2026-05-12 13:23:32 [INFO] OEB output directory: /tmp/tmpjx6tsoga/repo/precheck_results/12_MAY_2026___13_17_35
2026-05-12 13:23:34 [ERROR] OEB FAILED (stat=6), see /tmp/tmpjx6tsoga/repo/precheck_results/12_MAY_2026___13_17_35/logs/OEB_check.log
