CVC: Log output to /tmp/tmpkztbk_dw/repo/precheck_results/12_MAY_2026___12_40_46/tmp_oeb/cvc.oeb.log
CVC: Error output to /tmp/tmpkztbk_dw/repo/precheck_results/12_MAY_2026___12_40_46/tmp_oeb/cvc.oeb.error.gz
CVC: Debug output to /tmp/tmpkztbk_dw/repo/precheck_results/12_MAY_2026___12_40_46/tmp_oeb/cvc.oeb.debug.gz
CVC: Circuit Validation Check  Version 1.1.7
CVC: Start: Tue May 12 12:44:25 2026

Using the following parameters for CVC (Circuit Validation Check) from /tmp/tmpkztbk_dw/repo/precheck_results/12_MAY_2026___12_40_46/tmp_oeb/cvcrc.oeb
CVC_TOP = 'user_project_wrapper'
CVC_NETLIST = '/tmp/tmpkztbk_dw/repo/precheck_results/12_MAY_2026___12_40_46/tmp_oeb/user_project_wrapper.cdl.gz'
CVC_MODE = 'user_project_wrapper'
CVC_MODEL_FILE = '/usr/local/lib/python3.9/site-packages/cf_precheck/be_checks/tech/sky130A/cvc.models'
CVC_POWER_FILE = '/tmp/tmpkztbk_dw/repo/precheck_results/12_MAY_2026___12_40_46/tmp_oeb/cvc.power.user_project_wrapper'
CVC_FUSE_FILE = ''
CVC_REPORT_FILE = '/tmp/tmpkztbk_dw/repo/precheck_results/12_MAY_2026___12_40_46/tmp_oeb/cvc.oeb.log'
CVC_REPORT_TITLE = 'CVC user_project_wrapper'
CVC_CIRCUIT_ERROR_LIMIT = '100'
CVC_SEARCH_LIMIT = '100'
CVC_LEAK_LIMIT = '0.0002'
CVC_SOI = 'false'
CVC_SCRC = 'false'
CVC_VTH_GATES = 'false'
CVC_MIN_VTH_GATES = 'false'
CVC_IGNORE_VTH_FLOATING = 'false'
CVC_IGNORE_NO_LEAK_FLOATING = 'false'
CVC_LEAK_OVERVOLTAGE = 'true'
CVC_LOGIC_DIODES = 'false'
CVC_ANALOG_GATES = 'true'
CVC_BACKUP_RESULTS = 'false'
CVC_MOS_DIODE_ERROR_THRESHOLD = '0'
CVC_SHORT_ERROR_THRESHOLD = '0'
CVC_BIAS_ERROR_THRESHOLD = '0'
CVC_FORWARD_ERROR_THRESHOLD = '0'
CVC_FLOATING_ERROR_THRESHOLD = '0'
CVC_GATE_ERROR_THRESHOLD = '0'
CVC_LEAK?_ERROR_THRESHOLD = '0'
CVC_EXPECTED_ERROR_THRESHOLD = '0'
CVC_OVERVOLTAGE_ERROR_THRESHOLD = '0'
CVC_PARALLEL_CIRCUIT_PORT_LIMIT = '0'
CVC_CELL_ERROR_LIMIT_FILE = ''
CVC_CELL_CHECKSUM_FILE = ''
CVC_LARGE_CIRCUIT_SIZE = '10000000'
CVC_NET_CHECK_FILE = ''
CVC_MODEL_CHECK_FILE = ''
End of parameters

CVC: Reading device model settings...
CVC: Reading power settings...
CVC: Parsing netlist /tmp/tmpkztbk_dw/repo/precheck_results/12_MAY_2026___12_40_46/tmp_oeb/user_project_wrapper.cdl.gz
Cdl fixed data size 1
Usage CDL: Time: 0  Memory: 4784  I/O: 16  Swap: 0
CVC: Counting and linking...
Runtime: 0:00:00 (hh:mm:ss)
