"polygons" in: met_min_ca_density.lydrc:35
    Polygons (raw): 556398 (flat)  50711 (hierarchical)
    Elapsed: 0.060s  Memory: 626.00M
"polygons" in: met_min_ca_density.lydrc:36
    Polygons (raw): 515821 (flat)  50329 (hierarchical)
    Elapsed: 0.050s  Memory: 627.00M
"polygons" in: met_min_ca_density.lydrc:38
    Polygons (raw): 429242 (flat)  241262 (hierarchical)
    Elapsed: 0.240s  Memory: 634.00M
"polygons" in: met_min_ca_density.lydrc:39
    Polygons (raw): 65555 (flat)  65555 (hierarchical)
    Elapsed: 0.070s  Memory: 634.00M
"polygons" in: met_min_ca_density.lydrc:41
    Polygons (raw): 135412 (flat)  135412 (hierarchical)
    Elapsed: 0.130s  Memory: 639.00M
"polygons" in: met_min_ca_density.lydrc:42
    Polygons (raw): 15598 (flat)  15598 (hierarchical)
    Elapsed: 0.030s  Memory: 639.00M
"polygons" in: met_min_ca_density.lydrc:44
    Polygons (raw): 48734 (flat)  48734 (hierarchical)
    Elapsed: 0.080s  Memory: 639.00M
"polygons" in: met_min_ca_density.lydrc:45
    Polygons (raw): 7317 (flat)  7317 (hierarchical)
    Elapsed: 0.020s  Memory: 639.00M
"polygons" in: met_min_ca_density.lydrc:47
    Polygons (raw): 9192 (flat)  9192 (hierarchical)
    Elapsed: 0.030s  Memory: 639.00M
"polygons" in: met_min_ca_density.lydrc:48
    Polygons (raw): 0 (flat)  0 (hierarchical)
    Elapsed: 0.000s  Memory: 639.00M
"polygons" in: met_min_ca_density.lydrc:49
    Polygons (raw): 12635 (flat)  12635 (hierarchical)
    Elapsed: 0.030s  Memory: 639.00M
"polygons" in: met_min_ca_density.lydrc:51
    Polygons (raw): 652 (flat)  652 (hierarchical)
    Elapsed: 0.020s  Memory: 639.00M
"input" in: met_min_ca_density.lydrc:53
    Polygons (raw): 2 (flat)  2 (hierarchical)
    Elapsed: 0.020s  Memory: 639.00M
"area" in: met_min_ca_density.lydrc:55
    Elapsed: 0.020s  Memory: 640.00M
"polygons" in: met_min_ca_density.lydrc:59
    Polygons (raw): 556398 (flat)  50711 (hierarchical)
    Elapsed: 0.050s  Memory: 640.00M
"area" in: met_min_ca_density.lydrc:59
    Elapsed: 2.940s  Memory: 695.00M
li1_ca_density is 0.9878278884651308
"polygons" in: met_min_ca_density.lydrc:69
    Polygons (raw): 429242 (flat)  241262 (hierarchical)
    Elapsed: 0.240s  Memory: 697.00M
"area" in: met_min_ca_density.lydrc:69
    Elapsed: 3.210s  Memory: 697.00M
m1_ca_density is 0.9903519872134768
"polygons" in: met_min_ca_density.lydrc:79
    Polygons (raw): 135412 (flat)  135412 (hierarchical)
    Elapsed: 0.150s  Memory: 697.00M
"area" in: met_min_ca_density.lydrc:79
    Elapsed: 0.710s  Memory: 697.00M
m2_ca_density is 0.9947837845019653
"polygons" in: met_min_ca_density.lydrc:89
    Polygons (raw): 48734 (flat)  48734 (hierarchical)
    Elapsed: 0.080s  Memory: 697.00M
"area" in: met_min_ca_density.lydrc:89
    Elapsed: 0.260s  Memory: 697.00M
m3_ca_density is 0.9926513803631888
"polygons" in: met_min_ca_density.lydrc:99
    Polygons (raw): 9192 (flat)  9192 (hierarchical)
    Elapsed: 0.020s  Memory: 697.00M
"area" in: met_min_ca_density.lydrc:99
    Elapsed: 0.060s  Memory: 697.00M
m4_ca_density is 0.8423002473755643
"polygons" in: met_min_ca_density.lydrc:109
    Polygons (raw): 652 (flat)  652 (hierarchical)
    Elapsed: 0.010s  Memory: 697.00M
"area" in: met_min_ca_density.lydrc:109
    Elapsed: 0.030s  Memory: 697.00M
m5_ca_density is 0.8443007863091532
Writing report database: /tmp/tmpgjvo3b9m/repo/precheck_results/12_MAY_2026___11_48_47/outputs/reports/klayout_met_min_ca_density_check.xml ..
Total elapsed: 9.190s  Memory: 689.00M
