2026-05-13 19:23:19 [INFO] Extracting compressed files in: /tmp/tmpktxzdf_u/repo
2026-05-13 19:23:19 [INFO] make uncompress produced 3 gds/*.gds file(s): ucb_top.gds, user_proj_example.gds, user_project_wrapper.gds (make exit 2)
2026-05-13 19:23:19 [INFO] Project type: digital
2026-05-13 19:23:19 [INFO] GDS hash (user_project_wrapper): 5467cb04d741f17f0934c3ce140e0769d9f1a99c
2026-05-13 19:23:19 [INFO] Tools: KLayout v0.29.2 | Magic v8.3.471
2026-05-13 19:23:19 [INFO] PDK: SKY130A unknown
2026-05-13 19:23:19 [INFO] Running 2 checks: [lvs, oeb]
2026-05-13 19:23:19 [INFO] Loading LVS environment from /tmp/tmpktxzdf_u/repo/lvs/user_project_wrapper/lvs_config.json
2026-05-13 19:23:19 [INFO] EXTRACT_FLATGLOB: 
2026-05-13 19:23:19 [INFO] EXTRACT_ABSTRACT: *__fill_* *__fakediode_* *__tapvpwrvgnd_*
2026-05-13 19:23:19 [INFO] EXTRACT_CREATE_SUBCUT: 
2026-05-13 19:23:19 [INFO] LVS_FLATTEN: 
2026-05-13 19:23:19 [INFO] LVS_NOFLATTEN: 
2026-05-13 19:23:19 [INFO] LVS_IGNORE: 
2026-05-13 19:23:19 [INFO] LVS_SPICE_FILES: /opt/pdks/sky130A/libs.ref/sky130_fd_sc_hd/spice/sky130_ef_sc_hd__decap*.spice /opt/pdks/sky130A/libs.ref/sky130_fd_sc_hd/spice/sky130_fd_sc_hd.spice
2026-05-13 19:23:19 [INFO] LVS_VERILOG_FILES: /tmp/tmpktxzdf_u/repo/verilog/gl/ucb_top.v /tmp/tmpktxzdf_u/repo/verilog/gl/user_project_wrapper.v
2026-05-13 19:23:19 [INFO] LAYOUT_FILE: /tmp/tmpktxzdf_u/repo/gds/user_project_wrapper.gds
2026-05-13 19:23:19 [INFO] Running: run_be_checks --nooeb
2026-05-13 19:23:19 [INFO] LVS output directory: /tmp/tmpktxzdf_u/repo/precheck_results/13_MAY_2026___19_23_19
2026-05-13 19:25:07 [ERROR] LVS FAILED (stat=1), see /tmp/tmpktxzdf_u/repo/precheck_results/13_MAY_2026___19_23_19/logs/LVS_check.log
2026-05-13 19:25:07 [INFO] Loading LVS environment from /tmp/tmpktxzdf_u/repo/lvs/user_project_wrapper/lvs_config.json
2026-05-13 19:25:07 [INFO] EXTRACT_FLATGLOB: 
2026-05-13 19:25:07 [INFO] EXTRACT_ABSTRACT: *__fill_* *__fakediode_* *__tapvpwrvgnd_*
2026-05-13 19:25:07 [INFO] EXTRACT_CREATE_SUBCUT: 
2026-05-13 19:25:07 [INFO] LVS_FLATTEN: 
2026-05-13 19:25:07 [INFO] LVS_NOFLATTEN: 
2026-05-13 19:25:07 [INFO] LVS_IGNORE: 
2026-05-13 19:25:07 [INFO] LVS_SPICE_FILES: /opt/pdks/sky130A/libs.ref/sky130_fd_sc_hd/spice/sky130_ef_sc_hd__decap*.spice /opt/pdks/sky130A/libs.ref/sky130_fd_sc_hd/spice/sky130_fd_sc_hd.spice
2026-05-13 19:25:07 [INFO] LVS_VERILOG_FILES: /tmp/tmpktxzdf_u/repo/verilog/gl/ucb_top.v /tmp/tmpktxzdf_u/repo/verilog/gl/user_project_wrapper.v
2026-05-13 19:25:07 [INFO] LAYOUT_FILE: /tmp/tmpktxzdf_u/repo/gds/user_project_wrapper.gds
2026-05-13 19:25:07 [INFO] Running: run_oeb_check --noextract
2026-05-13 19:25:07 [INFO] OEB output directory: /tmp/tmpktxzdf_u/repo/precheck_results/13_MAY_2026___19_23_19
2026-05-13 19:25:08 [ERROR] OEB FAILED (stat=6), see /tmp/tmpktxzdf_u/repo/precheck_results/13_MAY_2026___19_23_19/logs/OEB_check.log
