2026-05-12 15:28:28 [INFO] Extracting compressed files in: /tmp/tmpnpfixq1g/repo
2026-05-12 15:28:28 [INFO] make uncompress produced 2 gds/*.gds file(s): user_proj_example.gds, user_project_wrapper.gds (make exit 2)
2026-05-12 15:28:28 [INFO] Project type: digital
2026-05-12 15:28:28 [INFO] GDS hash (user_project_wrapper): 595119ebb519648d515fc44bd76d3fd528864259
2026-05-12 15:28:28 [INFO] Tools: KLayout v0.29.2 | Magic v8.3.471
2026-05-12 15:28:28 [INFO] PDK: SKY130A unknown
2026-05-12 15:28:28 [INFO] Running 13 checks: [topcell_check, gpio_defines, xor, klayout_feol, klayout_beol, klayout_offgrid, klayout_met_min_ca_density, klayout_pin_label_purposes_overlapping_drawing, klayout_zeroarea, spike_check, illegal_cellname_check, lvs, oeb]
2026-05-12 15:28:28 [INFO] Single top cell 'user_project_wrapper' found
2026-05-12 15:28:28 [INFO] GPIO defines: parsing verilog/rtl/user_defines.v
2026-05-12 15:28:30 [INFO] GPIO defines report: /tmp/tmpnpfixq1g/repo/precheck_results/12_MAY_2026___15_28_28/outputs/reports/gpio_defines.report
2026-05-12 15:28:47 [INFO] Total XOR differences: 0
2026-05-12 15:28:47 [INFO] Running: klayout -b -r /usr/local/lib/python3.9/site-packages/cf_precheck/drc_scripts/sky130A_mr.drc -rd input=/tmp/tmpnpfixq1g/repo/gds/user_project_wrapper.gds -rd topcell=user_project_wrapper -rd report=/tmp/tmpnpfixq1g/repo/precheck_results/12_MAY_2026___15_28_28/outputs/reports/klayout_feol_check.xml -rd thr=2 -rd feol=true
2026-05-12 15:29:24 [INFO] No DRC violations found
2026-05-12 15:29:24 [INFO] Running: klayout -b -r /usr/local/lib/python3.9/site-packages/cf_precheck/drc_scripts/sky130A_mr.drc -rd input=/tmp/tmpnpfixq1g/repo/gds/user_project_wrapper.gds -rd topcell=user_project_wrapper -rd report=/tmp/tmpnpfixq1g/repo/precheck_results/12_MAY_2026___15_28_28/outputs/reports/klayout_beol_check.xml -rd thr=2 -rd beol=true
2026-05-12 15:31:23 [INFO] No DRC violations found
2026-05-12 15:31:23 [INFO] Running: klayout -b -r /usr/local/lib/python3.9/site-packages/cf_precheck/drc_scripts/sky130A_mr.drc -rd input=/tmp/tmpnpfixq1g/repo/gds/user_project_wrapper.gds -rd topcell=user_project_wrapper -rd report=/tmp/tmpnpfixq1g/repo/precheck_results/12_MAY_2026___15_28_28/outputs/reports/klayout_offgrid_check.xml -rd thr=2 -rd offgrid=true
2026-05-12 15:31:45 [INFO] No DRC violations found
2026-05-12 15:31:45 [INFO] Running: klayout -b -r /usr/local/lib/python3.9/site-packages/cf_precheck/drc_scripts/met_min_ca_density.lydrc -rd input=/tmp/tmpnpfixq1g/repo/gds/user_project_wrapper.gds -rd topcell=user_project_wrapper -rd report=/tmp/tmpnpfixq1g/repo/precheck_results/12_MAY_2026___15_28_28/outputs/reports/klayout_met_min_ca_density_check.xml -rd thr=2
2026-05-12 15:31:56 [INFO] No DRC violations found
2026-05-12 15:31:56 [INFO] Running: klayout -b -r /usr/local/lib/python3.9/site-packages/cf_precheck/drc_scripts/pin_label_purposes_overlapping_drawing.rb.drc -rd input=/tmp/tmpnpfixq1g/repo/gds/user_project_wrapper.gds -rd topcell=user_project_wrapper -rd report=/tmp/tmpnpfixq1g/repo/precheck_results/12_MAY_2026___15_28_28/outputs/reports/klayout_pin_label_purposes_overlapping_drawing_check.xml -rd thr=2 -rd top_cell_name=user_project_wrapper
2026-05-12 15:32:03 [INFO] No DRC violations found
2026-05-12 15:32:03 [INFO] Running: klayout -b -r /usr/local/lib/python3.9/site-packages/cf_precheck/drc_scripts/zeroarea.rb.drc -rd input=/tmp/tmpnpfixq1g/repo/gds/user_project_wrapper.gds -rd topcell=user_project_wrapper -rd report=/tmp/tmpnpfixq1g/repo/precheck_results/12_MAY_2026___15_28_28/outputs/reports/klayout_zeroarea_check.xml -rd thr=2 -rd cleaned_output=/tmp/tmpnpfixq1g/repo/precheck_results/12_MAY_2026___15_28_28/outputs/user_project_wrapper_no_zero_areas.gds
2026-05-12 15:32:08 [INFO] No DRC violations found
2026-05-12 15:32:08 [INFO] Running: bash /usr/local/lib/python3.9/site-packages/cf_precheck/drc_scripts/gdsArea0 -V -m /tmp/tmpnpfixq1g/repo/precheck_results/12_MAY_2026___15_28_28/outputs/reports/spike_check.xml /tmp/tmpnpfixq1g/repo/gds/user_project_wrapper.gds
2026-05-12 15:32:14 [INFO] No spikes found
2026-05-12 15:32:14 [INFO] Loading LVS environment from /tmp/tmpnpfixq1g/repo/lvs/user_project_wrapper/lvs_config.json
2026-05-12 15:32:14 [INFO] EXTRACT_FLATGLOB: 
2026-05-12 15:32:14 [INFO] EXTRACT_ABSTRACT: *__fill_* *__fakediode_* *__tapvpwrvgnd_*
2026-05-12 15:32:14 [INFO] EXTRACT_CREATE_SUBCUT: 
2026-05-12 15:32:14 [INFO] LVS_FLATTEN: user_project_wrapper
2026-05-12 15:32:14 [INFO] LVS_NOFLATTEN: 
2026-05-12 15:32:14 [INFO] LVS_IGNORE: 
2026-05-12 15:32:14 [INFO] LVS_SPICE_FILES: /opt/pdks/sky130A/libs.ref/sky130_fd_sc_hd/spice/sky130_ef_sc_hd__decap*.spice /opt/pdks/sky130A/libs.ref/sky130_fd_sc_hd/spice/sky130_fd_sc_hd.spice
2026-05-12 15:32:14 [INFO] LVS_VERILOG_FILES: /tmp/tmpnpfixq1g/repo/verilog/gl/ucb_top.v /tmp/tmpnpfixq1g/repo/verilog/gl/user_project_wrapper.nl.v
2026-05-12 15:32:14 [INFO] LAYOUT_FILE: /tmp/tmpnpfixq1g/repo/gds/user_project_wrapper.gds
2026-05-12 15:32:14 [INFO] Running: run_be_checks --nooeb
2026-05-12 15:32:14 [INFO] LVS output directory: /tmp/tmpnpfixq1g/repo/precheck_results/12_MAY_2026___15_28_28
2026-05-12 15:34:12 [WARNING] ERC check failed (stat=4), see /tmp/tmpnpfixq1g/repo/precheck_results/12_MAY_2026___15_28_28/logs/LVS_check.log
2026-05-12 15:34:12 [INFO] Loading LVS environment from /tmp/tmpnpfixq1g/repo/lvs/user_project_wrapper/lvs_config.json
2026-05-12 15:34:12 [INFO] EXTRACT_FLATGLOB: 
2026-05-12 15:34:12 [INFO] EXTRACT_ABSTRACT: *__fill_* *__fakediode_* *__tapvpwrvgnd_*
2026-05-12 15:34:12 [INFO] EXTRACT_CREATE_SUBCUT: 
2026-05-12 15:34:12 [INFO] LVS_FLATTEN: user_project_wrapper
2026-05-12 15:34:12 [INFO] LVS_NOFLATTEN: 
2026-05-12 15:34:12 [INFO] LVS_IGNORE: 
2026-05-12 15:34:12 [INFO] LVS_SPICE_FILES: /opt/pdks/sky130A/libs.ref/sky130_fd_sc_hd/spice/sky130_ef_sc_hd__decap*.spice /opt/pdks/sky130A/libs.ref/sky130_fd_sc_hd/spice/sky130_fd_sc_hd.spice
2026-05-12 15:34:12 [INFO] LVS_VERILOG_FILES: /tmp/tmpnpfixq1g/repo/verilog/gl/ucb_top.v /tmp/tmpnpfixq1g/repo/verilog/gl/user_project_wrapper.nl.v
2026-05-12 15:34:12 [INFO] LAYOUT_FILE: /tmp/tmpnpfixq1g/repo/gds/user_project_wrapper.gds
2026-05-12 15:34:12 [INFO] Running: run_oeb_check --noextract
2026-05-12 15:34:12 [INFO] OEB output directory: /tmp/tmpnpfixq1g/repo/precheck_results/12_MAY_2026___15_28_28
2026-05-12 15:34:13 [ERROR] OEB FAILED (stat=6), see /tmp/tmpnpfixq1g/repo/precheck_results/12_MAY_2026___15_28_28/logs/OEB_check.log
