CVC: Log output to /tmp/tmpdjsgq6t1/repo/precheck_results/12_MAY_2026___11_32_07/tmp_oeb/cvc.oeb.log
CVC: Error output to /tmp/tmpdjsgq6t1/repo/precheck_results/12_MAY_2026___11_32_07/tmp_oeb/cvc.oeb.error.gz
CVC: Debug output to /tmp/tmpdjsgq6t1/repo/precheck_results/12_MAY_2026___11_32_07/tmp_oeb/cvc.oeb.debug.gz
CVC: Circuit Validation Check  Version 1.1.7
CVC: Start: Tue May 12 11:37:57 2026

Using the following parameters for CVC (Circuit Validation Check) from /tmp/tmpdjsgq6t1/repo/precheck_results/12_MAY_2026___11_32_07/tmp_oeb/cvcrc.oeb
CVC_TOP = 'user_project_wrapper'
CVC_NETLIST = '/tmp/tmpdjsgq6t1/repo/precheck_results/12_MAY_2026___11_32_07/tmp_oeb/user_project_wrapper.cdl.gz'
CVC_MODE = 'user_project_wrapper'
CVC_MODEL_FILE = '/usr/local/lib/python3.9/site-packages/cf_precheck/be_checks/tech/sky130A/cvc.models'
CVC_POWER_FILE = '/tmp/tmpdjsgq6t1/repo/precheck_results/12_MAY_2026___11_32_07/tmp_oeb/cvc.power.user_project_wrapper'
CVC_FUSE_FILE = ''
CVC_REPORT_FILE = '/tmp/tmpdjsgq6t1/repo/precheck_results/12_MAY_2026___11_32_07/tmp_oeb/cvc.oeb.log'
CVC_REPORT_TITLE = 'CVC user_project_wrapper'
CVC_CIRCUIT_ERROR_LIMIT = '100'
CVC_SEARCH_LIMIT = '100'
CVC_LEAK_LIMIT = '0.0002'
CVC_SOI = 'false'
CVC_SCRC = 'false'
CVC_VTH_GATES = 'false'
CVC_MIN_VTH_GATES = 'false'
CVC_IGNORE_VTH_FLOATING = 'false'
CVC_IGNORE_NO_LEAK_FLOATING = 'false'
CVC_LEAK_OVERVOLTAGE = 'true'
CVC_LOGIC_DIODES = 'false'
CVC_ANALOG_GATES = 'true'
CVC_BACKUP_RESULTS = 'false'
CVC_MOS_DIODE_ERROR_THRESHOLD = '0'
CVC_SHORT_ERROR_THRESHOLD = '0'
CVC_BIAS_ERROR_THRESHOLD = '0'
CVC_FORWARD_ERROR_THRESHOLD = '0'
CVC_FLOATING_ERROR_THRESHOLD = '0'
CVC_GATE_ERROR_THRESHOLD = '0'
CVC_LEAK?_ERROR_THRESHOLD = '0'
CVC_EXPECTED_ERROR_THRESHOLD = '0'
CVC_OVERVOLTAGE_ERROR_THRESHOLD = '0'
CVC_PARALLEL_CIRCUIT_PORT_LIMIT = '0'
CVC_CELL_ERROR_LIMIT_FILE = ''
CVC_CELL_CHECKSUM_FILE = ''
CVC_LARGE_CIRCUIT_SIZE = '10000000'
CVC_NET_CHECK_FILE = ''
CVC_MODEL_CHECK_FILE = ''
End of parameters

CVC: Reading device model settings...
CVC: Reading power settings...
CVC: Parsing netlist /tmp/tmpdjsgq6t1/repo/precheck_results/12_MAY_2026___11_32_07/tmp_oeb/user_project_wrapper.cdl.gz
Cdl fixed data size 826674
Usage CDL: Time: 0  Memory: 28488  I/O: 8  Swap: 0
CVC: Counting and linking...
CVC: Assigning IDs ...
Usage DB: Time: 0  Memory: 33768  I/O: 8  Swap: 0
CVC: 42767(42767) instances, 73071(73071) nets, 159571(159571) devices.
CVC: Setting models ...
Setting model tolerances...

> c 6
CVC: Shorting switches...
	Shorted 231 short
	Shorted 0 sky130_fd_pr__res_generic_l1
	Shorted 0 sky130_fd_pr__res_generic_m1
	Shorted 0 sky130_fd_pr__res_generic_m2
	Shorted 0 sky130_fd_pr__res_generic_m3
	Shorted 0 sky130_fd_pr__res_generic_m4
	Shorted 0 sky130_fd_pr__res_generic_m5
Setting instance power...

ModelList> filename /usr/local/lib/python3.9/site-packages/cf_precheck/be_checks/tech/sky130A/cvc.models
 Model> sky130_fd_pr__cap_mim_m3_1         0 C->capacitor  Parameters>
 Model> sky130_fd_pr__cap_mim_m3_2         0 C->capacitor  Parameters>
 Model> sky130_fd_pr__cap_var         0 C->capacitor  Parameters>
 Model> sky130_fd_pr__cap_var_lvt         0 C->capacitor  Parameters>
 Model> condiode           0 D->diode      Parameters> Diodes> 1-2
 Model> sky130_fd_pr__diode_pd2nw_05v5         0 D->diode      Parameters> Diodes> 1-2
 Model> sky130_fd_pr__diode_pd2nw_05v5_lvt         0 D->diode      Parameters> Diodes> 1-2
 Model> sky130_fd_pr__diode_pd2nw_11v0         0 D->diode      Parameters> Diodes> 1-2
 Model> sky130_fd_pr__diode_pw2nd_05v5      9768 D->diode      Parameters> Diodes> 1-2
 Model> sky130_fd_pr__diode_pw2nd_05v5_lvt         0 D->diode      Parameters> Diodes> 1-2
 Model> sky130_fd_pr__diode_pw2nd_05v5_nvt         0 D->diode      Parameters> Diodes> 1-2
 Model> sky130_fd_pr__diode_pw2nd_11v0         0 D->diode      Parameters> Diodes> 1-2
 Model> sky130_fd_pr__model__parasitic__diode_ps2dn         0 D->diode      Parameters> Diodes> 1-2
 Model> sky130_fd_pr__model__parasitic__diode_ps2nw         0 D->diode      Parameters> Diodes> 1-2
 Model> sky130_fd_pr__model__parasitic__diode_pw2dn         0 D->diode      Parameters> Diodes> 1-2
 Model> nfet_01v8          0 M->nmos       Parameters> Vth=0.2 Vds=1.8 Vgs=1.8 R=L/W*7000 Diodes> 4-1 4-3
 Model> pfet_01v8_hvt         0 M->pmos       Parameters> Vth=-0.2 Vds=1.8 Vgs=1.8 R=L/W*7000 Diodes> 1-4 3-4
 Model> sky130_fd_bs_flash__special_sonosfet_star         0 M->nmos       Parameters> Vth=0.2 R=L/W*7000 Diodes> 4-1 4-3
 Model> sky130_fd_pr__esd_nfet_g5v0d10v5         0 M->nmos       Parameters> Vth=0.2 R=L/W*7000 Diodes> 4-1 4-3
 Model> sky130_fd_pr__nfet_01v8     66296 M->nmos       Parameters> Vth=0.2 Vds=1.8 Vgs=1.8 R=L/W*7000 Diodes> 4-1 4-3
 Model> sky130_fd_pr__nfet_01v8_lvt         0 M->nmos       Parameters> Vth=0.1 Vds=1.8 Vgs=1.8 R=L/W*7000 Diodes> 4-1 4-3
 Model> sky130_fd_pr__nfet_03v3_nvt         0 M->nmos       Parameters> Vth=0.2 Vds=3.3 Vgs=3.3 R=L/W*7000 Diodes> 4-1 4-3
 Model> sky130_fd_pr__nfet_05v0_nvt         0 M->nmos       Parameters> Vth=0.2 R=L/W*7000 Diodes> 4-1 4-3
 Model> sky130_fd_pr__nfet_g5v0d10v5         0 M->nmos       Parameters> Vth=0.2 R=L/W*7000 Diodes> 4-1 4-3
 Model> sky130_fd_pr__pfet_01v8         0 M->pmos       Parameters> Vth=-0.2 Vds=1.8 Vgs=1.8 R=L/W*7000 Diodes> 1-4 3-4
 Model> sky130_fd_pr__pfet_01v8_hvt     74726 M->pmos       Parameters> Vth=-0.3 Vds=1.8 Vgs=1.8 R=L/W*7000 Diodes> 1-4 3-4
 Model> sky130_fd_pr__pfet_01v8_lvt         0 M->pmos       Parameters> Vth=-0.1 Vds=1.8 Vgs=1.8 R=L/W*7000 Diodes> 1-4 3-4
 Model> sky130_fd_pr__pfet_g5v0d10v5         0 M->pmos       Parameters> Vth=-0.2 R=L/W*7000 Diodes> 1-4 3-4
 Model> sky130_fd_pr__special_nfet_01v8      8546 M->nmos       Parameters> Vth=0.2 Vds=1.8 Vgs=1.8 R=L/W*7000 Diodes> 4-1 4-3
 Model> sky130_fd_pr__special_nfet_latch         0 M->nmos       Parameters> Vth=0.2 Vds=1.8 Vgs=1.8 R=L/W*7000 Diodes> 4-1 4-3
 Model> sky130_fd_pr__special_nfet_pass         0 M->nmos       Parameters> Vth=0.2 Vds=1.8 Vgs=1.8 R=L/W*7000 Diodes> 4-1 4-3
 Model> sky130_fd_pr__special_pfet_01v8_hvt         0 M->pmos       Parameters> Vth=-0.3 Vds=1.8 Vgs=1.8 R=L/W*7000 Diodes> 1-4 3-4
 Model> sky130_fd_pr__special_pfet_latch         0 M->pmos       Parameters> Vth=-0.2 Vds=1.8 Vgs=1.8 R=L/W*7000 Diodes> 1-4 3-4
 Model> sky130_fd_pr__special_pfet_pass         0 M->pmos       Parameters> Vth=-0.2 Vds=1.8 Vgs=1.8 R=L/W*7000 Diodes> 1-4 3-4
 Model> sky130_fd_pr__npn_11v0         0 Q->bipolar    Parameters>
 Model> sky130_fd_pr__npn_11v0_W1p00L1p00         0 Q->bipolar    Parameters>
 Model> sky130_fd_pr__pnp_05v5         0 Q->bipolar    Parameters>
 Model> sky130_fd_pr__pnp_05v5_W0p68L0p68         0 Q->bipolar    Parameters>
 Model> sky130_fd_pr__pnp_05v5_W3p40L3p40         0 Q->bipolar    Parameters>
 Model> short            231 R->switch_on  Parameters>
 Model> sky130_fd_pr__res_generic_l1         0 R->switch_on  Parameters>
 Model> sky130_fd_pr__res_generic_m1         0 R->switch_on  Parameters>
 Model> sky130_fd_pr__res_generic_m2         0 R->switch_on  Parameters>
 Model> sky130_fd_pr__res_generic_m3         0 R->switch_on  Parameters>
 Model> sky130_fd_pr__res_generic_m4         0 R->switch_on  Parameters>
 Model> sky130_fd_pr__res_generic_m5         0 R->switch_on  Parameters>
 Model> sky130_fd_pr__res_generic_nd         0 R->resistor   Parameters> R=l/w*120
 Model> sky130_fd_pr__res_generic_nd__hv         0 R->resistor   Parameters> R=l/w*114
 Model> sky130_fd_pr__res_generic_pd         0 R->resistor   Parameters> R=l/w*197
 Model> sky130_fd_pr__res_generic_pd__hv         0 R->resistor   Parameters> R=l/w*191
 Model> sky130_fd_pr__res_generic_po         4 R->resistor   Parameters> R=l/w*48
 Model> sky130_fd_pr__res_high_po         0 R->resistor   Parameters> R=l/w*300
 Model> sky130_fd_pr__res_high_po_0p35         0 R->resistor   Parameters> R=l/0.35*300
 Model> sky130_fd_pr__res_high_po_0p69         0 R->resistor   Parameters> R=l/0.69*300
 Model> sky130_fd_pr__res_high_po_1p41         0 R->resistor   Parameters> R=l/1.41*300
 Model> sky130_fd_pr__res_high_po_2p85         0 R->resistor   Parameters> R=l/2.85*300
 Model> sky130_fd_pr__res_high_po_5p73         0 R->resistor   Parameters> R=l/5.73*300
 Model> sky130_fd_pr__res_iso_pw         0 R->resistor   Parameters> R=l/w*4400
 Model> sky130_fd_pr__res_xhigh_po         0 R->resistor   Parameters> R=l/w*2000
 Model> sky130_fd_pr__res_xhigh_po_0p35         0 R->resistor   Parameters> R=l/0.35*2000
 Model> sky130_fd_pr__res_xhigh_po_0p69         0 R->resistor   Parameters> R=l/0.69*2000
 Model> sky130_fd_pr__res_xhigh_po_1p41         0 R->resistor   Parameters> R=l/1.41*2000
 Model> sky130_fd_pr__res_xhigh_po_2p85         0 R->resistor   Parameters> R=l/2.85*2000
 Model> sky130_fd_pr__res_xhigh_po_5p73         0 R->resistor   Parameters> R=l/5.73*2000
ModelList> end

Power List> filename /tmp/tmpdjsgq6t1/repo/precheck_results/12_MAY_2026___11_32_07/tmp_oeb/cvc.power.user_project_wrapper
vccd* power 1.8
 ->vccd1 power 1.8 -> 1.8 power
 ->vccd2 power 1.8 -> 1.8 power
vdda* power 3.3
 ->vdda1 power 3.3 -> 3.3 power
 ->vdda2 power 3.3 -> 3.3 power
vssa* power 0.0
 ->vssa1 power 0.0 -> 0.0 power
 ->vssa2 power 0.0 -> 0.0 power
vssd* power 0.0
 ->vssd1 power 0.0 -> 0.0 power
 ->vssd2 power 0.0 -> 0.0 power
 user_clock2 input min@0.0 max@1.8 -> min@0.0 max@1.8 input
 wb_clk_i input min@0.0 max@1.8 -> min@0.0 max@1.8 input
 wb_rst_i input min@0.0 max@1.8 -> min@0.0 max@1.8 input
 wbs_cyc_i input min@0.0 max@1.8 -> min@0.0 max@1.8 input
 wbs_stb_i input min@0.0 max@1.8 -> min@0.0 max@1.8 input
 wbs_we_i input min@0.0 max@1.8 -> min@0.0 max@1.8 input
io_in[*] input min@0.0 max@1.8
 ->io_in[0] input min@0.0 max@1.8 -> min@0.0 max@1.8 input
 ->io_in[10] input min@0.0 max@1.8 -> min@0.0 max@1.8 input
 ->io_in[11] input min@0.0 max@1.8 -> min@0.0 max@1.8 input
 ->io_in[12] input min@0.0 max@1.8 -> min@0.0 max@1.8 input
 ->io_in[13] input min@0.0 max@1.8 -> min@0.0 max@1.8 input
 ->io_in[14] input min@0.0 max@1.8 -> min@0.0 max@1.8 input
 ->io_in[15] input min@0.0 max@1.8 -> min@0.0 max@1.8 input
 ->io_in[16] input min@0.0 max@1.8 -> min@0.0 max@1.8 input
 ->io_in[17] input min@0.0 max@1.8 -> min@0.0 max@1.8 input
 ->io_in[18] input min@0.0 max@1.8 -> min@0.0 max@1.8 input
 ->io_in[19] input min@0.0 max@1.8 -> min@0.0 max@1.8 input
 ->io_in[1] input min@0.0 max@1.8 -> min@0.0 max@1.8 input
 ->io_in[20] input min@0.0 max@1.8 -> min@0.0 max@1.8 input
 ->io_in[21] input min@0.0 max@1.8 -> min@0.0 max@1.8 input
 ->io_in[22] input min@0.0 max@1.8 -> min@0.0 max@1.8 input
 ->io_in[23] input min@0.0 max@1.8 -> min@0.0 max@1.8 input
 ->io_in[24] input min@0.0 max@1.8 -> min@0.0 max@1.8 input
 ->io_in[25] input min@0.0 max@1.8 -> min@0.0 max@1.8 input
 ->io_in[26] input min@0.0 max@1.8 -> min@0.0 max@1.8 input
 ->io_in[27] input min@0.0 max@1.8 -> min@0.0 max@1.8 input
 ->io_in[28] input min@0.0 max@1.8 -> min@0.0 max@1.8 input
 ->io_in[29] input min@0.0 max@1.8 -> min@0.0 max@1.8 input
 ->io_in[2] input min@0.0 max@1.8 -> min@0.0 max@1.8 input
 ->io_in[30] input min@0.0 max@1.8 -> min@0.0 max@1.8 input
 ->io_in[31] input min@0.0 max@1.8 -> min@0.0 max@1.8 input
 ->io_in[32] input min@0.0 max@1.8 -> min@0.0 max@1.8 input
 ->io_in[33] input min@0.0 max@1.8 -> min@0.0 max@1.8 input
 ->io_in[34] input min@0.0 max@1.8 -> min@0.0 max@1.8 input
 ->io_in[35] input min@0.0 max@1.8 -> min@0.0 max@1.8 input
 ->io_in[36] input min@0.0 max@1.8 -> min@0.0 max@1.8 input
 ->io_in[37] input min@0.0 max@1.8 -> min@0.0 max@1.8 input
 ->io_in[3] input min@0.0 max@1.8 -> min@0.0 max@1.8 input
 ->io_in[4] input min@0.0 max@1.8 -> min@0.0 max@1.8 input
 ->io_in[5] input min@0.0 max@1.8 -> min@0.0 max@1.8 input
 ->io_in[6] input min@0.0 max@1.8 -> min@0.0 max@1.8 input
 ->io_in[7] input min@0.0 max@1.8 -> min@0.0 max@1.8 input
 ->io_in[8] input min@0.0 max@1.8 -> min@0.0 max@1.8 input
 ->io_in[9] input min@0.0 max@1.8 -> min@0.0 max@1.8 input
la_data_in[*] input min@0.0 max@1.8
 ->la_data_in[0] input min@0.0 max@1.8 -> min@0.0 max@1.8 input
 ->la_data_in[100] input min@0.0 max@1.8 -> min@0.0 max@1.8 input
 ->la_data_in[101] input min@0.0 max@1.8 -> min@0.0 max@1.8 input
 ->la_data_in[102] input min@0.0 max@1.8 -> min@0.0 max@1.8 input
 ->la_data_in[103] input min@0.0 max@1.8 -> min@0.0 max@1.8 input
 ->la_data_in[104] input min@0.0 max@1.8 -> min@0.0 max@1.8 input
 ->la_data_in[105] input min@0.0 max@1.8 -> min@0.0 max@1.8 input
 ->la_data_in[106] input min@0.0 max@1.8 -> min@0.0 max@1.8 input
 ->la_data_in[107] input min@0.0 max@1.8 -> min@0.0 max@1.8 input
 ->la_data_in[108] input min@0.0 max@1.8 -> min@0.0 max@1.8 input
 ->la_data_in[109] input min@0.0 max@1.8 -> min@0.0 max@1.8 input
 ->la_data_in[10] input min@0.0 max@1.8 -> min@0.0 max@1.8 input
 ->la_data_in[110] input min@0.0 max@1.8 -> min@0.0 max@1.8 input
 ->la_data_in[111] input min@0.0 max@1.8 -> min@0.0 max@1.8 input
 ->la_data_in[112] input min@0.0 max@1.8 -> min@0.0 max@1.8 input
 ->la_data_in[113] input min@0.0 max@1.8 -> min@0.0 max@1.8 input
 ->la_data_in[114] input min@0.0 max@1.8 -> min@0.0 max@1.8 input
 ->la_data_in[115] input min@0.0 max@1.8 -> min@0.0 max@1.8 input
 ->la_data_in[116] input min@0.0 max@1.8 -> min@0.0 max@1.8 input
 ->la_data_in[117] input min@0.0 max@1.8 -> min@0.0 max@1.8 input
 ->la_data_in[118] input min@0.0 max@1.8 -> min@0.0 max@1.8 input
 ->la_data_in[119] input min@0.0 max@1.8 -> min@0.0 max@1.8 input
 ->la_data_in[11] input min@0.0 max@1.8 -> min@0.0 max@1.8 input
 ->la_data_in[120] input min@0.0 max@1.8 -> min@0.0 max@1.8 input
 ->la_data_in[121] input min@0.0 max@1.8 -> min@0.0 max@1.8 input
 ->la_data_in[122] input min@0.0 max@1.8 -> min@0.0 max@1.8 input
 ->la_data_in[123] input min@0.0 max@1.8 -> min@0.0 max@1.8 input
 ->la_data_in[124] input min@0.0 max@1.8 -> min@0.0 max@1.8 input
 ->la_data_in[125] input min@0.0 max@1.8 -> min@0.0 max@1.8 input
 ->la_data_in[126] input min@0.0 max@1.8 -> min@0.0 max@1.8 input
 ->la_data_in[127] input min@0.0 max@1.8 -> min@0.0 max@1.8 input
 ->la_data_in[12] input min@0.0 max@1.8 -> min@0.0 max@1.8 input
 ->la_data_in[13] input min@0.0 max@1.8 -> min@0.0 max@1.8 input
 ->la_data_in[14] input min@0.0 max@1.8 -> min@0.0 max@1.8 input
 ->la_data_in[15] input min@0.0 max@1.8 -> min@0.0 max@1.8 input
 ->la_data_in[16] input min@0.0 max@1.8 -> min@0.0 max@1.8 input
 ->la_data_in[17] input min@0.0 max@1.8 -> min@0.0 max@1.8 input
 ->la_data_in[18] input min@0.0 max@1.8 -> min@0.0 max@1.8 input
 ->la_data_in[19] input min@0.0 max@1.8 -> min@0.0 max@1.8 input
 ->la_data_in[1] input min@0.0 max@1.8 -> min@0.0 max@1.8 input
 ->la_data_in[20] input min@0.0 max@1.8 -> min@0.0 max@1.8 input
 ->la_data_in[21] input min@0.0 max@1.8 -> min@0.0 max@1.8 input
 ->la_data_in[22] input min@0.0 max@1.8 -> min@0.0 max@1.8 input
 ->la_data_in[23] input min@0.0 max@1.8 -> min@0.0 max@1.8 input
 ->la_data_in[24] input min@0.0 max@1.8 -> min@0.0 max@1.8 input
 ->la_data_in[25] input min@0.0 max@1.8 -> min@0.0 max@1.8 input
 ->la_data_in[26] input min@0.0 max@1.8 -> min@0.0 max@1.8 input
 ->la_data_in[27] input min@0.0 max@1.8 -> min@0.0 max@1.8 input
 ->la_data_in[28] input min@0.0 max@1.8 -> min@0.0 max@1.8 input
 ->la_data_in[29] input min@0.0 max@1.8 -> min@0.0 max@1.8 input
 ->la_data_in[2] input min@0.0 max@1.8 -> min@0.0 max@1.8 input
 ->la_data_in[30] input min@0.0 max@1.8 -> min@0.0 max@1.8 input
 ->la_data_in[31] input min@0.0 max@1.8 -> min@0.0 max@1.8 input
 ->la_data_in[32] input min@0.0 max@1.8 -> min@0.0 max@1.8 input
 ->la_data_in[33] input min@0.0 max@1.8 -> min@0.0 max@1.8 input
 ->la_data_in[34] input min@0.0 max@1.8 -> min@0.0 max@1.8 input
 ->la_data_in[35] input min@0.0 max@1.8 -> min@0.0 max@1.8 input
 ->la_data_in[36] input min@0.0 max@1.8 -> min@0.0 max@1.8 input
 ->la_data_in[37] input min@0.0 max@1.8 -> min@0.0 max@1.8 input
 ->la_data_in[38] input min@0.0 max@1.8 -> min@0.0 max@1.8 input
 ->la_data_in[39] input min@0.0 max@1.8 -> min@0.0 max@1.8 input
 ->la_data_in[3] input min@0.0 max@1.8 -> min@0.0 max@1.8 input
 ->la_data_in[40] input min@0.0 max@1.8 -> min@0.0 max@1.8 input
 ->la_data_in[41] input min@0.0 max@1.8 -> min@0.0 max@1.8 input
 ->la_data_in[42] input min@0.0 max@1.8 -> min@0.0 max@1.8 input
 ->la_data_in[43] input min@0.0 max@1.8 -> min@0.0 max@1.8 input
 ->la_data_in[44] input min@0.0 max@1.8 -> min@0.0 max@1.8 input
 ->la_data_in[45] input min@0.0 max@1.8 -> min@0.0 max@1.8 input
 ->la_data_in[46] input min@0.0 max@1.8 -> min@0.0 max@1.8 input
 ->la_data_in[47] input min@0.0 max@1.8 -> min@0.0 max@1.8 input
 ->la_data_in[48] input min@0.0 max@1.8 -> min@0.0 max@1.8 input
 ->la_data_in[49] input min@0.0 max@1.8 -> min@0.0 max@1.8 input
 ->la_data_in[4] input min@0.0 max@1.8 -> min@0.0 max@1.8 input
 ->la_data_in[50] input min@0.0 max@1.8 -> min@0.0 max@1.8 input
 ->la_data_in[51] input min@0.0 max@1.8 -> min@0.0 max@1.8 input
 ->la_data_in[52] input min@0.0 max@1.8 -> min@0.0 max@1.8 input
 ->la_data_in[53] input min@0.0 max@1.8 -> min@0.0 max@1.8 input
 ->la_data_in[54] input min@0.0 max@1.8 -> min@0.0 max@1.8 input
 ->la_data_in[55] input min@0.0 max@1.8 -> min@0.0 max@1.8 input
 ->la_data_in[56] input min@0.0 max@1.8 -> min@0.0 max@1.8 input
 ->la_data_in[57] input min@0.0 max@1.8 -> min@0.0 max@1.8 input
 ->la_data_in[58] input min@0.0 max@1.8 -> min@0.0 max@1.8 input
 ->la_data_in[59] input min@0.0 max@1.8 -> min@0.0 max@1.8 input
 ->la_data_in[5] input min@0.0 max@1.8 -> min@0.0 max@1.8 input
 ->la_data_in[60] input min@0.0 max@1.8 -> min@0.0 max@1.8 input
 ->la_data_in[61] input min@0.0 max@1.8 -> min@0.0 max@1.8 input
 ->la_data_in[62] input min@0.0 max@1.8 -> min@0.0 max@1.8 input
 ->la_data_in[63] input min@0.0 max@1.8 -> min@0.0 max@1.8 input
 ->la_data_in[64] input min@0.0 max@1.8 -> min@0.0 max@1.8 input
 ->la_data_in[65] input min@0.0 max@1.8 -> min@0.0 max@1.8 input
 ->la_data_in[66] input min@0.0 max@1.8 -> min@0.0 max@1.8 input
 ->la_data_in[67] input min@0.0 max@1.8 -> min@0.0 max@1.8 input
 ->la_data_in[68] input min@0.0 max@1.8 -> min@0.0 max@1.8 input
 ->la_data_in[69] input min@0.0 max@1.8 -> min@0.0 max@1.8 input
 ->la_data_in[6] input min@0.0 max@1.8 -> min@0.0 max@1.8 input
 ->la_data_in[70] input min@0.0 max@1.8 -> min@0.0 max@1.8 input
 ->la_data_in[71] input min@0.0 max@1.8 -> min@0.0 max@1.8 input
 ->la_data_in[72] input min@0.0 max@1.8 -> min@0.0 max@1.8 input
 ->la_data_in[73] input min@0.0 max@1.8 -> min@0.0 max@1.8 input
 ->la_data_in[74] input min@0.0 max@1.8 -> min@0.0 max@1.8 input
 ->la_data_in[75] input min@0.0 max@1.8 -> min@0.0 max@1.8 input
 ->la_data_in[76] input min@0.0 max@1.8 -> min@0.0 max@1.8 input
 ->la_data_in[77] input min@0.0 max@1.8 -> min@0.0 max@1.8 input
 ->la_data_in[78] input min@0.0 max@1.8 -> min@0.0 max@1.8 input
 ->la_data_in[79] input min@0.0 max@1.8 -> min@0.0 max@1.8 input
 ->la_data_in[7] input min@0.0 max@1.8 -> min@0.0 max@1.8 input
 ->la_data_in[80] input min@0.0 max@1.8 -> min@0.0 max@1.8 input
 ->la_data_in[81] input min@0.0 max@1.8 -> min@0.0 max@1.8 input
 ->la_data_in[82] input min@0.0 max@1.8 -> min@0.0 max@1.8 input
 ->la_data_in[83] input min@0.0 max@1.8 -> min@0.0 max@1.8 input
 ->la_data_in[84] input min@0.0 max@1.8 -> min@0.0 max@1.8 input
 ->la_data_in[85] input min@0.0 max@1.8 -> min@0.0 max@1.8 input
 ->la_data_in[86] input min@0.0 max@1.8 -> min@0.0 max@1.8 input
 ->la_data_in[87] input min@0.0 max@1.8 -> min@0.0 max@1.8 input
 ->la_data_in[88] input min@0.0 max@1.8 -> min@0.0 max@1.8 input
 ->la_data_in[89] input min@0.0 max@1.8 -> min@0.0 max@1.8 input
 ->la_data_in[8] input min@0.0 max@1.8 -> min@0.0 max@1.8 input
 ->la_data_in[90] input min@0.0 max@1.8 -> min@0.0 max@1.8 input
 ->la_data_in[91] input min@0.0 max@1.8 -> min@0.0 max@1.8 input
 ->la_data_in[92] input min@0.0 max@1.8 -> min@0.0 max@1.8 input
 ->la_data_in[93] input min@0.0 max@1.8 -> min@0.0 max@1.8 input
 ->la_data_in[94] input min@0.0 max@1.8 -> min@0.0 max@1.8 input
 ->la_data_in[95] input min@0.0 max@1.8 -> min@0.0 max@1.8 input
 ->la_data_in[96] input min@0.0 max@1.8 -> min@0.0 max@1.8 input
 ->la_data_in[97] input min@0.0 max@1.8 -> min@0.0 max@1.8 input
 ->la_data_in[98] input min@0.0 max@1.8 -> min@0.0 max@1.8 input
 ->la_data_in[99] input min@0.0 max@1.8 -> min@0.0 max@1.8 input
 ->la_data_in[9] input min@0.0 max@1.8 -> min@0.0 max@1.8 input
la_oenb[*] input min@0.0 max@1.8
 ->la_oenb[0] input min@0.0 max@1.8 -> min@0.0 max@1.8 input
 ->la_oenb[100] input min@0.0 max@1.8 -> min@0.0 max@1.8 input
 ->la_oenb[101] input min@0.0 max@1.8 -> min@0.0 max@1.8 input
 ->la_oenb[102] input min@0.0 max@1.8 -> min@0.0 max@1.8 input
 ->la_oenb[103] input min@0.0 max@1.8 -> min@0.0 max@1.8 input
 ->la_oenb[104] input min@0.0 max@1.8 -> min@0.0 max@1.8 input
 ->la_oenb[105] input min@0.0 max@1.8 -> min@0.0 max@1.8 input
 ->la_oenb[106] input min@0.0 max@1.8 -> min@0.0 max@1.8 input
 ->la_oenb[107] input min@0.0 max@1.8 -> min@0.0 max@1.8 input
 ->la_oenb[108] input min@0.0 max@1.8 -> min@0.0 max@1.8 input
 ->la_oenb[109] input min@0.0 max@1.8 -> min@0.0 max@1.8 input
 ->la_oenb[10] input min@0.0 max@1.8 -> min@0.0 max@1.8 input
 ->la_oenb[110] input min@0.0 max@1.8 -> min@0.0 max@1.8 input
 ->la_oenb[111] input min@0.0 max@1.8 -> min@0.0 max@1.8 input
 ->la_oenb[112] input min@0.0 max@1.8 -> min@0.0 max@1.8 input
 ->la_oenb[113] input min@0.0 max@1.8 -> min@0.0 max@1.8 input
 ->la_oenb[114] input min@0.0 max@1.8 -> min@0.0 max@1.8 input
 ->la_oenb[115] input min@0.0 max@1.8 -> min@0.0 max@1.8 input
 ->la_oenb[116] input min@0.0 max@1.8 -> min@0.0 max@1.8 input
 ->la_oenb[117] input min@0.0 max@1.8 -> min@0.0 max@1.8 input
 ->la_oenb[118] input min@0.0 max@1.8 -> min@0.0 max@1.8 input
 ->la_oenb[119] input min@0.0 max@1.8 -> min@0.0 max@1.8 input
 ->la_oenb[11] input min@0.0 max@1.8 -> min@0.0 max@1.8 input
 ->la_oenb[120] input min@0.0 max@1.8 -> min@0.0 max@1.8 input
 ->la_oenb[121] input min@0.0 max@1.8 -> min@0.0 max@1.8 input
 ->la_oenb[122] input min@0.0 max@1.8 -> min@0.0 max@1.8 input
 ->la_oenb[123] input min@0.0 max@1.8 -> min@0.0 max@1.8 input
 ->la_oenb[124] input min@0.0 max@1.8 -> min@0.0 max@1.8 input
 ->la_oenb[125] input min@0.0 max@1.8 -> min@0.0 max@1.8 input
 ->la_oenb[126] input min@0.0 max@1.8 -> min@0.0 max@1.8 input
 ->la_oenb[127] input min@0.0 max@1.8 -> min@0.0 max@1.8 input
 ->la_oenb[12] input min@0.0 max@1.8 -> min@0.0 max@1.8 input
 ->la_oenb[13] input min@0.0 max@1.8 -> min@0.0 max@1.8 input
 ->la_oenb[14] input min@0.0 max@1.8 -> min@0.0 max@1.8 input
 ->la_oenb[15] input min@0.0 max@1.8 -> min@0.0 max@1.8 input
 ->la_oenb[16] input min@0.0 max@1.8 -> min@0.0 max@1.8 input
 ->la_oenb[17] input min@0.0 max@1.8 -> min@0.0 max@1.8 input
 ->la_oenb[18] input min@0.0 max@1.8 -> min@0.0 max@1.8 input
 ->la_oenb[19] input min@0.0 max@1.8 -> min@0.0 max@1.8 input
 ->la_oenb[1] input min@0.0 max@1.8 -> min@0.0 max@1.8 input
 ->la_oenb[20] input min@0.0 max@1.8 -> min@0.0 max@1.8 input
 ->la_oenb[21] input min@0.0 max@1.8 -> min@0.0 max@1.8 input
 ->la_oenb[22] input min@0.0 max@1.8 -> min@0.0 max@1.8 input
 ->la_oenb[23] input min@0.0 max@1.8 -> min@0.0 max@1.8 input
 ->la_oenb[24] input min@0.0 max@1.8 -> min@0.0 max@1.8 input
 ->la_oenb[25] input min@0.0 max@1.8 -> min@0.0 max@1.8 input
 ->la_oenb[26] input min@0.0 max@1.8 -> min@0.0 max@1.8 input
 ->la_oenb[27] input min@0.0 max@1.8 -> min@0.0 max@1.8 input
 ->la_oenb[28] input min@0.0 max@1.8 -> min@0.0 max@1.8 input
 ->la_oenb[29] input min@0.0 max@1.8 -> min@0.0 max@1.8 input
 ->la_oenb[2] input min@0.0 max@1.8 -> min@0.0 max@1.8 input
 ->la_oenb[30] input min@0.0 max@1.8 -> min@0.0 max@1.8 input
 ->la_oenb[31] input min@0.0 max@1.8 -> min@0.0 max@1.8 input
 ->la_oenb[32] input min@0.0 max@1.8 -> min@0.0 max@1.8 input
 ->la_oenb[33] input min@0.0 max@1.8 -> min@0.0 max@1.8 input
 ->la_oenb[34] input min@0.0 max@1.8 -> min@0.0 max@1.8 input
 ->la_oenb[35] input min@0.0 max@1.8 -> min@0.0 max@1.8 input
 ->la_oenb[36] input min@0.0 max@1.8 -> min@0.0 max@1.8 input
 ->la_oenb[37] input min@0.0 max@1.8 -> min@0.0 max@1.8 input
 ->la_oenb[38] input min@0.0 max@1.8 -> min@0.0 max@1.8 input
 ->la_oenb[39] input min@0.0 max@1.8 -> min@0.0 max@1.8 input
 ->la_oenb[3] input min@0.0 max@1.8 -> min@0.0 max@1.8 input
 ->la_oenb[40] input min@0.0 max@1.8 -> min@0.0 max@1.8 input
 ->la_oenb[41] input min@0.0 max@1.8 -> min@0.0 max@1.8 input
 ->la_oenb[42] input min@0.0 max@1.8 -> min@0.0 max@1.8 input
 ->la_oenb[43] input min@0.0 max@1.8 -> min@0.0 max@1.8 input
 ->la_oenb[44] input min@0.0 max@1.8 -> min@0.0 max@1.8 input
 ->la_oenb[45] input min@0.0 max@1.8 -> min@0.0 max@1.8 input
 ->la_oenb[46] input min@0.0 max@1.8 -> min@0.0 max@1.8 input
 ->la_oenb[47] input min@0.0 max@1.8 -> min@0.0 max@1.8 input
 ->la_oenb[48] input min@0.0 max@1.8 -> min@0.0 max@1.8 input
 ->la_oenb[49] input min@0.0 max@1.8 -> min@0.0 max@1.8 input
 ->la_oenb[4] input min@0.0 max@1.8 -> min@0.0 max@1.8 input
 ->la_oenb[50] input min@0.0 max@1.8 -> min@0.0 max@1.8 input
 ->la_oenb[51] input min@0.0 max@1.8 -> min@0.0 max@1.8 input
 ->la_oenb[52] input min@0.0 max@1.8 -> min@0.0 max@1.8 input
 ->la_oenb[53] input min@0.0 max@1.8 -> min@0.0 max@1.8 input
 ->la_oenb[54] input min@0.0 max@1.8 -> min@0.0 max@1.8 input
 ->la_oenb[55] input min@0.0 max@1.8 -> min@0.0 max@1.8 input
 ->la_oenb[56] input min@0.0 max@1.8 -> min@0.0 max@1.8 input
 ->la_oenb[57] input min@0.0 max@1.8 -> min@0.0 max@1.8 input
 ->la_oenb[58] input min@0.0 max@1.8 -> min@0.0 max@1.8 input
 ->la_oenb[59] input min@0.0 max@1.8 -> min@0.0 max@1.8 input
 ->la_oenb[5] input min@0.0 max@1.8 -> min@0.0 max@1.8 input
 ->la_oenb[60] input min@0.0 max@1.8 -> min@0.0 max@1.8 input
 ->la_oenb[61] input min@0.0 max@1.8 -> min@0.0 max@1.8 input
 ->la_oenb[62] input min@0.0 max@1.8 -> min@0.0 max@1.8 input
 ->la_oenb[63] input min@0.0 max@1.8 -> min@0.0 max@1.8 input
 ->la_oenb[64] input min@0.0 max@1.8 -> min@0.0 max@1.8 input
 ->la_oenb[65] input min@0.0 max@1.8 -> min@0.0 max@1.8 input
 ->la_oenb[66] input min@0.0 max@1.8 -> min@0.0 max@1.8 input
 ->la_oenb[67] input min@0.0 max@1.8 -> min@0.0 max@1.8 input
 ->la_oenb[68] input min@0.0 max@1.8 -> min@0.0 max@1.8 input
 ->la_oenb[69] input min@0.0 max@1.8 -> min@0.0 max@1.8 input
 ->la_oenb[6] input min@0.0 max@1.8 -> min@0.0 max@1.8 input
 ->la_oenb[70] input min@0.0 max@1.8 -> min@0.0 max@1.8 input
 ->la_oenb[71] input min@0.0 max@1.8 -> min@0.0 max@1.8 input
 ->la_oenb[72] input min@0.0 max@1.8 -> min@0.0 max@1.8 input
 ->la_oenb[73] input min@0.0 max@1.8 -> min@0.0 max@1.8 input
 ->la_oenb[74] input min@0.0 max@1.8 -> min@0.0 max@1.8 input
 ->la_oenb[75] input min@0.0 max@1.8 -> min@0.0 max@1.8 input
 ->la_oenb[76] input min@0.0 max@1.8 -> min@0.0 max@1.8 input
 ->la_oenb[77] input min@0.0 max@1.8 -> min@0.0 max@1.8 input
 ->la_oenb[78] input min@0.0 max@1.8 -> min@0.0 max@1.8 input
 ->la_oenb[79] input min@0.0 max@1.8 -> min@0.0 max@1.8 input
 ->la_oenb[7] input min@0.0 max@1.8 -> min@0.0 max@1.8 input
 ->la_oenb[80] input min@0.0 max@1.8 -> min@0.0 max@1.8 input
 ->la_oenb[81] input min@0.0 max@1.8 -> min@0.0 max@1.8 input
 ->la_oenb[82] input min@0.0 max@1.8 -> min@0.0 max@1.8 input
 ->la_oenb[83] input min@0.0 max@1.8 -> min@0.0 max@1.8 input
 ->la_oenb[84] input min@0.0 max@1.8 -> min@0.0 max@1.8 input
 ->la_oenb[85] input min@0.0 max@1.8 -> min@0.0 max@1.8 input
 ->la_oenb[86] input min@0.0 max@1.8 -> min@0.0 max@1.8 input
 ->la_oenb[87] input min@0.0 max@1.8 -> min@0.0 max@1.8 input
 ->la_oenb[88] input min@0.0 max@1.8 -> min@0.0 max@1.8 input
 ->la_oenb[89] input min@0.0 max@1.8 -> min@0.0 max@1.8 input
 ->la_oenb[8] input min@0.0 max@1.8 -> min@0.0 max@1.8 input
 ->la_oenb[90] input min@0.0 max@1.8 -> min@0.0 max@1.8 input
 ->la_oenb[91] input min@0.0 max@1.8 -> min@0.0 max@1.8 input
 ->la_oenb[92] input min@0.0 max@1.8 -> min@0.0 max@1.8 input
 ->la_oenb[93] input min@0.0 max@1.8 -> min@0.0 max@1.8 input
 ->la_oenb[94] input min@0.0 max@1.8 -> min@0.0 max@1.8 input
 ->la_oenb[95] input min@0.0 max@1.8 -> min@0.0 max@1.8 input
 ->la_oenb[96] input min@0.0 max@1.8 -> min@0.0 max@1.8 input
 ->la_oenb[97] input min@0.0 max@1.8 -> min@0.0 max@1.8 input
 ->la_oenb[98] input min@0.0 max@1.8 -> min@0.0 max@1.8 input
 ->la_oenb[99] input min@0.0 max@1.8 -> min@0.0 max@1.8 input
 ->la_oenb[9] input min@0.0 max@1.8 -> min@0.0 max@1.8 input
wbs_adr_i[*] input min@0.0 max@1.8
 ->wbs_adr_i[0] input min@0.0 max@1.8 -> min@0.0 max@1.8 input
 ->wbs_adr_i[10] input min@0.0 max@1.8 -> min@0.0 max@1.8 input
 ->wbs_adr_i[11] input min@0.0 max@1.8 -> min@0.0 max@1.8 input
 ->wbs_adr_i[12] input min@0.0 max@1.8 -> min@0.0 max@1.8 input
 ->wbs_adr_i[13] input min@0.0 max@1.8 -> min@0.0 max@1.8 input
 ->wbs_adr_i[14] input min@0.0 max@1.8 -> min@0.0 max@1.8 input
 ->wbs_adr_i[15] input min@0.0 max@1.8 -> min@0.0 max@1.8 input
 ->wbs_adr_i[16] input min@0.0 max@1.8 -> min@0.0 max@1.8 input
 ->wbs_adr_i[17] input min@0.0 max@1.8 -> min@0.0 max@1.8 input
 ->wbs_adr_i[18] input min@0.0 max@1.8 -> min@0.0 max@1.8 input
 ->wbs_adr_i[19] input min@0.0 max@1.8 -> min@0.0 max@1.8 input
 ->wbs_adr_i[1] input min@0.0 max@1.8 -> min@0.0 max@1.8 input
 ->wbs_adr_i[20] input min@0.0 max@1.8 -> min@0.0 max@1.8 input
 ->wbs_adr_i[21] input min@0.0 max@1.8 -> min@0.0 max@1.8 input
 ->wbs_adr_i[22] input min@0.0 max@1.8 -> min@0.0 max@1.8 input
 ->wbs_adr_i[23] input min@0.0 max@1.8 -> min@0.0 max@1.8 input
 ->wbs_adr_i[24] input min@0.0 max@1.8 -> min@0.0 max@1.8 input
 ->wbs_adr_i[25] input min@0.0 max@1.8 -> min@0.0 max@1.8 input
 ->wbs_adr_i[26] input min@0.0 max@1.8 -> min@0.0 max@1.8 input
 ->wbs_adr_i[27] input min@0.0 max@1.8 -> min@0.0 max@1.8 input
 ->wbs_adr_i[28] input min@0.0 max@1.8 -> min@0.0 max@1.8 input
 ->wbs_adr_i[29] input min@0.0 max@1.8 -> min@0.0 max@1.8 input
 ->wbs_adr_i[2] input min@0.0 max@1.8 -> min@0.0 max@1.8 input
 ->wbs_adr_i[30] input min@0.0 max@1.8 -> min@0.0 max@1.8 input
 ->wbs_adr_i[31] input min@0.0 max@1.8 -> min@0.0 max@1.8 input
 ->wbs_adr_i[3] input min@0.0 max@1.8 -> min@0.0 max@1.8 input
 ->wbs_adr_i[4] input min@0.0 max@1.8 -> min@0.0 max@1.8 input
 ->wbs_adr_i[5] input min@0.0 max@1.8 -> min@0.0 max@1.8 input
 ->wbs_adr_i[6] input min@0.0 max@1.8 -> min@0.0 max@1.8 input
 ->wbs_adr_i[7] input min@0.0 max@1.8 -> min@0.0 max@1.8 input
 ->wbs_adr_i[8] input min@0.0 max@1.8 -> min@0.0 max@1.8 input
 ->wbs_adr_i[9] input min@0.0 max@1.8 -> min@0.0 max@1.8 input
wbs_dat_i[*] input min@0.0 max@1.8
 ->wbs_dat_i[0] input min@0.0 max@1.8 -> min@0.0 max@1.8 input
 ->wbs_dat_i[10] input min@0.0 max@1.8 -> min@0.0 max@1.8 input
 ->wbs_dat_i[11] input min@0.0 max@1.8 -> min@0.0 max@1.8 input
 ->wbs_dat_i[12] input min@0.0 max@1.8 -> min@0.0 max@1.8 input
 ->wbs_dat_i[13] input min@0.0 max@1.8 -> min@0.0 max@1.8 input
 ->wbs_dat_i[14] input min@0.0 max@1.8 -> min@0.0 max@1.8 input
 ->wbs_dat_i[15] input min@0.0 max@1.8 -> min@0.0 max@1.8 input
 ->wbs_dat_i[16] input min@0.0 max@1.8 -> min@0.0 max@1.8 input
 ->wbs_dat_i[17] input min@0.0 max@1.8 -> min@0.0 max@1.8 input
 ->wbs_dat_i[18] input min@0.0 max@1.8 -> min@0.0 max@1.8 input
 ->wbs_dat_i[19] input min@0.0 max@1.8 -> min@0.0 max@1.8 input
 ->wbs_dat_i[1] input min@0.0 max@1.8 -> min@0.0 max@1.8 input
 ->wbs_dat_i[20] input min@0.0 max@1.8 -> min@0.0 max@1.8 input
 ->wbs_dat_i[21] input min@0.0 max@1.8 -> min@0.0 max@1.8 input
 ->wbs_dat_i[22] input min@0.0 max@1.8 -> min@0.0 max@1.8 input
 ->wbs_dat_i[23] input min@0.0 max@1.8 -> min@0.0 max@1.8 input
 ->wbs_dat_i[24] input min@0.0 max@1.8 -> min@0.0 max@1.8 input
 ->wbs_dat_i[25] input min@0.0 max@1.8 -> min@0.0 max@1.8 input
 ->wbs_dat_i[26] input min@0.0 max@1.8 -> min@0.0 max@1.8 input
 ->wbs_dat_i[27] input min@0.0 max@1.8 -> min@0.0 max@1.8 input
 ->wbs_dat_i[28] input min@0.0 max@1.8 -> min@0.0 max@1.8 input
 ->wbs_dat_i[29] input min@0.0 max@1.8 -> min@0.0 max@1.8 input
 ->wbs_dat_i[2] input min@0.0 max@1.8 -> min@0.0 max@1.8 input
 ->wbs_dat_i[30] input min@0.0 max@1.8 -> min@0.0 max@1.8 input
 ->wbs_dat_i[31] input min@0.0 max@1.8 -> min@0.0 max@1.8 input
 ->wbs_dat_i[3] input min@0.0 max@1.8 -> min@0.0 max@1.8 input
 ->wbs_dat_i[4] input min@0.0 max@1.8 -> min@0.0 max@1.8 input
 ->wbs_dat_i[5] input min@0.0 max@1.8 -> min@0.0 max@1.8 input
 ->wbs_dat_i[6] input min@0.0 max@1.8 -> min@0.0 max@1.8 input
 ->wbs_dat_i[7] input min@0.0 max@1.8 -> min@0.0 max@1.8 input
 ->wbs_dat_i[8] input min@0.0 max@1.8 -> min@0.0 max@1.8 input
 ->wbs_dat_i[9] input min@0.0 max@1.8 -> min@0.0 max@1.8 input
wbs_sel_i[*] input min@0.0 max@1.8
 ->wbs_sel_i[0] input min@0.0 max@1.8 -> min@0.0 max@1.8 input
 ->wbs_sel_i[1] input min@0.0 max@1.8 -> min@0.0 max@1.8 input
 ->wbs_sel_i[2] input min@0.0 max@1.8 -> min@0.0 max@1.8 input
 ->wbs_sel_i[3] input min@0.0 max@1.8 -> min@0.0 max@1.8 input
> expected values
io_out[6:0] expectMin@0.0 expectMax@1.8
 ->io_out[0] expectMin@0.0 expectMax@1.8
 ->io_out[1] expectMin@0.0 expectMax@1.8
 ->io_out[2] expectMin@0.0 expectMax@1.8
 ->io_out[3] expectMin@0.0 expectMax@1.8
 ->io_out[4] expectMin@0.0 expectMax@1.8
 ->io_out[5] expectMin@0.0 expectMax@1.8
 ->io_out[6] expectMin@0.0 expectMax@1.8
io_oeb[6:0] expectMin@0.0 expectMax@1.8
 ->io_oeb[0] expectMin@0.0 expectMax@1.8
 ->io_oeb[1] expectMin@0.0 expectMax@1.8
 ->io_oeb[2] expectMin@0.0 expectMax@1.8
 ->io_oeb[3] expectMin@0.0 expectMax@1.8
 ->io_oeb[4] expectMin@0.0 expectMax@1.8
 ->io_oeb[5] expectMin@0.0 expectMax@1.8
 ->io_oeb[6] expectMin@0.0 expectMax@1.8
> macros
Power List> end

CVC: Linking devices...
Usage EQUIV: Time: 0  Memory: 51652  I/O: 72  Swap: 0
Power nets 396
Hash dump:parameter->resistance map
Contains 313 buckets, 597 elements
Element count 0, 41
Element count 1, 86
Element count 2, 93
Element count 3, 61
Element count 4, 19
Element count 5, 12
Element count 6, 1
Unused hash: 0.13, average depth 2.76
Hash dump:text->circuit map
Contains 79 buckets, 122 elements
Element count 0, 16
Element count 1, 25
Element count 2, 26
Element count 3, 7
Element count 4, 1
Element count 5, 4
Unused hash: 0.20, average depth 2.52
Hash dump:string->text map
Contains 53201 buckets, 56459 elements
Element count 0, 18343
Element count 1, 19620
Element count 2, 10370
Element count 3, 3652
Element count 4, 982
Element count 5, 191
Element count 6, 41
Element count 7, 2
Unused hash: 0.34, average depth 2.06
CVC: Shorting non conducting resistors...
CVC: Calculating resistor voltages...
Usage RES: Time: 0  Memory: 51652  I/O: 72  Swap: 0
Power nets 396
CVC: Calculating min/max voltages...
Processing trivial nets found 0 trivial nets
CVC: Ignoring invalid calculations...
CVC:   Removed 0 calculations
Copying master nets
CVC: Ignoring non-conducting devices...
CVC:   Ignored 140748 devices
Usage MIN/MAX1: Time: 0  Memory: 51652  I/O: 72  Swap: 0
Power nets 396
! Checking forward bias diode errors: 

! Checking nmos source/drain vs bias errors: 

! Checking nmos gate vs source errors: 

! Checking pmos source/drain vs bias errors: 

! Checking pmos gate vs source errors: 

Usage ERROR: Time: 0  Memory: 51976  I/O: 80  Swap: 0
CVC: Propagating Simulation voltages 1...
Usage SIM1: Time: 0  Memory: 53032  I/O: 80  Swap: 0
Power nets 396
WARNING: missing bias (70432) /VSUBS at (M4_sky130_fd_sc_hd__o21a_1)/MX1
WARNING: missing bias (70316) /mprj/VPWR at (M4_sky130_fd_sc_hd__o21a_1)/MX0
CVC: Propagating Simulation voltages 3...
Usage SIM2: Time: 0  Memory: 53824  I/O: 80  Swap: 0
Power nets 396
Added 0 latch voltages
CVC: Calculating min/max voltages...
Processing trivial nets found 0 trivial nets
CVC: Ignoring invalid calculations...
CVC:   Removed 0 calculations
Copying master nets
CVC: Ignoring non-conducting devices...
CVC:   Ignored 0 devices
Usage MIN/MAX2: Time: 0  Memory: 53824  I/O: 80  Swap: 0
Power nets 396
! Checking overvoltage errors

! Checking nmos possible leak errors: 

! Checking pmos possible leak errors: 

! Checking mos floating input errors:

! Checking expected values:

CVC: Error Counts
CVC: Fuse Problems:         0
CVC: Min Voltage Conflicts: 0
CVC: Max Voltage Conflicts: 0
CVC: Leaks:                 0
CVC: LDD drain->source:     0
CVC: HI-Z Inputs:           0
CVC: Forward Bias Diodes:   26
CVC: NMOS Source vs Bulk:   0
CVC: NMOS Gate vs Source:   0
CVC: NMOS Possible Leaks:   0
CVC: PMOS Source vs Bulk:   0
CVC: PMOS Gate vs Source:   0
CVC: PMOS Possible Leaks:   0
CVC: Overvoltage-VBG:       0
CVC: Overvoltage-VBS:       0
CVC: Overvoltage-VDS:       0
CVC: Overvoltage-VGS:       0
CVC: Model errors:          0
CVC: Unexpected voltage :   28
CVC: Total:                 54
Usage Total: Time: 0  Memory: 54412  I/O: 120  Swap: 0
Virtual net update/access 0/12126989
CVC: Log output to /tmp/tmpdjsgq6t1/repo/precheck_results/12_MAY_2026___11_32_07/tmp_oeb/cvc.oeb.log
CVC: End: Tue May 12 11:37:58 2026


> gn io_in[0]
Net io_in[0]: 29
 connections: gate 0 source 0 drain 0 bulk 0
 base definition io_in[*]
  default min unknown
  default sim unknown
  default max unknown
 defined as  input min@0.0 max@1.8 =>  min@0.0 max@1.8 input


> gn io_in[1]
Net io_in[1]: 40
 connections: gate 0 source 0 drain 0 bulk 0
 base definition io_in[*]
  default min unknown
  default sim unknown
  default max unknown
 defined as  input min@0.0 max@1.8 =>  min@0.0 max@1.8 input


> gn io_in[2]
Net io_in[2]: 51
 connections: gate 0 source 0 drain 0 bulk 0
 base definition io_in[*]
  default min unknown
  default sim unknown
  default max unknown
 defined as  input min@0.0 max@1.8 =>  min@0.0 max@1.8 input


> gn io_in[3]
Net io_in[3]: 60
 connections: gate 0 source 0 drain 0 bulk 0
 base definition io_in[*]
  default min unknown
  default sim unknown
  default max unknown
 defined as  input min@0.0 max@1.8 =>  min@0.0 max@1.8 input


> gn io_in[4]
Net io_in[4]: 61
 connections: gate 0 source 0 drain 0 bulk 0
 base definition io_in[*]
  default min unknown
  default sim unknown
  default max unknown
 defined as  input min@0.0 max@1.8 =>  min@0.0 max@1.8 input


> gn io_in[5]
Net io_in[5]: 62
 connections: gate 0 source 0 drain 0 bulk 0
 base definition io_in[*]
  default min unknown
  default sim unknown
  default max unknown
 defined as  input min@0.0 max@1.8 =>  min@0.0 max@1.8 input


> gn io_in[6]
Net io_in[6]: 63
 connections: gate 0 source 0 drain 0 bulk 0
 base definition io_in[*]
  default min unknown
  default sim unknown
  default max unknown
 defined as  input min@0.0 max@1.8 =>  min@0.0 max@1.8 input


> gn io_in[7]
Net io_in[7]: 64
 connections: gate 0 source 0 drain 0 bulk 0
 base definition io_in[*]
  default min unknown
  default sim unknown
  default max unknown
 defined as  input min@0.0 max@1.8 =>  min@0.0 max@1.8 input


> gn io_in[8]
Net io_in[8]: 65
 connections: gate 0 source 0 drain 0 bulk 0
 base definition io_in[*]
  default min unknown
  default sim unknown
  default max unknown
 defined as  input min@0.0 max@1.8 =>  min@0.0 max@1.8 input


> gn io_in[9]
Net io_in[9]: 66
 connections: gate 0 source 0 drain 0 bulk 0
 base definition io_in[*]
  default min unknown
  default sim unknown
  default max unknown
 defined as  input min@0.0 max@1.8 =>  min@0.0 max@1.8 input


> gn io_in[10]
Net io_in[10]: 30
 connections: gate 0 source 0 drain 0 bulk 0
 base definition io_in[*]
  default min unknown
  default sim unknown
  default max unknown
 defined as  input min@0.0 max@1.8 =>  min@0.0 max@1.8 input


> gn io_in[11]
Net io_in[11]: 31
 connections: gate 0 source 0 drain 0 bulk 0
 base definition io_in[*]
  default min unknown
  default sim unknown
  default max unknown
 defined as  input min@0.0 max@1.8 =>  min@0.0 max@1.8 input


> gn io_in[12]
Net io_in[12]: 32
 connections: gate 0 source 0 drain 0 bulk 0
 base definition io_in[*]
  default min unknown
  default sim unknown
  default max unknown
 defined as  input min@0.0 max@1.8 =>  min@0.0 max@1.8 input


> gn io_in[13]
Net io_in[13]: 33
 connections: gate 0 source 0 drain 0 bulk 0
 base definition io_in[*]
  default min unknown
  default sim unknown
  default max unknown
 defined as  input min@0.0 max@1.8 =>  min@0.0 max@1.8 input


> gn io_in[14]
Net io_in[14]: 34
 connections: gate 0 source 0 drain 0 bulk 0
 base definition io_in[*]
  default min unknown
  default sim unknown
  default max unknown
 defined as  input min@0.0 max@1.8 =>  min@0.0 max@1.8 input


> gn io_in[15]
Net io_in[15]: 35
 connections: gate 0 source 0 drain 0 bulk 0
 base definition io_in[*]
  default min unknown
  default sim unknown
  default max unknown
 defined as  input min@0.0 max@1.8 =>  min@0.0 max@1.8 input


> gn io_in[16]
Net io_in[16]: 36
 connections: gate 0 source 0 drain 0 bulk 0
 base definition io_in[*]
  default min unknown
  default sim unknown
  default max unknown
 defined as  input min@0.0 max@1.8 =>  min@0.0 max@1.8 input


> gn io_in[17]
Net io_in[17]: 37
 connections: gate 0 source 0 drain 0 bulk 0
 base definition io_in[*]
  default min unknown
  default sim unknown
  default max unknown
 defined as  input min@0.0 max@1.8 =>  min@0.0 max@1.8 input


> gn io_in[18]
Net io_in[18]: 38
 connections: gate 0 source 0 drain 0 bulk 0
 base definition io_in[*]
  default min unknown
  default sim unknown
  default max unknown
 defined as  input min@0.0 max@1.8 =>  min@0.0 max@1.8 input


> gn io_in[19]
Net io_in[19]: 39
 connections: gate 0 source 0 drain 0 bulk 0
 base definition io_in[*]
  default min unknown
  default sim unknown
  default max unknown
 defined as  input min@0.0 max@1.8 =>  min@0.0 max@1.8 input


> gn io_in[20]
Net io_in[20]: 41
 connections: gate 0 source 0 drain 0 bulk 0
 base definition io_in[*]
  default min unknown
  default sim unknown
  default max unknown
 defined as  input min@0.0 max@1.8 =>  min@0.0 max@1.8 input


> gn io_in[21]
Net io_in[21]: 42
 connections: gate 0 source 0 drain 0 bulk 0
 base definition io_in[*]
  default min unknown
  default sim unknown
  default max unknown
 defined as  input min@0.0 max@1.8 =>  min@0.0 max@1.8 input


> gn io_in[22]
Net io_in[22]: 43
 connections: gate 0 source 0 drain 0 bulk 0
 base definition io_in[*]
  default min unknown
  default sim unknown
  default max unknown
 defined as  input min@0.0 max@1.8 =>  min@0.0 max@1.8 input


> gn io_in[23]
Net io_in[23]: 44
 connections: gate 0 source 0 drain 0 bulk 0
 base definition io_in[*]
  default min unknown
  default sim unknown
  default max unknown
 defined as  input min@0.0 max@1.8 =>  min@0.0 max@1.8 input


> gn io_in[24]
Net io_in[24]: 45
 connections: gate 0 source 0 drain 0 bulk 0
 base definition io_in[*]
  default min unknown
  default sim unknown
  default max unknown
 defined as  input min@0.0 max@1.8 =>  min@0.0 max@1.8 input


> gn io_in[25]
Net io_in[25]: 46
 connections: gate 0 source 0 drain 0 bulk 0
 base definition io_in[*]
  default min unknown
  default sim unknown
  default max unknown
 defined as  input min@0.0 max@1.8 =>  min@0.0 max@1.8 input


> gn io_in[26]
Net io_in[26]: 47
 connections: gate 0 source 0 drain 0 bulk 0
 base definition io_in[*]
  default min unknown
  default sim unknown
  default max unknown
 defined as  input min@0.0 max@1.8 =>  min@0.0 max@1.8 input


> gn io_in[27]
Net io_in[27]: 48
 connections: gate 0 source 0 drain 0 bulk 0
 base definition io_in[*]
  default min unknown
  default sim unknown
  default max unknown
 defined as  input min@0.0 max@1.8 =>  min@0.0 max@1.8 input


> gn io_in[28]
Net io_in[28]: 49
 connections: gate 0 source 0 drain 0 bulk 0
 base definition io_in[*]
  default min unknown
  default sim unknown
  default max unknown
 defined as  input min@0.0 max@1.8 =>  min@0.0 max@1.8 input


> gn io_in[29]
Net io_in[29]: 50
 connections: gate 0 source 0 drain 0 bulk 0
 base definition io_in[*]
  default min unknown
  default sim unknown
  default max unknown
 defined as  input min@0.0 max@1.8 =>  min@0.0 max@1.8 input


> gn io_in[30]
Net io_in[30]: 52
 connections: gate 0 source 0 drain 0 bulk 0
 base definition io_in[*]
  default min unknown
  default sim unknown
  default max unknown
 defined as  input min@0.0 max@1.8 =>  min@0.0 max@1.8 input


> gn io_in[31]
Net io_in[31]: 53
 connections: gate 0 source 0 drain 0 bulk 0
 base definition io_in[*]
  default min unknown
  default sim unknown
  default max unknown
 defined as  input min@0.0 max@1.8 =>  min@0.0 max@1.8 input


> gn io_in[32]
Net io_in[32]: 54
 connections: gate 0 source 0 drain 0 bulk 0
 base definition io_in[*]
  default min unknown
  default sim unknown
  default max unknown
 defined as  input min@0.0 max@1.8 =>  min@0.0 max@1.8 input


> gn io_in[33]
Net io_in[33]: 55
 connections: gate 0 source 0 drain 0 bulk 0
 base definition io_in[*]
  default min unknown
  default sim unknown
  default max unknown
 defined as  input min@0.0 max@1.8 =>  min@0.0 max@1.8 input


> gn io_in[34]
Net io_in[34]: 56
 connections: gate 0 source 0 drain 0 bulk 0
 base definition io_in[*]
  default min unknown
  default sim unknown
  default max unknown
 defined as  input min@0.0 max@1.8 =>  min@0.0 max@1.8 input


> gn io_in[35]
Net io_in[35]: 57
 connections: gate 0 source 0 drain 0 bulk 0
 base definition io_in[*]
  default min unknown
  default sim unknown
  default max unknown
 defined as  input min@0.0 max@1.8 =>  min@0.0 max@1.8 input


> gn io_in[36]
Net io_in[36]: 58
 connections: gate 0 source 0 drain 0 bulk 0
 base definition io_in[*]
  default min unknown
  default sim unknown
  default max unknown
 defined as  input min@0.0 max@1.8 =>  min@0.0 max@1.8 input


> gn io_in[37]
Net io_in[37]: 59
 connections: gate 0 source 0 drain 0 bulk 0
 base definition io_in[*]
  default min unknown
  default sim unknown
  default max unknown
 defined as  input min@0.0 max@1.8 =>  min@0.0 max@1.8 input


> gn io_out[0]
Net io_out[0]: 105
 connections: gate 0 source 1 drain 1 bulk 0


> gn io_out[1]
Net io_out[1]: 116
 connections: gate 0 source 1 drain 1 bulk 0


> gn io_out[2]
Net io_out[2]: 127
 connections: gate 0 source 1 drain 1 bulk 0


> gn io_out[3]
Net io_out[3]: 136
 connections: gate 0 source 1 drain 1 bulk 0


> gn io_out[4]
Net io_out[4]: 137
 connections: gate 0 source 1 drain 1 bulk 0


> gn io_out[5]
Net io_out[5]: 138
 connections: gate 0 source 1 drain 1 bulk 0


> gn io_out[6]
Net io_out[6]: 139
 connections: gate 0 source 1 drain 1 bulk 0


> gn io_out[7]
Net io_out[7]: 140
 connections: gate 0 source 0 drain 0 bulk 0

Initial min path
io_out[7]

Initial max path
io_out[7]

Initial sim path
io_out[7]

Min path
io_out[7]

Max path
io_out[7]

Sim path
io_out[7]


> gn io_out[8]
Net io_out[8]: 141
 connections: gate 0 source 0 drain 0 bulk 0

Initial min path
io_out[8]

Initial max path
io_out[8]

Initial sim path
io_out[8]

Min path
io_out[8]

Max path
io_out[8]

Sim path
io_out[8]


> gn io_out[9]
Net io_out[9]: 142
 connections: gate 0 source 0 drain 0 bulk 0

Initial min path
io_out[9]

Initial max path
io_out[9]

Initial sim path
io_out[9]

Min path
io_out[9]

Max path
io_out[9]

Sim path
io_out[9]


> gn io_out[10]
Net io_out[10]: 106
 connections: gate 0 source 0 drain 0 bulk 0

Initial min path
io_out[10]

Initial max path
io_out[10]

Initial sim path
io_out[10]

Min path
io_out[10]

Max path
io_out[10]

Sim path
io_out[10]


> gn io_out[11]
Net io_out[11]: 107
 connections: gate 0 source 0 drain 0 bulk 0

Initial min path
io_out[11]

Initial max path
io_out[11]

Initial sim path
io_out[11]

Min path
io_out[11]

Max path
io_out[11]

Sim path
io_out[11]


> gn io_out[12]
Net io_out[12]: 108
 connections: gate 0 source 0 drain 0 bulk 0

Initial min path
io_out[12]

Initial max path
io_out[12]

Initial sim path
io_out[12]

Min path
io_out[12]

Max path
io_out[12]

Sim path
io_out[12]


> gn io_out[13]
Net io_out[13]: 109
 connections: gate 0 source 0 drain 0 bulk 0

Initial min path
io_out[13]

Initial max path
io_out[13]

Initial sim path
io_out[13]

Min path
io_out[13]

Max path
io_out[13]

Sim path
io_out[13]


> gn io_out[14]
Net io_out[14]: 110
 connections: gate 0 source 0 drain 0 bulk 0

Initial min path
io_out[14]

Initial max path
io_out[14]

Initial sim path
io_out[14]

Min path
io_out[14]

Max path
io_out[14]

Sim path
io_out[14]


> gn io_out[15]
Net io_out[15]: 111
 connections: gate 0 source 0 drain 0 bulk 0

Initial min path
io_out[15]

Initial max path
io_out[15]

Initial sim path
io_out[15]

Min path
io_out[15]

Max path
io_out[15]

Sim path
io_out[15]


> gn io_out[16]
Net io_out[16]: 112
 connections: gate 0 source 0 drain 0 bulk 0

Initial min path
io_out[16]

Initial max path
io_out[16]

Initial sim path
io_out[16]

Min path
io_out[16]

Max path
io_out[16]

Sim path
io_out[16]


> gn io_out[17]
Net io_out[17]: 113
 connections: gate 0 source 0 drain 0 bulk 0

Initial min path
io_out[17]

Initial max path
io_out[17]

Initial sim path
io_out[17]

Min path
io_out[17]

Max path
io_out[17]

Sim path
io_out[17]


> gn io_out[18]
Net io_out[18]: 114
 connections: gate 0 source 0 drain 0 bulk 0

Initial min path
io_out[18]

Initial max path
io_out[18]

Initial sim path
io_out[18]

Min path
io_out[18]

Max path
io_out[18]

Sim path
io_out[18]


> gn io_out[19]
Net io_out[19]: 115
 connections: gate 0 source 0 drain 0 bulk 0

Initial min path
io_out[19]

Initial max path
io_out[19]

Initial sim path
io_out[19]

Min path
io_out[19]

Max path
io_out[19]

Sim path
io_out[19]


> gn io_out[20]
Net io_out[20]: 117
 connections: gate 0 source 0 drain 0 bulk 0

Initial min path
io_out[20]

Initial max path
io_out[20]

Initial sim path
io_out[20]

Min path
io_out[20]

Max path
io_out[20]

Sim path
io_out[20]


> gn io_out[21]
Net io_out[21]: 118
 connections: gate 0 source 0 drain 0 bulk 0

Initial min path
io_out[21]

Initial max path
io_out[21]

Initial sim path
io_out[21]

Min path
io_out[21]

Max path
io_out[21]

Sim path
io_out[21]


> gn io_out[22]
Net io_out[22]: 119
 connections: gate 0 source 0 drain 0 bulk 0

Initial min path
io_out[22]

Initial max path
io_out[22]

Initial sim path
io_out[22]

Min path
io_out[22]

Max path
io_out[22]

Sim path
io_out[22]


> gn io_out[23]
Net io_out[23]: 120
 connections: gate 0 source 0 drain 0 bulk 0

Initial min path
io_out[23]

Initial max path
io_out[23]

Initial sim path
io_out[23]

Min path
io_out[23]

Max path
io_out[23]

Sim path
io_out[23]


> gn io_out[24]
Net io_out[24]: 121
 connections: gate 0 source 0 drain 0 bulk 0

Initial min path
io_out[24]

Initial max path
io_out[24]

Initial sim path
io_out[24]

Min path
io_out[24]

Max path
io_out[24]

Sim path
io_out[24]


> gn io_out[25]
Net io_out[25]: 122
 connections: gate 0 source 0 drain 0 bulk 0

Initial min path
io_out[25]

Initial max path
io_out[25]

Initial sim path
io_out[25]

Min path
io_out[25]

Max path
io_out[25]

Sim path
io_out[25]


> gn io_out[26]
Net io_out[26]: 123
 connections: gate 0 source 0 drain 0 bulk 0

Initial min path
io_out[26]

Initial max path
io_out[26]

Initial sim path
io_out[26]

Min path
io_out[26]

Max path
io_out[26]

Sim path
io_out[26]


> gn io_out[27]
Net io_out[27]: 124
 connections: gate 0 source 0 drain 0 bulk 0

Initial min path
io_out[27]

Initial max path
io_out[27]

Initial sim path
io_out[27]

Min path
io_out[27]

Max path
io_out[27]

Sim path
io_out[27]


> gn io_out[28]
Net io_out[28]: 125
 connections: gate 0 source 0 drain 0 bulk 0

Initial min path
io_out[28]

Initial max path
io_out[28]

Initial sim path
io_out[28]

Min path
io_out[28]

Max path
io_out[28]

Sim path
io_out[28]


> gn io_out[29]
Net io_out[29]: 126
 connections: gate 0 source 0 drain 0 bulk 0

Initial min path
io_out[29]

Initial max path
io_out[29]

Initial sim path
io_out[29]

Min path
io_out[29]

Max path
io_out[29]

Sim path
io_out[29]


> gn io_out[30]
Net io_out[30]: 128
 connections: gate 0 source 0 drain 0 bulk 0

Initial min path
io_out[30]

Initial max path
io_out[30]

Initial sim path
io_out[30]

Min path
io_out[30]

Max path
io_out[30]

Sim path
io_out[30]


> gn io_out[31]
Net io_out[31]: 129
 connections: gate 0 source 0 drain 0 bulk 0

Initial min path
io_out[31]

Initial max path
io_out[31]

Initial sim path
io_out[31]

Min path
io_out[31]

Max path
io_out[31]

Sim path
io_out[31]


> gn io_out[32]
Net io_out[32]: 130
 connections: gate 0 source 0 drain 0 bulk 0

Initial min path
io_out[32]

Initial max path
io_out[32]

Initial sim path
io_out[32]

Min path
io_out[32]

Max path
io_out[32]

Sim path
io_out[32]


> gn io_out[33]
Net io_out[33]: 131
 connections: gate 0 source 0 drain 0 bulk 0

Initial min path
io_out[33]

Initial max path
io_out[33]

Initial sim path
io_out[33]

Min path
io_out[33]

Max path
io_out[33]

Sim path
io_out[33]


> gn io_out[34]
Net io_out[34]: 132
 connections: gate 0 source 0 drain 0 bulk 0

Initial min path
io_out[34]

Initial max path
io_out[34]

Initial sim path
io_out[34]

Min path
io_out[34]

Max path
io_out[34]

Sim path
io_out[34]


> gn io_out[35]
Net io_out[35]: 133
 connections: gate 0 source 0 drain 0 bulk 0

Initial min path
io_out[35]

Initial max path
io_out[35]

Initial sim path
io_out[35]

Min path
io_out[35]

Max path
io_out[35]

Sim path
io_out[35]


> gn io_out[36]
Net io_out[36]: 134
 connections: gate 0 source 0 drain 0 bulk 0

Initial min path
io_out[36]

Initial max path
io_out[36]

Initial sim path
io_out[36]

Min path
io_out[36]

Max path
io_out[36]

Sim path
io_out[36]


> gn io_out[37]
Net io_out[37]: 135
 connections: gate 0 source 0 drain 0 bulk 0

Initial min path
io_out[37]

Initial max path
io_out[37]

Initial sim path
io_out[37]

Min path
io_out[37]

Max path
io_out[37]

Sim path
io_out[37]


> gn io_oeb[0]
Net io_oeb[0]: 67
 connections: gate 0 source 0 drain 0 bulk 0


> gn io_oeb[1]
Net io_oeb[1]: 78
 connections: gate 0 source 0 drain 0 bulk 0

Initial min path
io_oeb[1]

Initial max path
io_oeb[1]

Initial sim path
io_oeb[1]

Min path
io_oeb[1]

Max path
io_oeb[1]

Sim path
io_oeb[1]


> gn io_oeb[2]
Net io_oeb[2]: 89
 connections: gate 0 source 0 drain 0 bulk 0

Initial min path
io_oeb[2]

Initial max path
io_oeb[2]

Initial sim path
io_oeb[2]

Min path
io_oeb[2]

Max path
io_oeb[2]

Sim path
io_oeb[2]


> gn io_oeb[3]
Net io_oeb[3]: 98
 connections: gate 0 source 0 drain 0 bulk 0

Initial min path
io_oeb[3]

Initial max path
io_oeb[3]

Initial sim path
io_oeb[3]

Min path
io_oeb[3]

Max path
io_oeb[3]

Sim path
io_oeb[3]


> gn io_oeb[4]
Net io_oeb[4]: 99
 connections: gate 0 source 0 drain 0 bulk 0

Initial min path
io_oeb[4]

Initial max path
io_oeb[4]

Initial sim path
io_oeb[4]

Min path
io_oeb[4]

Max path
io_oeb[4]

Sim path
io_oeb[4]


> gn io_oeb[5]
Net io_oeb[5]: 100
 connections: gate 0 source 0 drain 0 bulk 0

Initial min path
io_oeb[5]

Initial max path
io_oeb[5]

Initial sim path
io_oeb[5]

Min path
io_oeb[5]

Max path
io_oeb[5]

Sim path
io_oeb[5]


> gn io_oeb[6]
Net io_oeb[6]: 101
 connections: gate 0 source 0 drain 0 bulk 0

Initial min path
io_oeb[6]

Initial max path
io_oeb[6]

Initial sim path
io_oeb[6]

Min path
io_oeb[6]

Max path
io_oeb[6]

Sim path
io_oeb[6]


> gn io_oeb[7]
Net io_oeb[7]: 102
 connections: gate 0 source 0 drain 0 bulk 0

Initial min path
io_oeb[7]

Initial max path
io_oeb[7]

Initial sim path
io_oeb[7]

Min path
io_oeb[7]

Max path
io_oeb[7]

Sim path
io_oeb[7]


> gn io_oeb[8]
Net io_oeb[8]: 103
 connections: gate 0 source 0 drain 0 bulk 0

Initial min path
io_oeb[8]

Initial max path
io_oeb[8]

Initial sim path
io_oeb[8]

Min path
io_oeb[8]

Max path
io_oeb[8]

Sim path
io_oeb[8]


> gn io_oeb[9]
Net io_oeb[9]: 104
 connections: gate 0 source 0 drain 0 bulk 0

Initial min path
io_oeb[9]

Initial max path
io_oeb[9]

Initial sim path
io_oeb[9]

Min path
io_oeb[9]

Max path
io_oeb[9]

Sim path
io_oeb[9]


> gn io_oeb[10]
Net io_oeb[10]: 68
 connections: gate 0 source 0 drain 0 bulk 0


> gn io_oeb[11]
Net io_oeb[11]: 69
 connections: gate 0 source 0 drain 0 bulk 0

Initial min path
io_oeb[11]

Initial max path
io_oeb[11]

Initial sim path
io_oeb[11]

Min path
io_oeb[11]

Max path
io_oeb[11]

Sim path
io_oeb[11]


> gn io_oeb[12]
Net io_oeb[12]: 70
 connections: gate 0 source 0 drain 0 bulk 0

Initial min path
io_oeb[12]

Initial max path
io_oeb[12]

Initial sim path
io_oeb[12]

Min path
io_oeb[12]

Max path
io_oeb[12]

Sim path
io_oeb[12]


> gn io_oeb[13]
Net io_oeb[13]: 71
 connections: gate 0 source 0 drain 0 bulk 0

Initial min path
io_oeb[13]

Initial max path
io_oeb[13]

Initial sim path
io_oeb[13]

Min path
io_oeb[13]

Max path
io_oeb[13]

Sim path
io_oeb[13]


> gn io_oeb[14]
Net io_oeb[14]: 72
 connections: gate 0 source 0 drain 0 bulk 0

Initial min path
io_oeb[14]

Initial max path
io_oeb[14]

Initial sim path
io_oeb[14]

Min path
io_oeb[14]

Max path
io_oeb[14]

Sim path
io_oeb[14]


> gn io_oeb[15]
Net io_oeb[15]: 73
 connections: gate 0 source 0 drain 0 bulk 0

Initial min path
io_oeb[15]

Initial max path
io_oeb[15]

Initial sim path
io_oeb[15]

Min path
io_oeb[15]

Max path
io_oeb[15]

Sim path
io_oeb[15]


> gn io_oeb[16]
Net io_oeb[16]: 74
 connections: gate 0 source 0 drain 0 bulk 0

Initial min path
io_oeb[16]

Initial max path
io_oeb[16]

Initial sim path
io_oeb[16]

Min path
io_oeb[16]

Max path
io_oeb[16]

Sim path
io_oeb[16]


> gn io_oeb[17]
Net io_oeb[17]: 75
 connections: gate 0 source 0 drain 0 bulk 0

Initial min path
io_oeb[17]

Initial max path
io_oeb[17]

Initial sim path
io_oeb[17]

Min path
io_oeb[17]

Max path
io_oeb[17]

Sim path
io_oeb[17]


> gn io_oeb[18]
Net io_oeb[18]: 76
 connections: gate 0 source 0 drain 0 bulk 0

Initial min path
io_oeb[18]

Initial max path
io_oeb[18]

Initial sim path
io_oeb[18]

Min path
io_oeb[18]

Max path
io_oeb[18]

Sim path
io_oeb[18]


> gn io_oeb[19]
Net io_oeb[19]: 77
 connections: gate 0 source 0 drain 0 bulk 0

Initial min path
io_oeb[19]

Initial max path
io_oeb[19]

Initial sim path
io_oeb[19]

Min path
io_oeb[19]

Max path
io_oeb[19]

Sim path
io_oeb[19]


> gn io_oeb[20]
Net io_oeb[20]: 79
 connections: gate 0 source 0 drain 0 bulk 0

Initial min path
io_oeb[20]

Initial max path
io_oeb[20]

Initial sim path
io_oeb[20]

Min path
io_oeb[20]

Max path
io_oeb[20]

Sim path
io_oeb[20]


> gn io_oeb[21]
Net io_oeb[21]: 80
 connections: gate 0 source 0 drain 0 bulk 0

Initial min path
io_oeb[21]

Initial max path
io_oeb[21]

Initial sim path
io_oeb[21]

Min path
io_oeb[21]

Max path
io_oeb[21]

Sim path
io_oeb[21]


> gn io_oeb[22]
Net io_oeb[22]: 81
 connections: gate 0 source 0 drain 0 bulk 0

Initial min path
io_oeb[22]

Initial max path
io_oeb[22]

Initial sim path
io_oeb[22]

Min path
io_oeb[22]

Max path
io_oeb[22]

Sim path
io_oeb[22]


> gn io_oeb[23]
Net io_oeb[23]: 82
 connections: gate 0 source 0 drain 0 bulk 0

Initial min path
io_oeb[23]

Initial max path
io_oeb[23]

Initial sim path
io_oeb[23]

Min path
io_oeb[23]

Max path
io_oeb[23]

Sim path
io_oeb[23]


> gn io_oeb[24]
Net io_oeb[24]: 83
 connections: gate 0 source 0 drain 0 bulk 0

Initial min path
io_oeb[24]

Initial max path
io_oeb[24]

Initial sim path
io_oeb[24]

Min path
io_oeb[24]

Max path
io_oeb[24]

Sim path
io_oeb[24]


> gn io_oeb[25]
Net io_oeb[25]: 84
 connections: gate 0 source 0 drain 0 bulk 0

Initial min path
io_oeb[25]

Initial max path
io_oeb[25]

Initial sim path
io_oeb[25]

Min path
io_oeb[25]

Max path
io_oeb[25]

Sim path
io_oeb[25]


> gn io_oeb[26]
Net io_oeb[26]: 85
 connections: gate 0 source 0 drain 0 bulk 0

Initial min path
io_oeb[26]

Initial max path
io_oeb[26]

Initial sim path
io_oeb[26]

Min path
io_oeb[26]

Max path
io_oeb[26]

Sim path
io_oeb[26]


> gn io_oeb[27]
Net io_oeb[27]: 86
 connections: gate 0 source 0 drain 0 bulk 0

Initial min path
io_oeb[27]

Initial max path
io_oeb[27]

Initial sim path
io_oeb[27]

Min path
io_oeb[27]

Max path
io_oeb[27]

Sim path
io_oeb[27]


> gn io_oeb[28]
Net io_oeb[28]: 87
 connections: gate 0 source 0 drain 0 bulk 0

Initial min path
io_oeb[28]

Initial max path
io_oeb[28]

Initial sim path
io_oeb[28]

Min path
io_oeb[28]

Max path
io_oeb[28]

Sim path
io_oeb[28]


> gn io_oeb[29]
Net io_oeb[29]: 88
 connections: gate 0 source 0 drain 0 bulk 0

Initial min path
io_oeb[29]

Initial max path
io_oeb[29]

Initial sim path
io_oeb[29]

Min path
io_oeb[29]

Max path
io_oeb[29]

Sim path
io_oeb[29]


> gn io_oeb[30]
Net io_oeb[30]: 90
 connections: gate 0 source 0 drain 0 bulk 0

Initial min path
io_oeb[30]

Initial max path
io_oeb[30]

Initial sim path
io_oeb[30]

Min path
io_oeb[30]

Max path
io_oeb[30]

Sim path
io_oeb[30]


> gn io_oeb[31]
Net io_oeb[31]: 91
 connections: gate 0 source 0 drain 0 bulk 0

Initial min path
io_oeb[31]

Initial max path
io_oeb[31]

Initial sim path
io_oeb[31]

Min path
io_oeb[31]

Max path
io_oeb[31]

Sim path
io_oeb[31]


> gn io_oeb[32]
Net io_oeb[32]: 92
 connections: gate 0 source 0 drain 0 bulk 0

Initial min path
io_oeb[32]

Initial max path
io_oeb[32]

Initial sim path
io_oeb[32]

Min path
io_oeb[32]

Max path
io_oeb[32]

Sim path
io_oeb[32]


> gn io_oeb[33]
Net io_oeb[33]: 93
 connections: gate 0 source 0 drain 0 bulk 0

Initial min path
io_oeb[33]

Initial max path
io_oeb[33]

Initial sim path
io_oeb[33]

Min path
io_oeb[33]

Max path
io_oeb[33]

Sim path
io_oeb[33]


> gn io_oeb[34]
Net io_oeb[34]: 94
 connections: gate 0 source 0 drain 0 bulk 0

Initial min path
io_oeb[34]

Initial max path
io_oeb[34]

Initial sim path
io_oeb[34]

Min path
io_oeb[34]

Max path
io_oeb[34]

Sim path
io_oeb[34]


> gn io_oeb[35]
Net io_oeb[35]: 95
 connections: gate 0 source 0 drain 0 bulk 0

Initial min path
io_oeb[35]

Initial max path
io_oeb[35]

Initial sim path
io_oeb[35]

Min path
io_oeb[35]

Max path
io_oeb[35]

Sim path
io_oeb[35]


> gn io_oeb[36]
Net io_oeb[36]: 96
 connections: gate 0 source 0 drain 0 bulk 0

Initial min path
io_oeb[36]

Initial max path
io_oeb[36]

Initial sim path
io_oeb[36]

Min path
io_oeb[36]

Max path
io_oeb[36]

Sim path
io_oeb[36]


> gn io_oeb[37]
Net io_oeb[37]: 97
 connections: gate 0 source 0 drain 0 bulk 0

Initial min path
io_oeb[37]

Initial max path
io_oeb[37]

Initial sim path
io_oeb[37]

Min path
io_oeb[37]

Max path
io_oeb[37]

Sim path
io_oeb[37]


> gn io_in[0]
Net io_in[0]: 29
 connections: gate 0 source 0 drain 0 bulk 0
 base definition io_in[*]
  default min unknown
  default sim unknown
  default max unknown
 defined as  input min@0.0 max@1.8 =>  min@0.0 max@1.8 input


> gn io_in[1]
Net io_in[1]: 40
 connections: gate 0 source 0 drain 0 bulk 0
 base definition io_in[*]
  default min unknown
  default sim unknown
  default max unknown
 defined as  input min@0.0 max@1.8 =>  min@0.0 max@1.8 input


> gn io_in[2]
Net io_in[2]: 51
 connections: gate 0 source 0 drain 0 bulk 0
 base definition io_in[*]
  default min unknown
  default sim unknown
  default max unknown
 defined as  input min@0.0 max@1.8 =>  min@0.0 max@1.8 input


> gn io_in[3]
Net io_in[3]: 60
 connections: gate 0 source 0 drain 0 bulk 0
 base definition io_in[*]
  default min unknown
  default sim unknown
  default max unknown
 defined as  input min@0.0 max@1.8 =>  min@0.0 max@1.8 input


> gn io_in[4]
Net io_in[4]: 61
 connections: gate 0 source 0 drain 0 bulk 0
 base definition io_in[*]
  default min unknown
  default sim unknown
  default max unknown
 defined as  input min@0.0 max@1.8 =>  min@0.0 max@1.8 input


> gn io_in[5]
Net io_in[5]: 62
 connections: gate 0 source 0 drain 0 bulk 0
 base definition io_in[*]
  default min unknown
  default sim unknown
  default max unknown
 defined as  input min@0.0 max@1.8 =>  min@0.0 max@1.8 input


> gn io_in[6]
Net io_in[6]: 63
 connections: gate 0 source 0 drain 0 bulk 0
 base definition io_in[*]
  default min unknown
  default sim unknown
  default max unknown
 defined as  input min@0.0 max@1.8 =>  min@0.0 max@1.8 input


> gn io_in[7]
Net io_in[7]: 64
 connections: gate 0 source 0 drain 0 bulk 0
 base definition io_in[*]
  default min unknown
  default sim unknown
  default max unknown
 defined as  input min@0.0 max@1.8 =>  min@0.0 max@1.8 input


> gn io_in[8]
Net io_in[8]: 65
 connections: gate 0 source 0 drain 0 bulk 0
 base definition io_in[*]
  default min unknown
  default sim unknown
  default max unknown
 defined as  input min@0.0 max@1.8 =>  min@0.0 max@1.8 input


> gn io_in[9]
Net io_in[9]: 66
 connections: gate 0 source 0 drain 0 bulk 0
 base definition io_in[*]
  default min unknown
  default sim unknown
  default max unknown
 defined as  input min@0.0 max@1.8 =>  min@0.0 max@1.8 input


> gn io_in[10]
Net io_in[10]: 30
 connections: gate 0 source 0 drain 0 bulk 0
 base definition io_in[*]
  default min unknown
  default sim unknown
  default max unknown
 defined as  input min@0.0 max@1.8 =>  min@0.0 max@1.8 input


> gn io_in[11]
Net io_in[11]: 31
 connections: gate 0 source 0 drain 0 bulk 0
 base definition io_in[*]
  default min unknown
  default sim unknown
  default max unknown
 defined as  input min@0.0 max@1.8 =>  min@0.0 max@1.8 input


> gn io_in[12]
Net io_in[12]: 32
 connections: gate 0 source 0 drain 0 bulk 0
 base definition io_in[*]
  default min unknown
  default sim unknown
  default max unknown
 defined as  input min@0.0 max@1.8 =>  min@0.0 max@1.8 input


> gn io_in[13]
Net io_in[13]: 33
 connections: gate 0 source 0 drain 0 bulk 0
 base definition io_in[*]
  default min unknown
  default sim unknown
  default max unknown
 defined as  input min@0.0 max@1.8 =>  min@0.0 max@1.8 input


> gn io_in[14]
Net io_in[14]: 34
 connections: gate 0 source 0 drain 0 bulk 0
 base definition io_in[*]
  default min unknown
  default sim unknown
  default max unknown
 defined as  input min@0.0 max@1.8 =>  min@0.0 max@1.8 input


> gn io_in[15]
Net io_in[15]: 35
 connections: gate 0 source 0 drain 0 bulk 0
 base definition io_in[*]
  default min unknown
  default sim unknown
  default max unknown
 defined as  input min@0.0 max@1.8 =>  min@0.0 max@1.8 input


> gn io_in[16]
Net io_in[16]: 36
 connections: gate 0 source 0 drain 0 bulk 0
 base definition io_in[*]
  default min unknown
  default sim unknown
  default max unknown
 defined as  input min@0.0 max@1.8 =>  min@0.0 max@1.8 input


> gn io_in[17]
Net io_in[17]: 37
 connections: gate 0 source 0 drain 0 bulk 0
 base definition io_in[*]
  default min unknown
  default sim unknown
  default max unknown
 defined as  input min@0.0 max@1.8 =>  min@0.0 max@1.8 input


> gn io_in[18]
Net io_in[18]: 38
 connections: gate 0 source 0 drain 0 bulk 0
 base definition io_in[*]
  default min unknown
  default sim unknown
  default max unknown
 defined as  input min@0.0 max@1.8 =>  min@0.0 max@1.8 input


> gn io_in[19]
Net io_in[19]: 39
 connections: gate 0 source 0 drain 0 bulk 0
 base definition io_in[*]
  default min unknown
  default sim unknown
  default max unknown
 defined as  input min@0.0 max@1.8 =>  min@0.0 max@1.8 input


> gn io_in[20]
Net io_in[20]: 41
 connections: gate 0 source 0 drain 0 bulk 0
 base definition io_in[*]
  default min unknown
  default sim unknown
  default max unknown
 defined as  input min@0.0 max@1.8 =>  min@0.0 max@1.8 input


> gn io_in[21]
Net io_in[21]: 42
 connections: gate 0 source 0 drain 0 bulk 0
 base definition io_in[*]
  default min unknown
  default sim unknown
  default max unknown
 defined as  input min@0.0 max@1.8 =>  min@0.0 max@1.8 input


> gn io_in[22]
Net io_in[22]: 43
 connections: gate 0 source 0 drain 0 bulk 0
 base definition io_in[*]
  default min unknown
  default sim unknown
  default max unknown
 defined as  input min@0.0 max@1.8 =>  min@0.0 max@1.8 input


> gn io_in[23]
Net io_in[23]: 44
 connections: gate 0 source 0 drain 0 bulk 0
 base definition io_in[*]
  default min unknown
  default sim unknown
  default max unknown
 defined as  input min@0.0 max@1.8 =>  min@0.0 max@1.8 input


> gn io_in[24]
Net io_in[24]: 45
 connections: gate 0 source 0 drain 0 bulk 0
 base definition io_in[*]
  default min unknown
  default sim unknown
  default max unknown
 defined as  input min@0.0 max@1.8 =>  min@0.0 max@1.8 input


> gn io_in[25]
Net io_in[25]: 46
 connections: gate 0 source 0 drain 0 bulk 0
 base definition io_in[*]
  default min unknown
  default sim unknown
  default max unknown
 defined as  input min@0.0 max@1.8 =>  min@0.0 max@1.8 input


> gn io_in[26]
Net io_in[26]: 47
 connections: gate 0 source 0 drain 0 bulk 0
 base definition io_in[*]
  default min unknown
  default sim unknown
  default max unknown
 defined as  input min@0.0 max@1.8 =>  min@0.0 max@1.8 input


> gn io_in[27]
Net io_in[27]: 48
 connections: gate 0 source 0 drain 0 bulk 0
 base definition io_in[*]
  default min unknown
  default sim unknown
  default max unknown
 defined as  input min@0.0 max@1.8 =>  min@0.0 max@1.8 input


> gn io_in[28]
Net io_in[28]: 49
 connections: gate 0 source 0 drain 0 bulk 0
 base definition io_in[*]
  default min unknown
  default sim unknown
  default max unknown
 defined as  input min@0.0 max@1.8 =>  min@0.0 max@1.8 input


> gn io_in[29]
Net io_in[29]: 50
 connections: gate 0 source 0 drain 0 bulk 0
 base definition io_in[*]
  default min unknown
  default sim unknown
  default max unknown
 defined as  input min@0.0 max@1.8 =>  min@0.0 max@1.8 input


> gn io_in[30]
Net io_in[30]: 52
 connections: gate 0 source 0 drain 0 bulk 0
 base definition io_in[*]
  default min unknown
  default sim unknown
  default max unknown
 defined as  input min@0.0 max@1.8 =>  min@0.0 max@1.8 input


> gn io_in[31]
Net io_in[31]: 53
 connections: gate 0 source 0 drain 0 bulk 0
 base definition io_in[*]
  default min unknown
  default sim unknown
  default max unknown
 defined as  input min@0.0 max@1.8 =>  min@0.0 max@1.8 input


> gn io_in[32]
Net io_in[32]: 54
 connections: gate 0 source 0 drain 0 bulk 0
 base definition io_in[*]
  default min unknown
  default sim unknown
  default max unknown
 defined as  input min@0.0 max@1.8 =>  min@0.0 max@1.8 input


> gn io_in[33]
Net io_in[33]: 55
 connections: gate 0 source 0 drain 0 bulk 0
 base definition io_in[*]
  default min unknown
  default sim unknown
  default max unknown
 defined as  input min@0.0 max@1.8 =>  min@0.0 max@1.8 input


> gn io_in[34]
Net io_in[34]: 56
 connections: gate 0 source 0 drain 0 bulk 0
 base definition io_in[*]
  default min unknown
  default sim unknown
  default max unknown
 defined as  input min@0.0 max@1.8 =>  min@0.0 max@1.8 input


> gn io_in[35]
Net io_in[35]: 57
 connections: gate 0 source 0 drain 0 bulk 0
 base definition io_in[*]
  default min unknown
  default sim unknown
  default max unknown
 defined as  input min@0.0 max@1.8 =>  min@0.0 max@1.8 input


> gn io_in[36]
Net io_in[36]: 58
 connections: gate 0 source 0 drain 0 bulk 0
 base definition io_in[*]
  default min unknown
  default sim unknown
  default max unknown
 defined as  input min@0.0 max@1.8 =>  min@0.0 max@1.8 input


> gn io_in[37]
Net io_in[37]: 59
 connections: gate 0 source 0 drain 0 bulk 0
 base definition io_in[*]
  default min unknown
  default sim unknown
  default max unknown
 defined as  input min@0.0 max@1.8 =>  min@0.0 max@1.8 input


> gn analog_io[0]
Net analog_io[0]: 0
 connections: gate 0 source 0 drain 0 bulk 0


> gn analog_io[1]
Net analog_io[1]: 11
 connections: gate 0 source 0 drain 0 bulk 0


> gn analog_io[2]
Net analog_io[2]: 21
 connections: gate 0 source 0 drain 0 bulk 0


> gn analog_io[3]
Net analog_io[3]: 22
 connections: gate 0 source 0 drain 0 bulk 0


> gn analog_io[4]
Net analog_io[4]: 23
 connections: gate 0 source 0 drain 0 bulk 0


> gn analog_io[5]
Net analog_io[5]: 24
 connections: gate 0 source 0 drain 0 bulk 0


> gn analog_io[6]
Net analog_io[6]: 25
 connections: gate 0 source 0 drain 0 bulk 0


> gn analog_io[7]
Net analog_io[7]: 26
 connections: gate 0 source 0 drain 0 bulk 0


> gn analog_io[8]
Net analog_io[8]: 27
 connections: gate 0 source 0 drain 0 bulk 0


> gn analog_io[9]
Net analog_io[9]: 28
 connections: gate 0 source 0 drain 0 bulk 0


> gn analog_io[10]
Net analog_io[10]: 1
 connections: gate 0 source 0 drain 0 bulk 0


> gn analog_io[11]
Net analog_io[11]: 2
 connections: gate 0 source 0 drain 0 bulk 0


> gn analog_io[12]
Net analog_io[12]: 3
 connections: gate 0 source 0 drain 0 bulk 0


> gn analog_io[13]
Net analog_io[13]: 4
 connections: gate 0 source 0 drain 0 bulk 0


> gn analog_io[14]
Net analog_io[14]: 5
 connections: gate 0 source 0 drain 0 bulk 0


> gn analog_io[15]
Net analog_io[15]: 6
 connections: gate 0 source 0 drain 0 bulk 0


> gn analog_io[16]
Net analog_io[16]: 7
 connections: gate 0 source 0 drain 0 bulk 0


> gn analog_io[17]
Net analog_io[17]: 8
 connections: gate 0 source 0 drain 0 bulk 0


> gn analog_io[18]
Net analog_io[18]: 9
 connections: gate 0 source 0 drain 0 bulk 0


> gn analog_io[19]
Net analog_io[19]: 10
 connections: gate 0 source 0 drain 0 bulk 0


> gn analog_io[20]
Net analog_io[20]: 12
 connections: gate 0 source 0 drain 0 bulk 0


> gn analog_io[21]
Net analog_io[21]: 13
 connections: gate 0 source 0 drain 0 bulk 0


> gn analog_io[22]
Net analog_io[22]: 14
 connections: gate 0 source 0 drain 0 bulk 0


> gn analog_io[23]
Net analog_io[23]: 15
 connections: gate 0 source 0 drain 0 bulk 0


> gn analog_io[24]
Net analog_io[24]: 16
 connections: gate 0 source 0 drain 0 bulk 0


> gn analog_io[25]
Net analog_io[25]: 17
 connections: gate 0 source 0 drain 0 bulk 0


> gn analog_io[26]
Net analog_io[26]: 18
 connections: gate 0 source 0 drain 0 bulk 0


> gn analog_io[27]
Net analog_io[27]: 19
 connections: gate 0 source 0 drain 0 bulk 0


> gn analog_io[28]
Net analog_io[28]: 20
 connections: gate 0 source 0 drain 0 bulk 0


> q
Runtime: 0:00:01 (hh:mm:ss)
