2026-05-14 06:20:29 [INFO] Extracting compressed files in: /tmp/tmp_0qrjrub/repo
2026-05-14 06:20:29 [INFO] make uncompress produced 3 gds/*.gds file(s): ucb_top.gds, user_proj_example.gds, user_project_wrapper.gds (make exit 2)
2026-05-14 06:20:29 [INFO] Project type: digital
2026-05-14 06:20:29 [INFO] GDS hash (user_project_wrapper): 6e2b362d3c437b5fc9147831668edc5c9ba8e667
2026-05-14 06:20:29 [INFO] Tools: KLayout v0.29.2 | Magic v8.3.471
2026-05-14 06:20:29 [INFO] PDK: SKY130A unknown
2026-05-14 06:20:29 [INFO] Running 2 checks: [lvs, oeb]
2026-05-14 06:20:29 [INFO] Loading LVS environment from /tmp/tmp_0qrjrub/repo/lvs/user_project_wrapper/lvs_config.json
2026-05-14 06:20:29 [INFO] EXTRACT_FLATGLOB: 
2026-05-14 06:20:29 [INFO] EXTRACT_ABSTRACT: *__fill_* *__fakediode_* *__tapvpwrvgnd_*
2026-05-14 06:20:29 [INFO] EXTRACT_CREATE_SUBCUT: 
2026-05-14 06:20:29 [INFO] LVS_FLATTEN: 
2026-05-14 06:20:29 [INFO] LVS_NOFLATTEN: 
2026-05-14 06:20:29 [INFO] LVS_IGNORE: 
2026-05-14 06:20:29 [INFO] LVS_SPICE_FILES: /opt/pdks/sky130A/libs.ref/sky130_fd_sc_hd/spice/sky130_ef_sc_hd__decap*.spice /opt/pdks/sky130A/libs.ref/sky130_fd_sc_hd/spice/sky130_fd_sc_hd.spice
2026-05-14 06:20:29 [INFO] LVS_VERILOG_FILES: /tmp/tmp_0qrjrub/repo/verilog/gl/ucb_top.v /tmp/tmp_0qrjrub/repo/verilog/gl/user_project_wrapper.v
2026-05-14 06:20:29 [INFO] LAYOUT_FILE: /tmp/tmp_0qrjrub/repo/gds/user_project_wrapper.gds
2026-05-14 06:20:29 [INFO] Running: run_be_checks --nooeb
2026-05-14 06:20:29 [INFO] LVS output directory: /tmp/tmp_0qrjrub/repo/precheck_results/14_MAY_2026___06_20_28
2026-05-14 06:22:49 [ERROR] LVS FAILED (stat=1), see /tmp/tmp_0qrjrub/repo/precheck_results/14_MAY_2026___06_20_28/logs/LVS_check.log
2026-05-14 06:22:49 [INFO] Loading LVS environment from /tmp/tmp_0qrjrub/repo/lvs/user_project_wrapper/lvs_config.json
2026-05-14 06:22:49 [INFO] EXTRACT_FLATGLOB: 
2026-05-14 06:22:49 [INFO] EXTRACT_ABSTRACT: *__fill_* *__fakediode_* *__tapvpwrvgnd_*
2026-05-14 06:22:49 [INFO] EXTRACT_CREATE_SUBCUT: 
2026-05-14 06:22:49 [INFO] LVS_FLATTEN: 
2026-05-14 06:22:49 [INFO] LVS_NOFLATTEN: 
2026-05-14 06:22:49 [INFO] LVS_IGNORE: 
2026-05-14 06:22:49 [INFO] LVS_SPICE_FILES: /opt/pdks/sky130A/libs.ref/sky130_fd_sc_hd/spice/sky130_ef_sc_hd__decap*.spice /opt/pdks/sky130A/libs.ref/sky130_fd_sc_hd/spice/sky130_fd_sc_hd.spice
2026-05-14 06:22:49 [INFO] LVS_VERILOG_FILES: /tmp/tmp_0qrjrub/repo/verilog/gl/ucb_top.v /tmp/tmp_0qrjrub/repo/verilog/gl/user_project_wrapper.v
2026-05-14 06:22:49 [INFO] LAYOUT_FILE: /tmp/tmp_0qrjrub/repo/gds/user_project_wrapper.gds
2026-05-14 06:22:49 [INFO] Running: run_oeb_check --noextract
2026-05-14 06:22:49 [INFO] OEB output directory: /tmp/tmp_0qrjrub/repo/precheck_results/14_MAY_2026___06_20_28
2026-05-14 06:22:51 [ERROR] OEB FAILED (stat=6), see /tmp/tmp_0qrjrub/repo/precheck_results/14_MAY_2026___06_20_28/logs/OEB_check.log
