
TOP SOURCE: user_project_wrapper
SOURCE FILE(S): /opt/pdks/sky130A/libs.ref/sky130_fd_sc_hd/spice/sky130_ef_sc_hd__decap_12.spice
 /opt/pdks/sky130A/libs.ref/sky130_fd_sc_hd/spice/sky130_ef_sc_hd__decap_20_12.spice
 /opt/pdks/sky130A/libs.ref/sky130_fd_sc_hd/spice/sky130_ef_sc_hd__decap_40_12.spice
 /opt/pdks/sky130A/libs.ref/sky130_fd_sc_hd/spice/sky130_ef_sc_hd__decap_60_12.spice
 /opt/pdks/sky130A/libs.ref/sky130_fd_sc_hd/spice/sky130_ef_sc_hd__decap_80_12.spice
 /opt/pdks/sky130A/libs.ref/sky130_fd_sc_hd/spice/sky130_fd_sc_hd.spice
 /tmp/tmpofaozfbi/repo/verilog/gl/ucb_top.v
 /tmp/tmpofaozfbi/repo/verilog/gl/user_project_wrapper.v
TOP LAYOUT: user_project_wrapper
LAYOUT FILE: /tmp/tmpofaozfbi/repo/gds/user_project_wrapper.gds
EXTRACT_FLATGLOB: 
EXTRACT_ABSTRACT: *__fill_*
 *__fakediode_*
 *__tapvpwrvgnd_*
LVS_FLATTEN: 
LVS_NOFLATTEN: 
LVS_IGNORE: 
WORK_ROOT   : /tmp/tmpofaozfbi/repo/precheck_results/12_MAY_2026___08_39_22/tmp
LOG_ROOT    : /tmp/tmpofaozfbi/repo/precheck_results/12_MAY_2026___08_39_22/logs
SIGNOFF_ROOT: /tmp/tmpofaozfbi/repo/precheck_results/12_MAY_2026___08_39_22/outputs/reports
 
Running hierarchical comparison between verilog and layout...
Creating /tmp/tmpofaozfbi/repo/precheck_results/12_MAY_2026___08_39_22/tmp/verilog.cells from the following files...
	/tmp/tmpofaozfbi/repo/verilog/gl/ucb_top.v
	/tmp/tmpofaozfbi/repo/verilog/gl/user_project_wrapper.v
sed: can't read /tmp/tmpofaozfbi/repo/verilog/gl/user_project_wrapper.v: No such file or directory
[INFO] Changing from /tmp/tmpofaozfbi/repo/gds/user_project_wrapper.gds
	to /tmp/tmpofaozfbi/repo/precheck_results/12_MAY_2026___08_39_22/tmp/layout.txt
Hierarchy check for user_project_wrapper passed.
 
Running LVS...
TOP SOURCE: user_project_wrapper
SOURCE FILE(S): /opt/pdks/sky130A/libs.ref/sky130_fd_sc_hd/spice/sky130_ef_sc_hd__decap_12.spice
 /opt/pdks/sky130A/libs.ref/sky130_fd_sc_hd/spice/sky130_ef_sc_hd__decap_20_12.spice
 /opt/pdks/sky130A/libs.ref/sky130_fd_sc_hd/spice/sky130_ef_sc_hd__decap_40_12.spice
 /opt/pdks/sky130A/libs.ref/sky130_fd_sc_hd/spice/sky130_ef_sc_hd__decap_60_12.spice
 /opt/pdks/sky130A/libs.ref/sky130_fd_sc_hd/spice/sky130_ef_sc_hd__decap_80_12.spice
 /opt/pdks/sky130A/libs.ref/sky130_fd_sc_hd/spice/sky130_fd_sc_hd.spice
 /tmp/tmpofaozfbi/repo/verilog/gl/ucb_top.v
 /tmp/tmpofaozfbi/repo/verilog/gl/user_project_wrapper.v
TOP LAYOUT: user_project_wrapper
LAYOUT FILE: /tmp/tmpofaozfbi/repo/gds/user_project_wrapper.gds
EXTRACT_FLATGLOB: 
EXTRACT_ABSTRACT: *__fill_*
 *__fakediode_*
 *__tapvpwrvgnd_*
LVS_FLATTEN: 
LVS_NOFLATTEN: 
LVS_IGNORE: 
WORK_ROOT   : /tmp/tmpofaozfbi/repo/precheck_results/12_MAY_2026___08_39_22/tmp
LOG_ROOT    : /tmp/tmpofaozfbi/repo/precheck_results/12_MAY_2026___08_39_22/logs
SIGNOFF_ROOT: /tmp/tmpofaozfbi/repo/precheck_results/12_MAY_2026___08_39_22/outputs/reports
 
Running extract...
TOP LAYOUT: user_project_wrapper
LAYOUT FILE: /tmp/tmpofaozfbi/repo/gds/user_project_wrapper.gds
EXTRACT_FLATGLOB: 
EXTRACT_ABSTRACT: *__fill_*
 *__fakediode_*
 *__tapvpwrvgnd_*
WORK_ROOT   : /tmp/tmpofaozfbi/repo/precheck_results/12_MAY_2026___08_39_22/tmp
LOG_ROOT    : /tmp/tmpofaozfbi/repo/precheck_results/12_MAY_2026___08_39_22/logs
SIGNOFF_ROOT: /tmp/tmpofaozfbi/repo/precheck_results/12_MAY_2026___08_39_22/outputs/reports
LOG FILE: /tmp/tmpofaozfbi/repo/precheck_results/12_MAY_2026___08_39_22/logs/ext.log
Adding subcutout style to tech file.
/opt/pdks/sky130A/libs.tech/magic/sky130A.tech: version 1.0.493
Extracting to /tmp/tmpofaozfbi/repo/precheck_results/12_MAY_2026___08_39_22/tmp/ext
 

Magic 8.3 revision 471 - Compiled on Wed Apr 22 16:23:58 UTC 2026.
Starting magic under Tcl interpreter
Using the terminal as the console.
Using NULL graphics device.
Processing system .magicrc file
Sourcing design magicrc.well for technology sky130A ...
2 Magic internal units = 1 Lambda
Loading tech file /tmp/tmpofaozfbi/repo/precheck_results/12_MAY_2026___08_39_22/tmp/sky130A.tech
Input style sky130(): scaleFactor=2, multiplier=2
The following types are not handled by extraction and will be treated as non-electrical types:
    ubm 
Scaled tech values by 2 / 1 to match internal grid scaling
Loading "/tmp/tmpofaozfbi/repo/precheck_results/12_MAY_2026___08_39_22/tmp/ext/abstract.tcl" from command line.
Abstracting
CIF input style is now "sky130()"
Abstracting /tmp/tmpofaozfbi/repo/gds/user_project_wrapper.gds
Warning: Calma reading is not undoable!  I hope that's OK.
Library written using GDS-II Release 3.0
Library name: user_project_wrapper
Reading "BV_sky130_ef_sc_hd__decap_40_12".
Reading "BV_sky130_fd_sc_hd__decap_3".
Reading "BV_sky130_fd_sc_hd__fill_1".
Reading "BV_sky130_fd_sc_hd__tapvpwrvgnd_1".
Reading "BV_sky130_fd_sc_hd__fill_4".
Reading "BV_sky130_fd_sc_hd__fill_2".
Reading "BV_sky130_fd_sc_hd__fill_8".
Reading "BV_sky130_fd_sc_hd__dlygate4sd3_1".
Reading "BV_sky130_fd_sc_hd__dfrtp_1".
Reading "BV_sky130_fd_sc_hd__diode_2".
Reading "BV_sky130_fd_sc_hd__clkbuf_1".
Reading "BV_sky130_fd_sc_hd__and2_1".
Reading "BV_sky130_fd_sc_hd__buf_1".
Reading "BV_sky130_fd_sc_hd__xnor2_1".
Reading "BV_sky130_fd_sc_hd__or2_1".
Reading "BV_sky130_fd_sc_hd__nand2_1".
Reading "BV_sky130_fd_sc_hd__mux2_1".
Reading "BV_sky130_fd_sc_hd__dlymetal6s2s_1".
Reading "BV_sky130_fd_sc_hd__clkbuf_4".
Reading "BV_sky130_fd_sc_hd__buf_2".
Reading "BV_sky130_fd_sc_hd__nor2_1".
Reading "BV_sky130_fd_sc_hd__nor3_1".
Reading "BV_sky130_fd_sc_hd__a21bo_1".
Reading "BV_sky130_fd_sc_hd__o21a_1".
Reading "BV_sky130_fd_sc_hd__a21o_1".
Reading "BV_sky130_fd_sc_hd__o21ai_1".
Reading "BV_sky130_fd_sc_hd__or3_1".
Reading "BV_sky130_fd_sc_hd__nand2b_1".
Reading "BV_sky130_fd_sc_hd__xnor2_2".
Reading "BV_sky130_fd_sc_hd__clkbuf_2".
Reading "BV_sky130_fd_sc_hd__nand3_1".
Reading "BV_sky130_fd_sc_hd__clkbuf_8".
Reading "BV_sky130_fd_sc_hd__nor2_2".
Reading "BV_sky130_fd_sc_hd__inv_8".
Reading "BV_sky130_fd_sc_hd__dfrtp_2".
Reading "BV_sky130_fd_sc_hd__inv_6".
Reading "BV_sky130_fd_sc_hd__clkinv_2".
Reading "BV_sky130_fd_sc_hd__bufinv_16".
Reading "BV_sky130_fd_sc_hd__clkinvlp_4".
Reading "BV_sky130_fd_sc_hd__clkinv_4".
Reading "BV_sky130_fd_sc_hd__buf_8".
Reading "BV_sky130_fd_sc_hd__a22o_1".
Reading "BV_sky130_fd_sc_hd__a221o_1".
Reading "BV_sky130_fd_sc_hd__or4_1".
Reading "BV_sky130_fd_sc_hd__o22ai_4".
Reading "BV_sky130_fd_sc_hd__o21ai_4".
Reading "BV_sky130_fd_sc_hd__or4_2".
Reading "BV_sky130_fd_sc_hd__a2bb2o_1".
Reading "BV_sky130_fd_sc_hd__a2111o_1".
Reading "BV_sky130_fd_sc_hd__o22a_4".
Reading "BV_sky130_fd_sc_hd__o22a_2".
Reading "BV_sky130_fd_sc_hd__clkinv_8".
Reading "BV_sky130_fd_sc_hd__o22a_1".
Reading "BV_sky130_fd_sc_hd__nor4_1".
Reading "BV_sky130_fd_sc_hd__clkbuf_16".
Reading "BV_sky130_fd_sc_hd__a2bb2o_2".
Reading "BV_sky130_fd_sc_hd__nand2_4".
Reading "BV_sky130_fd_sc_hd__xor2_1".
Reading "BV_sky130_fd_sc_hd__o2bb2a_1".
Reading "BV_sky130_fd_sc_hd__buf_4".
Reading "BV_sky130_fd_sc_hd__or3b_1".
Reading "BV_sky130_fd_sc_hd__and3_1".
Reading "BV_sky130_fd_sc_hd__a21oi_1".
Reading "BV_sky130_fd_sc_hd__a221oi_1".
Reading "BV_sky130_fd_sc_hd__nand2_2".
Reading "BV_sky130_fd_sc_hd__o221a_1".
Reading "BV_sky130_fd_sc_hd__buf_6".
Reading "BV_sky130_fd_sc_hd__or3_2".
Reading "BV_sky130_fd_sc_hd__a21oi_2".
Reading "BV_sky130_fd_sc_hd__and2_4".
Reading "BV_sky130_fd_sc_hd__o21ai_2".
Reading "BV_sky130_fd_sc_hd__buf_12".
Reading "BV_sky130_fd_sc_hd__a211o_1".
Reading "BV_sky130_fd_sc_hd__inv_2".
Reading "BV_sky130_fd_sc_hd__o21ba_1".
Reading "BV_sky130_fd_sc_hd__nand4b_1".
Reading "BV_sky130_fd_sc_hd__a41o_1".
Reading "BV_sky130_fd_sc_hd__and2b_1".
Reading "BV_sky130_fd_sc_hd__a32o_1".
Reading "BV_sky130_fd_sc_hd__o31a_1".
Reading "BV_sky130_fd_sc_hd__a21boi_1".
Reading "BV_sky130_fd_sc_hd__and3b_1".
Reading "BV_sky130_fd_sc_hd__dfxtp_1".
Reading "BV_sky130_fd_sc_hd__o211a_1".
Reading "BV_sky130_fd_sc_hd__nor2_4".
Reading "BV_sky130_fd_sc_hd__a31oi_2".
Reading "BV_sky130_fd_sc_hd__or3b_4".
Reading "BV_sky130_fd_sc_hd__nor2_8".
Reading "BV_sky130_fd_sc_hd__or3_4".
Reading "BV_sky130_fd_sc_hd__or2_4".
Reading "BV_sky130_fd_sc_hd__or4bb_4".
Reading "BV_sky130_fd_sc_hd__a21boi_2".
Reading "BV_sky130_fd_sc_hd__or4b_4".
Reading "BV_sky130_fd_sc_hd__or4_4".
Reading "BV_sky130_fd_sc_hd__a31o_1".
Reading "BV_sky130_fd_sc_hd__or2_2".
Reading "BV_sky130_fd_sc_hd__nor4b_2".
Reading "BV_sky130_fd_sc_hd__nor4b_1".
Reading "BV_sky130_fd_sc_hd__xor2_2".
Reading "BV_sky130_fd_sc_hd__and2b_4".
Reading "BV_sky130_fd_sc_hd__and4bb_2".
Reading "BV_sky130_fd_sc_hd__and4b_1".
Reading "BV_sky130_fd_sc_hd__and2_2".
Reading "BV_sky130_fd_sc_hd__and4bb_1".
Reading "BV_sky130_fd_sc_hd__o2bb2a_2".
Reading "BV_sky130_fd_sc_hd__dfstp_1".
Reading "BV_sky130_fd_sc_hd__and4b_4".
Reading "BV_sky130_fd_sc_hd__and4b_2".
Reading "BV_sky130_fd_sc_hd__and3_2".
Reading "BV_sky130_fd_sc_hd__dfrtp_4".
Reading "BV_sky130_fd_sc_hd__and4_1".
Reading "BV_sky130_fd_sc_hd__and4bb_4".
Reading "BV_sky130_fd_sc_hd__o21bai_1".
Reading "BV_sky130_fd_sc_hd__nand2b_2".
Reading "BV_sky130_fd_sc_hd__xor2_4".
Reading "BV_sky130_fd_sc_hd__o32a_1".
Reading "BV_sky130_fd_sc_hd__o31ai_1".
Reading "BV_sky130_fd_sc_hd__o2bb2a_4".
Reading "BV_sky130_fd_sc_hd__or4b_1".
Reading "ucb_top".
    5000 uses
    10000 uses
    15000 uses
    20000 uses
    25000 uses
    30000 uses
    35000 uses
    40000 uses
Reading "sky130_fd_sc_hd__conb_1".
Reading "user_project_wrapper".
CIF file read warning: CIF style sky130(): units rescaled by factor of 5 / 1

TIME: read GDS: 00:00:13 


TIME: create subcut: 00:00:00 

Abstracting BV_sky130_fd_sc_hd__fill_1
instance count:0 port count:5
Abstracting BV_sky130_fd_sc_hd__fill_2
instance count:0 port count:5
Abstracting BV_sky130_fd_sc_hd__fill_4
instance count:0 port count:5
Abstracting BV_sky130_fd_sc_hd__fill_8
instance count:0 port count:5
Abstracting BV_sky130_fd_sc_hd__tapvpwrvgnd_1
instance count:0 port count:3

TIME: create abstract: 00:00:00 

Using technology "sky130A", version 1.0.493

Magic 8.3 revision 471 - Compiled on Wed Apr 22 16:23:58 UTC 2026.
Starting magic under Tcl interpreter
Using the terminal as the console.
Using NULL graphics device.
Processing system .magicrc file
Sourcing design magicrc.well for technology sky130A ...
2 Magic internal units = 1 Lambda
Loading tech file /tmp/tmpofaozfbi/repo/precheck_results/12_MAY_2026___08_39_22/tmp/sky130A.tech
Input style sky130(): scaleFactor=2, multiplier=2
The following types are not handled by extraction and will be treated as non-electrical types:
    ubm 
Scaled tech values by 2 / 1 to match internal grid scaling
Loading "/tmp/tmpofaozfbi/repo/precheck_results/12_MAY_2026___08_39_22/tmp/ext/extract.tcl" from command line.
Extracting with top ports unique (digital)
CIF input style is now "sky130()"
Flattening 

Extracting /tmp/tmpofaozfbi/repo/gds/user_project_wrapper.gds
Warning: Calma reading is not undoable!  I hope that's OK.
Library written using GDS-II Release 3.0
Library name: user_project_wrapper
Reading "BV_sky130_ef_sc_hd__decap_40_12".
Reading "BV_sky130_fd_sc_hd__decap_3".
Reading "BV_sky130_fd_sc_hd__fill_1".
Reading "BV_sky130_fd_sc_hd__tapvpwrvgnd_1".
Reading "BV_sky130_fd_sc_hd__fill_4".
Reading "BV_sky130_fd_sc_hd__fill_2".
Reading "BV_sky130_fd_sc_hd__fill_8".
Reading "BV_sky130_fd_sc_hd__dlygate4sd3_1".
Reading "BV_sky130_fd_sc_hd__dfrtp_1".
Reading "BV_sky130_fd_sc_hd__diode_2".
Reading "BV_sky130_fd_sc_hd__clkbuf_1".
Reading "BV_sky130_fd_sc_hd__and2_1".
Reading "BV_sky130_fd_sc_hd__buf_1".
Reading "BV_sky130_fd_sc_hd__xnor2_1".
Reading "BV_sky130_fd_sc_hd__or2_1".
Reading "BV_sky130_fd_sc_hd__nand2_1".
Reading "BV_sky130_fd_sc_hd__mux2_1".
Reading "BV_sky130_fd_sc_hd__dlymetal6s2s_1".
Reading "BV_sky130_fd_sc_hd__clkbuf_4".
Reading "BV_sky130_fd_sc_hd__buf_2".
Reading "BV_sky130_fd_sc_hd__nor2_1".
Reading "BV_sky130_fd_sc_hd__nor3_1".
Reading "BV_sky130_fd_sc_hd__a21bo_1".
Reading "BV_sky130_fd_sc_hd__o21a_1".
Reading "BV_sky130_fd_sc_hd__a21o_1".
Reading "BV_sky130_fd_sc_hd__o21ai_1".
Reading "BV_sky130_fd_sc_hd__or3_1".
Reading "BV_sky130_fd_sc_hd__nand2b_1".
Reading "BV_sky130_fd_sc_hd__xnor2_2".
Reading "BV_sky130_fd_sc_hd__clkbuf_2".
Reading "BV_sky130_fd_sc_hd__nand3_1".
Reading "BV_sky130_fd_sc_hd__clkbuf_8".
Reading "BV_sky130_fd_sc_hd__nor2_2".
Reading "BV_sky130_fd_sc_hd__inv_8".
Reading "BV_sky130_fd_sc_hd__dfrtp_2".
Reading "BV_sky130_fd_sc_hd__inv_6".
Reading "BV_sky130_fd_sc_hd__clkinv_2".
Reading "BV_sky130_fd_sc_hd__bufinv_16".
Reading "BV_sky130_fd_sc_hd__clkinvlp_4".
Reading "BV_sky130_fd_sc_hd__clkinv_4".
Reading "BV_sky130_fd_sc_hd__buf_8".
Reading "BV_sky130_fd_sc_hd__a22o_1".
Reading "BV_sky130_fd_sc_hd__a221o_1".
Reading "BV_sky130_fd_sc_hd__or4_1".
Reading "BV_sky130_fd_sc_hd__o22ai_4".
Reading "BV_sky130_fd_sc_hd__o21ai_4".
Reading "BV_sky130_fd_sc_hd__or4_2".
Reading "BV_sky130_fd_sc_hd__a2bb2o_1".
Reading "BV_sky130_fd_sc_hd__a2111o_1".
Reading "BV_sky130_fd_sc_hd__o22a_4".
Reading "BV_sky130_fd_sc_hd__o22a_2".
Reading "BV_sky130_fd_sc_hd__clkinv_8".
Reading "BV_sky130_fd_sc_hd__o22a_1".
Reading "BV_sky130_fd_sc_hd__nor4_1".
Reading "BV_sky130_fd_sc_hd__clkbuf_16".
Reading "BV_sky130_fd_sc_hd__a2bb2o_2".
Reading "BV_sky130_fd_sc_hd__nand2_4".
Reading "BV_sky130_fd_sc_hd__xor2_1".
Reading "BV_sky130_fd_sc_hd__o2bb2a_1".
Reading "BV_sky130_fd_sc_hd__buf_4".
Reading "BV_sky130_fd_sc_hd__or3b_1".
Reading "BV_sky130_fd_sc_hd__and3_1".
Reading "BV_sky130_fd_sc_hd__a21oi_1".
Reading "BV_sky130_fd_sc_hd__a221oi_1".
Reading "BV_sky130_fd_sc_hd__nand2_2".
Reading "BV_sky130_fd_sc_hd__o221a_1".
Reading "BV_sky130_fd_sc_hd__buf_6".
Reading "BV_sky130_fd_sc_hd__or3_2".
Reading "BV_sky130_fd_sc_hd__a21oi_2".
Reading "BV_sky130_fd_sc_hd__and2_4".
Reading "BV_sky130_fd_sc_hd__o21ai_2".
Reading "BV_sky130_fd_sc_hd__buf_12".
Reading "BV_sky130_fd_sc_hd__a211o_1".
Reading "BV_sky130_fd_sc_hd__inv_2".
Reading "BV_sky130_fd_sc_hd__o21ba_1".
Reading "BV_sky130_fd_sc_hd__nand4b_1".
Reading "BV_sky130_fd_sc_hd__a41o_1".
Reading "BV_sky130_fd_sc_hd__and2b_1".
Reading "BV_sky130_fd_sc_hd__a32o_1".
Reading "BV_sky130_fd_sc_hd__o31a_1".
Reading "BV_sky130_fd_sc_hd__a21boi_1".
Reading "BV_sky130_fd_sc_hd__and3b_1".
Reading "BV_sky130_fd_sc_hd__dfxtp_1".
Reading "BV_sky130_fd_sc_hd__o211a_1".
Reading "BV_sky130_fd_sc_hd__nor2_4".
Reading "BV_sky130_fd_sc_hd__a31oi_2".
Reading "BV_sky130_fd_sc_hd__or3b_4".
Reading "BV_sky130_fd_sc_hd__nor2_8".
Reading "BV_sky130_fd_sc_hd__or3_4".
Reading "BV_sky130_fd_sc_hd__or2_4".
Reading "BV_sky130_fd_sc_hd__or4bb_4".
Reading "BV_sky130_fd_sc_hd__a21boi_2".
Reading "BV_sky130_fd_sc_hd__or4b_4".
Reading "BV_sky130_fd_sc_hd__or4_4".
Reading "BV_sky130_fd_sc_hd__a31o_1".
Reading "BV_sky130_fd_sc_hd__or2_2".
Reading "BV_sky130_fd_sc_hd__nor4b_2".
Reading "BV_sky130_fd_sc_hd__nor4b_1".
Reading "BV_sky130_fd_sc_hd__xor2_2".
Reading "BV_sky130_fd_sc_hd__and2b_4".
Reading "BV_sky130_fd_sc_hd__and4bb_2".
Reading "BV_sky130_fd_sc_hd__and4b_1".
Reading "BV_sky130_fd_sc_hd__and2_2".
Reading "BV_sky130_fd_sc_hd__and4bb_1".
Reading "BV_sky130_fd_sc_hd__o2bb2a_2".
Reading "BV_sky130_fd_sc_hd__dfstp_1".
Reading "BV_sky130_fd_sc_hd__and4b_4".
Reading "BV_sky130_fd_sc_hd__and4b_2".
Reading "BV_sky130_fd_sc_hd__and3_2".
Reading "BV_sky130_fd_sc_hd__dfrtp_4".
Reading "BV_sky130_fd_sc_hd__and4_1".
Reading "BV_sky130_fd_sc_hd__and4bb_4".
Reading "BV_sky130_fd_sc_hd__o21bai_1".
Reading "BV_sky130_fd_sc_hd__nand2b_2".
Reading "BV_sky130_fd_sc_hd__xor2_4".
Reading "BV_sky130_fd_sc_hd__o32a_1".
Reading "BV_sky130_fd_sc_hd__o31ai_1".
Reading "BV_sky130_fd_sc_hd__o2bb2a_4".
Reading "BV_sky130_fd_sc_hd__or4b_1".
Reading "ucb_top".
    5000 uses
    10000 uses
    15000 uses
    20000 uses
    25000 uses
    30000 uses
    35000 uses
    40000 uses
Reading "sky130_fd_sc_hd__conb_1".
Reading "user_project_wrapper".
CIF file read warning: CIF style sky130(): units rescaled by factor of 5 / 1

TIME: read GDS: 00:00:13 


TIME: add subcut: 00:00:00 

Abstracting BV_sky130_fd_sc_hd__fill_1
Abstracting BV_sky130_fd_sc_hd__fill_2
Abstracting BV_sky130_fd_sc_hd__fill_4
Abstracting BV_sky130_fd_sc_hd__fill_8
Abstracting BV_sky130_fd_sc_hd__tapvpwrvgnd_1

TIME: set abstract: 00:00:00 

Processing sky130_fd_sc_hd__conb_1
Processing BV_sky130_fd_sc_hd__decap_3
Processing BV_sky130_ef_sc_hd__decap_40_12
Processing BV_sky130_fd_sc_hd__buf_2
Processing BV_sky130_fd_sc_hd__diode_2
Processing BV_sky130_fd_sc_hd__dlygate4sd3_1
Processing BV_sky130_fd_sc_hd__mux2_1
Processing BV_sky130_fd_sc_hd__dfrtp_1
Processing BV_sky130_fd_sc_hd__xor2_1
Processing BV_sky130_fd_sc_hd__clkbuf_8
Processing BV_sky130_fd_sc_hd__clkinvlp_4
Processing BV_sky130_fd_sc_hd__buf_1
Processing BV_sky130_fd_sc_hd__clkbuf_2
Processing BV_sky130_fd_sc_hd__clkbuf_4
Processing BV_sky130_fd_sc_hd__bufinv_16
Processing BV_sky130_fd_sc_hd__inv_8
Processing BV_sky130_fd_sc_hd__clkinv_4
Processing BV_sky130_fd_sc_hd__inv_6
Processing BV_sky130_fd_sc_hd__dlymetal6s2s_1
Processing BV_sky130_fd_sc_hd__clkinv_8
Processing BV_sky130_fd_sc_hd__clkinv_2
Processing BV_sky130_fd_sc_hd__and3_1
Processing BV_sky130_fd_sc_hd__a22o_1
Processing BV_sky130_fd_sc_hd__a221o_1
Processing BV_sky130_fd_sc_hd__a2111o_1
Processing BV_sky130_fd_sc_hd__buf_8
Processing BV_sky130_fd_sc_hd__or4_1
Processing BV_sky130_fd_sc_hd__buf_4
Processing BV_sky130_fd_sc_hd__nor2_1
Processing BV_sky130_fd_sc_hd__or2_1
Processing BV_sky130_fd_sc_hd__o21a_1
Processing BV_sky130_fd_sc_hd__or4b_1
Processing BV_sky130_fd_sc_hd__a211o_1
Processing BV_sky130_fd_sc_hd__or4_2
Processing BV_sky130_fd_sc_hd__nor4_1
Processing BV_sky130_fd_sc_hd__a21oi_1
Processing BV_sky130_fd_sc_hd__and2_1
Processing BV_sky130_fd_sc_hd__nand2_1
Processing BV_sky130_fd_sc_hd__xnor2_1
Processing BV_sky130_fd_sc_hd__nor3_1
Processing BV_sky130_fd_sc_hd__clkbuf_1
Processing BV_sky130_fd_sc_hd__clkbuf_16
Processing BV_sky130_fd_sc_hd__buf_6
Processing BV_sky130_fd_sc_hd__o22a_1
Processing BV_sky130_fd_sc_hd__or3b_1
Processing BV_sky130_fd_sc_hd__o22ai_4
Processing BV_sky130_fd_sc_hd__o2bb2a_4
Processing BV_sky130_fd_sc_hd__o22a_4
Processing BV_sky130_fd_sc_hd__or3_1
Processing BV_sky130_fd_sc_hd__o31ai_1
Processing BV_sky130_fd_sc_hd__dfrtp_2
Processing BV_sky130_fd_sc_hd__o22a_2
Processing BV_sky130_fd_sc_hd__o32a_1
Processing BV_sky130_fd_sc_hd__a31o_1
Processing BV_sky130_fd_sc_hd__and2b_1
Processing BV_sky130_fd_sc_hd__and2_4
Processing BV_sky130_fd_sc_hd__and4_1
Processing BV_sky130_fd_sc_hd__nand2_4
Processing BV_sky130_fd_sc_hd__and3_2
Processing BV_sky130_fd_sc_hd__xor2_2
Processing BV_sky130_fd_sc_hd__xor2_4
Processing BV_sky130_fd_sc_hd__a2bb2o_1
Processing BV_sky130_fd_sc_hd__o21ai_1
Processing BV_sky130_fd_sc_hd__and2_2
Processing BV_sky130_fd_sc_hd__inv_2
Processing BV_sky130_fd_sc_hd__o21ba_1
Processing BV_sky130_fd_sc_hd__xnor2_2
Processing BV_sky130_fd_sc_hd__nand2b_2
Processing BV_sky130_fd_sc_hd__dfxtp_1
Processing BV_sky130_fd_sc_hd__a21o_1
Processing BV_sky130_fd_sc_hd__nand2b_1
Processing BV_sky130_fd_sc_hd__a21oi_2
Processing BV_sky130_fd_sc_hd__o21bai_1
Processing BV_sky130_fd_sc_hd__or4_4
Processing BV_sky130_fd_sc_hd__o31a_1
Processing BV_sky130_fd_sc_hd__o2bb2a_1
Processing BV_sky130_fd_sc_hd__and3b_1
Processing BV_sky130_fd_sc_hd__and4bb_1
Processing BV_sky130_fd_sc_hd__nor4b_1
Processing BV_sky130_fd_sc_hd__and4bb_4
Processing BV_sky130_fd_sc_hd__dfrtp_4
Processing BV_sky130_fd_sc_hd__a2bb2o_2
Processing BV_sky130_fd_sc_hd__and4b_2
Processing BV_sky130_fd_sc_hd__and4b_4
Processing BV_sky130_fd_sc_hd__and4b_1
Processing BV_sky130_fd_sc_hd__dfstp_1
Processing BV_sky130_fd_sc_hd__o2bb2a_2
Processing BV_sky130_fd_sc_hd__nor2_2
Processing BV_sky130_fd_sc_hd__and4bb_2
Processing BV_sky130_fd_sc_hd__and2b_4
Processing BV_sky130_fd_sc_hd__o21ai_2
Processing BV_sky130_fd_sc_hd__nor4b_2
Processing BV_sky130_fd_sc_hd__nor2_4
Processing BV_sky130_fd_sc_hd__nor2_8
Processing BV_sky130_fd_sc_hd__or4b_4
Processing BV_sky130_fd_sc_hd__buf_12
Processing BV_sky130_fd_sc_hd__or2_2
Processing BV_sky130_fd_sc_hd__or2_4
Processing BV_sky130_fd_sc_hd__or4bb_4
Processing BV_sky130_fd_sc_hd__a21bo_1
Processing BV_sky130_fd_sc_hd__or3b_4
Processing BV_sky130_fd_sc_hd__or3_4
Processing BV_sky130_fd_sc_hd__a21boi_2
Processing BV_sky130_fd_sc_hd__a31oi_2
Processing BV_sky130_fd_sc_hd__o211a_1
Processing BV_sky130_fd_sc_hd__a21boi_1
Processing BV_sky130_fd_sc_hd__a32o_1
Processing BV_sky130_fd_sc_hd__a41o_1
Processing BV_sky130_fd_sc_hd__nand4b_1
Processing BV_sky130_fd_sc_hd__nand3_1
Processing BV_sky130_fd_sc_hd__o221a_1
Processing BV_sky130_fd_sc_hd__or3_2
Processing BV_sky130_fd_sc_hd__o21ai_4
Processing BV_sky130_fd_sc_hd__nand2_2
Processing BV_sky130_fd_sc_hd__a221oi_1
Processing ucb_top
Processing user_project_wrapper
The following types are not handled by extraction and will be treated as non-electrical types:
    ubm 
Extraction style is now "ngspice()"
Extracting sky130_fd_sc_hd__conb_1 into sky130_fd_sc_hd__conb_1.ext:
Extracting BV_sky130_fd_sc_hd__decap_3 into BV_sky130_fd_sc_hd__decap_3.ext:
BV_sky130_fd_sc_hd__decap_3: 2 warnings
Extracting BV_sky130_fd_sc_hd__fill_2 into BV_sky130_fd_sc_hd__fill_2.ext:
Extracting BV_sky130_fd_sc_hd__tapvpwrvgnd_1 into BV_sky130_fd_sc_hd__tapvpwrvgnd_1.ext:
Extracting BV_sky130_ef_sc_hd__decap_40_12 into BV_sky130_ef_sc_hd__decap_40_12.ext:
BV_sky130_ef_sc_hd__decap_40_12: 2 warnings
Extracting BV_sky130_fd_sc_hd__fill_1 into BV_sky130_fd_sc_hd__fill_1.ext:
Extracting BV_sky130_fd_sc_hd__buf_2 into BV_sky130_fd_sc_hd__buf_2.ext:
Extracting BV_sky130_fd_sc_hd__fill_4 into BV_sky130_fd_sc_hd__fill_4.ext:
Extracting BV_sky130_fd_sc_hd__diode_2 into BV_sky130_fd_sc_hd__diode_2.ext:
BV_sky130_fd_sc_hd__diode_2: 1 warning
Extracting BV_sky130_fd_sc_hd__fill_8 into BV_sky130_fd_sc_hd__fill_8.ext:
Extracting BV_sky130_fd_sc_hd__dlygate4sd3_1 into BV_sky130_fd_sc_hd__dlygate4sd3_1.ext:
Extracting BV_sky130_fd_sc_hd__mux2_1 into BV_sky130_fd_sc_hd__mux2_1.ext:
Extracting BV_sky130_fd_sc_hd__dfrtp_1 into BV_sky130_fd_sc_hd__dfrtp_1.ext:
Extracting BV_sky130_fd_sc_hd__xor2_1 into BV_sky130_fd_sc_hd__xor2_1.ext:
Extracting BV_sky130_fd_sc_hd__clkbuf_8 into BV_sky130_fd_sc_hd__clkbuf_8.ext:
Extracting BV_sky130_fd_sc_hd__clkinvlp_4 into BV_sky130_fd_sc_hd__clkinvlp_4.ext:
Extracting BV_sky130_fd_sc_hd__buf_1 into BV_sky130_fd_sc_hd__buf_1.ext:
Extracting BV_sky130_fd_sc_hd__clkbuf_2 into BV_sky130_fd_sc_hd__clkbuf_2.ext:
Extracting BV_sky130_fd_sc_hd__clkbuf_4 into BV_sky130_fd_sc_hd__clkbuf_4.ext:
Extracting BV_sky130_fd_sc_hd__bufinv_16 into BV_sky130_fd_sc_hd__bufinv_16.ext:
Extracting BV_sky130_fd_sc_hd__inv_8 into BV_sky130_fd_sc_hd__inv_8.ext:
Extracting BV_sky130_fd_sc_hd__clkinv_4 into BV_sky130_fd_sc_hd__clkinv_4.ext:
Extracting BV_sky130_fd_sc_hd__inv_6 into BV_sky130_fd_sc_hd__inv_6.ext:
Extracting BV_sky130_fd_sc_hd__dlymetal6s2s_1 into BV_sky130_fd_sc_hd__dlymetal6s2s_1.ext:
Extracting BV_sky130_fd_sc_hd__clkinv_8 into BV_sky130_fd_sc_hd__clkinv_8.ext:
Extracting BV_sky130_fd_sc_hd__clkinv_2 into BV_sky130_fd_sc_hd__clkinv_2.ext:
Extracting BV_sky130_fd_sc_hd__and3_1 into BV_sky130_fd_sc_hd__and3_1.ext:
Extracting BV_sky130_fd_sc_hd__a22o_1 into BV_sky130_fd_sc_hd__a22o_1.ext:
Extracting BV_sky130_fd_sc_hd__a221o_1 into BV_sky130_fd_sc_hd__a221o_1.ext:
Extracting BV_sky130_fd_sc_hd__a2111o_1 into BV_sky130_fd_sc_hd__a2111o_1.ext:
Extracting BV_sky130_fd_sc_hd__buf_8 into BV_sky130_fd_sc_hd__buf_8.ext:
Extracting BV_sky130_fd_sc_hd__or4_1 into BV_sky130_fd_sc_hd__or4_1.ext:
Extracting BV_sky130_fd_sc_hd__buf_4 into BV_sky130_fd_sc_hd__buf_4.ext:
Extracting BV_sky130_fd_sc_hd__nor2_1 into BV_sky130_fd_sc_hd__nor2_1.ext:
Extracting BV_sky130_fd_sc_hd__or2_1 into BV_sky130_fd_sc_hd__or2_1.ext:
Extracting BV_sky130_fd_sc_hd__o21a_1 into BV_sky130_fd_sc_hd__o21a_1.ext:
Extracting BV_sky130_fd_sc_hd__or4b_1 into BV_sky130_fd_sc_hd__or4b_1.ext:
Extracting BV_sky130_fd_sc_hd__a211o_1 into BV_sky130_fd_sc_hd__a211o_1.ext:
Extracting BV_sky130_fd_sc_hd__or4_2 into BV_sky130_fd_sc_hd__or4_2.ext:
Extracting BV_sky130_fd_sc_hd__nor4_1 into BV_sky130_fd_sc_hd__nor4_1.ext:
Extracting BV_sky130_fd_sc_hd__a21oi_1 into BV_sky130_fd_sc_hd__a21oi_1.ext:
Extracting BV_sky130_fd_sc_hd__and2_1 into BV_sky130_fd_sc_hd__and2_1.ext:
Extracting BV_sky130_fd_sc_hd__nand2_1 into BV_sky130_fd_sc_hd__nand2_1.ext:
Extracting BV_sky130_fd_sc_hd__xnor2_1 into BV_sky130_fd_sc_hd__xnor2_1.ext:
Extracting BV_sky130_fd_sc_hd__nor3_1 into BV_sky130_fd_sc_hd__nor3_1.ext:
Extracting BV_sky130_fd_sc_hd__clkbuf_1 into BV_sky130_fd_sc_hd__clkbuf_1.ext:
Extracting BV_sky130_fd_sc_hd__clkbuf_16 into BV_sky130_fd_sc_hd__clkbuf_16.ext:
Extracting BV_sky130_fd_sc_hd__buf_6 into BV_sky130_fd_sc_hd__buf_6.ext:
Extracting BV_sky130_fd_sc_hd__o22a_1 into BV_sky130_fd_sc_hd__o22a_1.ext:
Extracting BV_sky130_fd_sc_hd__or3b_1 into BV_sky130_fd_sc_hd__or3b_1.ext:
Extracting BV_sky130_fd_sc_hd__o22ai_4 into BV_sky130_fd_sc_hd__o22ai_4.ext:
Extracting BV_sky130_fd_sc_hd__o2bb2a_4 into BV_sky130_fd_sc_hd__o2bb2a_4.ext:
Extracting BV_sky130_fd_sc_hd__o22a_4 into BV_sky130_fd_sc_hd__o22a_4.ext:
Extracting BV_sky130_fd_sc_hd__or3_1 into BV_sky130_fd_sc_hd__or3_1.ext:
Extracting BV_sky130_fd_sc_hd__o31ai_1 into BV_sky130_fd_sc_hd__o31ai_1.ext:
Extracting BV_sky130_fd_sc_hd__dfrtp_2 into BV_sky130_fd_sc_hd__dfrtp_2.ext:
Extracting BV_sky130_fd_sc_hd__o22a_2 into BV_sky130_fd_sc_hd__o22a_2.ext:
Extracting BV_sky130_fd_sc_hd__o32a_1 into BV_sky130_fd_sc_hd__o32a_1.ext:
Extracting BV_sky130_fd_sc_hd__a31o_1 into BV_sky130_fd_sc_hd__a31o_1.ext:
Extracting BV_sky130_fd_sc_hd__and2b_1 into BV_sky130_fd_sc_hd__and2b_1.ext:
Extracting BV_sky130_fd_sc_hd__and2_4 into BV_sky130_fd_sc_hd__and2_4.ext:
Extracting BV_sky130_fd_sc_hd__and4_1 into BV_sky130_fd_sc_hd__and4_1.ext:
Extracting BV_sky130_fd_sc_hd__nand2_4 into BV_sky130_fd_sc_hd__nand2_4.ext:
Extracting BV_sky130_fd_sc_hd__and3_2 into BV_sky130_fd_sc_hd__and3_2.ext:
Extracting BV_sky130_fd_sc_hd__xor2_2 into BV_sky130_fd_sc_hd__xor2_2.ext:
Extracting BV_sky130_fd_sc_hd__xor2_4 into BV_sky130_fd_sc_hd__xor2_4.ext:
Extracting BV_sky130_fd_sc_hd__a2bb2o_1 into BV_sky130_fd_sc_hd__a2bb2o_1.ext:
Extracting BV_sky130_fd_sc_hd__o21ai_1 into BV_sky130_fd_sc_hd__o21ai_1.ext:
Extracting BV_sky130_fd_sc_hd__and2_2 into BV_sky130_fd_sc_hd__and2_2.ext:
Extracting BV_sky130_fd_sc_hd__inv_2 into BV_sky130_fd_sc_hd__inv_2.ext:
Extracting BV_sky130_fd_sc_hd__o21ba_1 into BV_sky130_fd_sc_hd__o21ba_1.ext:
Extracting BV_sky130_fd_sc_hd__xnor2_2 into BV_sky130_fd_sc_hd__xnor2_2.ext:
Extracting BV_sky130_fd_sc_hd__nand2b_2 into BV_sky130_fd_sc_hd__nand2b_2.ext:
Extracting BV_sky130_fd_sc_hd__dfxtp_1 into BV_sky130_fd_sc_hd__dfxtp_1.ext:
Extracting BV_sky130_fd_sc_hd__a21o_1 into BV_sky130_fd_sc_hd__a21o_1.ext:
Extracting BV_sky130_fd_sc_hd__nand2b_1 into BV_sky130_fd_sc_hd__nand2b_1.ext:
Extracting BV_sky130_fd_sc_hd__a21oi_2 into BV_sky130_fd_sc_hd__a21oi_2.ext:
Extracting BV_sky130_fd_sc_hd__o21bai_1 into BV_sky130_fd_sc_hd__o21bai_1.ext:
Extracting BV_sky130_fd_sc_hd__or4_4 into BV_sky130_fd_sc_hd__or4_4.ext:
Extracting BV_sky130_fd_sc_hd__o31a_1 into BV_sky130_fd_sc_hd__o31a_1.ext:
Extracting BV_sky130_fd_sc_hd__o2bb2a_1 into BV_sky130_fd_sc_hd__o2bb2a_1.ext:
Extracting BV_sky130_fd_sc_hd__and3b_1 into BV_sky130_fd_sc_hd__and3b_1.ext:
Extracting BV_sky130_fd_sc_hd__and4bb_1 into BV_sky130_fd_sc_hd__and4bb_1.ext:
Extracting BV_sky130_fd_sc_hd__nor4b_1 into BV_sky130_fd_sc_hd__nor4b_1.ext:
Extracting BV_sky130_fd_sc_hd__and4bb_4 into BV_sky130_fd_sc_hd__and4bb_4.ext:
Extracting BV_sky130_fd_sc_hd__dfrtp_4 into BV_sky130_fd_sc_hd__dfrtp_4.ext:
Extracting BV_sky130_fd_sc_hd__a2bb2o_2 into BV_sky130_fd_sc_hd__a2bb2o_2.ext:
Extracting BV_sky130_fd_sc_hd__and4b_2 into BV_sky130_fd_sc_hd__and4b_2.ext:
Extracting BV_sky130_fd_sc_hd__and4b_4 into BV_sky130_fd_sc_hd__and4b_4.ext:
Extracting BV_sky130_fd_sc_hd__and4b_1 into BV_sky130_fd_sc_hd__and4b_1.ext:
Extracting BV_sky130_fd_sc_hd__dfstp_1 into BV_sky130_fd_sc_hd__dfstp_1.ext:
Extracting BV_sky130_fd_sc_hd__o2bb2a_2 into BV_sky130_fd_sc_hd__o2bb2a_2.ext:
Extracting BV_sky130_fd_sc_hd__nor2_2 into BV_sky130_fd_sc_hd__nor2_2.ext:
Extracting BV_sky130_fd_sc_hd__and4bb_2 into BV_sky130_fd_sc_hd__and4bb_2.ext:
Extracting BV_sky130_fd_sc_hd__and2b_4 into BV_sky130_fd_sc_hd__and2b_4.ext:
Extracting BV_sky130_fd_sc_hd__o21ai_2 into BV_sky130_fd_sc_hd__o21ai_2.ext:
Extracting BV_sky130_fd_sc_hd__nor4b_2 into BV_sky130_fd_sc_hd__nor4b_2.ext:
Extracting BV_sky130_fd_sc_hd__nor2_4 into BV_sky130_fd_sc_hd__nor2_4.ext:
Extracting BV_sky130_fd_sc_hd__nor2_8 into BV_sky130_fd_sc_hd__nor2_8.ext:
Extracting BV_sky130_fd_sc_hd__or4b_4 into BV_sky130_fd_sc_hd__or4b_4.ext:
Extracting BV_sky130_fd_sc_hd__buf_12 into BV_sky130_fd_sc_hd__buf_12.ext:
Extracting BV_sky130_fd_sc_hd__or2_2 into BV_sky130_fd_sc_hd__or2_2.ext:
Extracting BV_sky130_fd_sc_hd__or2_4 into BV_sky130_fd_sc_hd__or2_4.ext:
Extracting BV_sky130_fd_sc_hd__or4bb_4 into BV_sky130_fd_sc_hd__or4bb_4.ext:
Extracting BV_sky130_fd_sc_hd__a21bo_1 into BV_sky130_fd_sc_hd__a21bo_1.ext:
Extracting BV_sky130_fd_sc_hd__or3b_4 into BV_sky130_fd_sc_hd__or3b_4.ext:
Extracting BV_sky130_fd_sc_hd__or3_4 into BV_sky130_fd_sc_hd__or3_4.ext:
Extracting BV_sky130_fd_sc_hd__a21boi_2 into BV_sky130_fd_sc_hd__a21boi_2.ext:
Extracting BV_sky130_fd_sc_hd__a31oi_2 into BV_sky130_fd_sc_hd__a31oi_2.ext:
Extracting BV_sky130_fd_sc_hd__o211a_1 into BV_sky130_fd_sc_hd__o211a_1.ext:
Extracting BV_sky130_fd_sc_hd__a21boi_1 into BV_sky130_fd_sc_hd__a21boi_1.ext:
Extracting BV_sky130_fd_sc_hd__a32o_1 into BV_sky130_fd_sc_hd__a32o_1.ext:
Extracting BV_sky130_fd_sc_hd__a41o_1 into BV_sky130_fd_sc_hd__a41o_1.ext:
Extracting BV_sky130_fd_sc_hd__nand4b_1 into BV_sky130_fd_sc_hd__nand4b_1.ext:
Extracting BV_sky130_fd_sc_hd__nand3_1 into BV_sky130_fd_sc_hd__nand3_1.ext:
Extracting BV_sky130_fd_sc_hd__o221a_1 into BV_sky130_fd_sc_hd__o221a_1.ext:
Extracting BV_sky130_fd_sc_hd__or3_2 into BV_sky130_fd_sc_hd__or3_2.ext:
Extracting BV_sky130_fd_sc_hd__o21ai_4 into BV_sky130_fd_sc_hd__o21ai_4.ext:
Extracting BV_sky130_fd_sc_hd__nand2_2 into BV_sky130_fd_sc_hd__nand2_2.ext:
Extracting BV_sky130_fd_sc_hd__a221oi_1 into BV_sky130_fd_sc_hd__a221oi_1.ext:
Extracting ucb_top into ucb_top.ext:
Extracting user_project_wrapper into user_project_wrapper.ext:
Warning:  Ports "la_data_out[0]" and "io_out[6]" are electrically shorted.
Warning:  Ports "io_oeb[9]" and "io_oeb[8]" are electrically shorted.
Warning:  Ports "io_oeb[9]" and "io_oeb[7]" are electrically shorted.
Warning:  Ports "io_oeb[9]" and "io_oeb[37]" are electrically shorted.
Warning:  Ports "io_oeb[9]" and "io_oeb[36]" are electrically shorted.
Warning:  Ports "io_oeb[9]" and "io_oeb[35]" are electrically shorted.
Warning:  Ports "io_oeb[9]" and "io_oeb[34]" are electrically shorted.
Warning:  Ports "io_oeb[9]" and "io_oeb[33]" are electrically shorted.
Warning:  Ports "io_oeb[9]" and "io_oeb[32]" are electrically shorted.
Warning:  Ports "io_oeb[9]" and "io_oeb[31]" are electrically shorted.
Warning:  Ports "io_oeb[9]" and "io_oeb[30]" are electrically shorted.
Warning:  Ports "io_oeb[9]" and "io_oeb[29]" are electrically shorted.
Warning:  Ports "io_oeb[9]" and "io_oeb[28]" are electrically shorted.
Warning:  Ports "io_oeb[9]" and "io_oeb[27]" are electrically shorted.
Warning:  Ports "io_oeb[9]" and "io_oeb[26]" are electrically shorted.
Warning:  Ports "io_oeb[9]" and "io_oeb[25]" are electrically shorted.
Warning:  Ports "io_oeb[9]" and "io_oeb[24]" are electrically shorted.
Warning:  Ports "io_oeb[9]" and "io_oeb[23]" are electrically shorted.
Warning:  Ports "io_oeb[9]" and "io_oeb[22]" are electrically shorted.
Warning:  Ports "io_oeb[9]" and "io_oeb[21]" are electrically shorted.
Warning:  Ports "io_oeb[9]" and "io_oeb[20]" are electrically shorted.
Warning:  Ports "io_oeb[9]" and "io_oeb[19]" are electrically shorted.
Warning:  Ports "io_oeb[9]" and "io_oeb[18]" are electrically shorted.
Warning:  Ports "io_oeb[9]" and "io_oeb[17]" are electrically shorted.
Warning:  Ports "io_oeb[9]" and "io_oeb[16]" are electrically shorted.
Warning:  Ports "io_oeb[9]" and "io_oeb[15]" are electrically shorted.
Warning:  Ports "io_oeb[9]" and "io_oeb[14]" are electrically shorted.
Warning:  Ports "io_oeb[9]" and "io_oeb[13]" are electrically shorted.
Warning:  Ports "io_oeb[9]" and "io_oeb[12]" are electrically shorted.
Warning:  Ports "io_oeb[9]" and "io_oeb[11]" are electrically shorted.
Warning:  Ports "io_oeb[9]" and "io_oeb[10]" are electrically shorted.
Warning:  Ports "wbs_dat_o[9]" and "wbs_dat_o[8]" are electrically shorted.
Warning:  Ports "wbs_dat_o[9]" and "wbs_dat_o[7]" are electrically shorted.
Warning:  Ports "wbs_dat_o[9]" and "wbs_dat_o[6]" are electrically shorted.
Warning:  Ports "wbs_dat_o[9]" and "wbs_dat_o[5]" are electrically shorted.
Warning:  Ports "wbs_dat_o[9]" and "wbs_dat_o[4]" are electrically shorted.
Warning:  Ports "wbs_dat_o[9]" and "wbs_dat_o[3]" are electrically shorted.
Warning:  Ports "wbs_dat_o[9]" and "wbs_dat_o[31]" are electrically shorted.
Warning:  Ports "wbs_dat_o[9]" and "wbs_dat_o[30]" are electrically shorted.
Warning:  Ports "wbs_dat_o[9]" and "wbs_dat_o[2]" are electrically shorted.
Warning:  Ports "wbs_dat_o[9]" and "wbs_dat_o[29]" are electrically shorted.
Warning:  Ports "wbs_dat_o[9]" and "wbs_dat_o[28]" are electrically shorted.
Warning:  Ports "wbs_dat_o[9]" and "wbs_dat_o[27]" are electrically shorted.
Warning:  Ports "wbs_dat_o[9]" and "wbs_dat_o[26]" are electrically shorted.
Warning:  Ports "wbs_dat_o[9]" and "wbs_dat_o[25]" are electrically shorted.
Warning:  Ports "wbs_dat_o[9]" and "wbs_dat_o[24]" are electrically shorted.
Warning:  Ports "wbs_dat_o[9]" and "wbs_dat_o[23]" are electrically shorted.
Warning:  Ports "wbs_dat_o[9]" and "wbs_dat_o[22]" are electrically shorted.
Warning:  Ports "wbs_dat_o[9]" and "wbs_dat_o[21]" are electrically shorted.
Warning:  Ports "wbs_dat_o[9]" and "wbs_dat_o[20]" are electrically shorted.
Warning:  Ports "wbs_dat_o[9]" and "wbs_dat_o[1]" are electrically shorted.
Warning:  Ports "wbs_dat_o[9]" and "wbs_dat_o[19]" are electrically shorted.
Warning:  Ports "wbs_dat_o[9]" and "wbs_dat_o[18]" are electrically shorted.
Warning:  Ports "wbs_dat_o[9]" and "wbs_dat_o[17]" are electrically shorted.
Warning:  Ports "wbs_dat_o[9]" and "wbs_dat_o[16]" are electrically shorted.
Warning:  Ports "wbs_dat_o[9]" and "wbs_dat_o[15]" are electrically shorted.
Warning:  Ports "wbs_dat_o[9]" and "wbs_dat_o[14]" are electrically shorted.
Warning:  Ports "wbs_dat_o[9]" and "wbs_dat_o[13]" are electrically shorted.
Warning:  Ports "wbs_dat_o[9]" and "wbs_dat_o[12]" are electrically shorted.
Warning:  Ports "wbs_dat_o[9]" and "wbs_dat_o[11]" are electrically shorted.
Warning:  Ports "wbs_dat_o[9]" and "wbs_dat_o[10]" are electrically shorted.
Warning:  Ports "wbs_dat_o[9]" and "wbs_dat_o[0]" are electrically shorted.
Warning:  Ports "wbs_dat_o[9]" and "wbs_ack_o" are electrically shorted.
Warning:  Ports "wbs_dat_o[9]" and "user_irq[2]" are electrically shorted.
Warning:  Ports "wbs_dat_o[9]" and "user_irq[1]" are electrically shorted.
Warning:  Ports "wbs_dat_o[9]" and "user_irq[0]" are electrically shorted.
Warning:  Ports "wbs_dat_o[9]" and "la_data_out[9]" are electrically shorted.
Warning:  Ports "wbs_dat_o[9]" and "la_data_out[99]" are electrically shorted.
Warning:  Ports "wbs_dat_o[9]" and "la_data_out[98]" are electrically shorted.
Warning:  Ports "wbs_dat_o[9]" and "la_data_out[97]" are electrically shorted.
Warning:  Ports "wbs_dat_o[9]" and "la_data_out[96]" are electrically shorted.
Warning:  Ports "wbs_dat_o[9]" and "la_data_out[95]" are electrically shorted.
Warning:  Ports "wbs_dat_o[9]" and "la_data_out[94]" are electrically shorted.
Warning:  Ports "wbs_dat_o[9]" and "la_data_out[93]" are electrically shorted.
Warning:  Ports "wbs_dat_o[9]" and "la_data_out[92]" are electrically shorted.
Warning:  Ports "wbs_dat_o[9]" and "la_data_out[91]" are electrically shorted.
Warning:  Ports "wbs_dat_o[9]" and "la_data_out[90]" are electrically shorted.
Warning:  Ports "wbs_dat_o[9]" and "la_data_out[8]" are electrically shorted.
Warning:  Ports "wbs_dat_o[9]" and "la_data_out[89]" are electrically shorted.
Warning:  Ports "wbs_dat_o[9]" and "la_data_out[88]" are electrically shorted.
Warning:  Ports "wbs_dat_o[9]" and "la_data_out[87]" are electrically shorted.
Warning:  Ports "wbs_dat_o[9]" and "la_data_out[86]" are electrically shorted.
Warning:  Ports "wbs_dat_o[9]" and "la_data_out[85]" are electrically shorted.
Warning:  Ports "wbs_dat_o[9]" and "la_data_out[84]" are electrically shorted.
Warning:  Ports "wbs_dat_o[9]" and "la_data_out[83]" are electrically shorted.
Warning:  Ports "wbs_dat_o[9]" and "la_data_out[82]" are electrically shorted.
Warning:  Ports "wbs_dat_o[9]" and "la_data_out[81]" are electrically shorted.
Warning:  Ports "wbs_dat_o[9]" and "la_data_out[80]" are electrically shorted.
Warning:  Ports "wbs_dat_o[9]" and "la_data_out[7]" are electrically shorted.
Warning:  Ports "wbs_dat_o[9]" and "la_data_out[79]" are electrically shorted.
Warning:  Ports "wbs_dat_o[9]" and "la_data_out[78]" are electrically shorted.
Warning:  Ports "wbs_dat_o[9]" and "la_data_out[77]" are electrically shorted.
Warning:  Ports "wbs_dat_o[9]" and "la_data_out[76]" are electrically shorted.
Warning:  Ports "wbs_dat_o[9]" and "la_data_out[75]" are electrically shorted.
Warning:  Ports "wbs_dat_o[9]" and "la_data_out[74]" are electrically shorted.
Warning:  Ports "wbs_dat_o[9]" and "la_data_out[73]" are electrically shorted.
Warning:  Ports "wbs_dat_o[9]" and "la_data_out[72]" are electrically shorted.
Warning:  Ports "wbs_dat_o[9]" and "la_data_out[71]" are electrically shorted.
Warning:  Ports "wbs_dat_o[9]" and "la_data_out[70]" are electrically shorted.
Warning:  Ports "wbs_dat_o[9]" and "la_data_out[6]" are electrically shorted.
Warning:  Ports "wbs_dat_o[9]" and "la_data_out[69]" are electrically shorted.
Warning:  Ports "wbs_dat_o[9]" and "la_data_out[68]" are electrically shorted.
Warning:  Ports "wbs_dat_o[9]" and "la_data_out[67]" are electrically shorted.
Warning:  Ports "wbs_dat_o[9]" and "la_data_out[66]" are electrically shorted.
Warning:  Ports "wbs_dat_o[9]" and "la_data_out[65]" are electrically shorted.
Warning:  Ports "wbs_dat_o[9]" and "la_data_out[64]" are electrically shorted.
Warning:  Ports "wbs_dat_o[9]" and "la_data_out[63]" are electrically shorted.
Warning:  Ports "wbs_dat_o[9]" and "la_data_out[62]" are electrically shorted.
Warning:  Ports "wbs_dat_o[9]" and "la_data_out[61]" are electrically shorted.
Warning:  Ports "wbs_dat_o[9]" and "la_data_out[60]" are electrically shorted.
Warning:  Ports "wbs_dat_o[9]" and "la_data_out[5]" are electrically shorted.
Warning:  Ports "wbs_dat_o[9]" and "la_data_out[59]" are electrically shorted.
Warning:  Ports "wbs_dat_o[9]" and "la_data_out[58]" are electrically shorted.
Warning:  Ports "wbs_dat_o[9]" and "la_data_out[57]" are electrically shorted.
Warning:  Ports "wbs_dat_o[9]" and "la_data_out[56]" are electrically shorted.
Warning:  Ports "wbs_dat_o[9]" and "la_data_out[55]" are electrically shorted.
Warning:  Ports "wbs_dat_o[9]" and "la_data_out[54]" are electrically shorted.
Warning:  Ports "wbs_dat_o[9]" and "la_data_out[53]" are electrically shorted.
Warning:  Ports "wbs_dat_o[9]" and "la_data_out[52]" are electrically shorted.
Warning:  Ports "wbs_dat_o[9]" and "la_data_out[51]" are electrically shorted.
Warning:  Ports "wbs_dat_o[9]" and "la_data_out[50]" are electrically shorted.
Warning:  Ports "wbs_dat_o[9]" and "la_data_out[4]" are electrically shorted.
Warning:  Ports "wbs_dat_o[9]" and "la_data_out[49]" are electrically shorted.
Warning:  Ports "wbs_dat_o[9]" and "la_data_out[48]" are electrically shorted.
Warning:  Ports "wbs_dat_o[9]" and "la_data_out[47]" are electrically shorted.
Warning:  Ports "wbs_dat_o[9]" and "la_data_out[46]" are electrically shorted.
Warning:  Ports "wbs_dat_o[9]" and "la_data_out[45]" are electrically shorted.
Warning:  Ports "wbs_dat_o[9]" and "la_data_out[44]" are electrically shorted.
Warning:  Ports "wbs_dat_o[9]" and "la_data_out[43]" are electrically shorted.
Warning:  Ports "wbs_dat_o[9]" and "la_data_out[42]" are electrically shorted.
Warning:  Ports "wbs_dat_o[9]" and "la_data_out[41]" are electrically shorted.
Warning:  Ports "wbs_dat_o[9]" and "la_data_out[40]" are electrically shorted.
Warning:  Ports "wbs_dat_o[9]" and "la_data_out[3]" are electrically shorted.
Warning:  Ports "wbs_dat_o[9]" and "la_data_out[39]" are electrically shorted.
Warning:  Ports "wbs_dat_o[9]" and "la_data_out[38]" are electrically shorted.
Warning:  Ports "wbs_dat_o[9]" and "la_data_out[37]" are electrically shorted.
Warning:  Ports "wbs_dat_o[9]" and "la_data_out[36]" are electrically shorted.
Warning:  Ports "wbs_dat_o[9]" and "la_data_out[35]" are electrically shorted.
Warning:  Ports "wbs_dat_o[9]" and "la_data_out[34]" are electrically shorted.
Warning:  Ports "wbs_dat_o[9]" and "la_data_out[33]" are electrically shorted.
Warning:  Ports "wbs_dat_o[9]" and "la_data_out[32]" are electrically shorted.
Warning:  Ports "wbs_dat_o[9]" and "la_data_out[31]" are electrically shorted.
Warning:  Ports "wbs_dat_o[9]" and "la_data_out[30]" are electrically shorted.
Warning:  Ports "wbs_dat_o[9]" and "la_data_out[2]" are electrically shorted.
Warning:  Ports "wbs_dat_o[9]" and "la_data_out[29]" are electrically shorted.
Warning:  Ports "wbs_dat_o[9]" and "la_data_out[28]" are electrically shorted.
Warning:  Ports "wbs_dat_o[9]" and "la_data_out[27]" are electrically shorted.
Warning:  Ports "wbs_dat_o[9]" and "la_data_out[26]" are electrically shorted.
Warning:  Ports "wbs_dat_o[9]" and "la_data_out[25]" are electrically shorted.
Warning:  Ports "wbs_dat_o[9]" and "la_data_out[24]" are electrically shorted.
Warning:  Ports "wbs_dat_o[9]" and "la_data_out[23]" are electrically shorted.
Warning:  Ports "wbs_dat_o[9]" and "la_data_out[22]" are electrically shorted.
Warning:  Ports "wbs_dat_o[9]" and "la_data_out[21]" are electrically shorted.
Warning:  Ports "wbs_dat_o[9]" and "la_data_out[20]" are electrically shorted.
Warning:  Ports "wbs_dat_o[9]" and "la_data_out[1]" are electrically shorted.
Warning:  Ports "wbs_dat_o[9]" and "la_data_out[19]" are electrically shorted.
Warning:  Ports "wbs_dat_o[9]" and "la_data_out[18]" are electrically shorted.
Warning:  Ports "wbs_dat_o[9]" and "la_data_out[17]" are electrically shorted.
Warning:  Ports "wbs_dat_o[9]" and "la_data_out[16]" are electrically shorted.
Warning:  Ports "wbs_dat_o[9]" and "la_data_out[15]" are electrically shorted.
Warning:  Ports "wbs_dat_o[9]" and "la_data_out[14]" are electrically shorted.
Warning:  Ports "wbs_dat_o[9]" and "la_data_out[13]" are electrically shorted.
Warning:  Ports "wbs_dat_o[9]" and "la_data_out[12]" are electrically shorted.
Warning:  Ports "wbs_dat_o[9]" and "la_data_out[127]" are electrically shorted.
Warning:  Ports "wbs_dat_o[9]" and "la_data_out[126]" are electrically shorted.
Warning:  Ports "wbs_dat_o[9]" and "la_data_out[125]" are electrically shorted.
Warning:  Ports "wbs_dat_o[9]" and "la_data_out[124]" are electrically shorted.
Warning:  Ports "wbs_dat_o[9]" and "la_data_out[123]" are electrically shorted.
Warning:  Ports "wbs_dat_o[9]" and "la_data_out[122]" are electrically shorted.
Warning:  Ports "wbs_dat_o[9]" and "la_data_out[121]" are electrically shorted.
Warning:  Ports "wbs_dat_o[9]" and "la_data_out[120]" are electrically shorted.
Warning:  Ports "wbs_dat_o[9]" and "la_data_out[11]" are electrically shorted.
Warning:  Ports "wbs_dat_o[9]" and "la_data_out[119]" are electrically shorted.
Warning:  Ports "wbs_dat_o[9]" and "la_data_out[118]" are electrically shorted.
Warning:  Ports "wbs_dat_o[9]" and "la_data_out[117]" are electrically shorted.
Warning:  Ports "wbs_dat_o[9]" and "la_data_out[116]" are electrically shorted.
Warning:  Ports "wbs_dat_o[9]" and "la_data_out[115]" are electrically shorted.
Warning:  Ports "wbs_dat_o[9]" and "la_data_out[114]" are electrically shorted.
Warning:  Ports "wbs_dat_o[9]" and "la_data_out[113]" are electrically shorted.
Warning:  Ports "wbs_dat_o[9]" and "la_data_out[112]" are electrically shorted.
Warning:  Ports "wbs_dat_o[9]" and "la_data_out[111]" are electrically shorted.
Warning:  Ports "wbs_dat_o[9]" and "la_data_out[110]" are electrically shorted.
Warning:  Ports "wbs_dat_o[9]" and "la_data_out[10]" are electrically shorted.
Warning:  Ports "wbs_dat_o[9]" and "la_data_out[109]" are electrically shorted.
Warning:  Ports "wbs_dat_o[9]" and "la_data_out[108]" are electrically shorted.
Warning:  Ports "wbs_dat_o[9]" and "la_data_out[107]" are electrically shorted.
Warning:  Ports "wbs_dat_o[9]" and "la_data_out[106]" are electrically shorted.
Warning:  Ports "wbs_dat_o[9]" and "la_data_out[105]" are electrically shorted.
Warning:  Ports "wbs_dat_o[9]" and "la_data_out[104]" are electrically shorted.
Warning:  Ports "wbs_dat_o[9]" and "la_data_out[103]" are electrically shorted.
Warning:  Ports "wbs_dat_o[9]" and "la_data_out[102]" are electrically shorted.
Warning:  Ports "wbs_dat_o[9]" and "la_data_out[101]" are electrically shorted.
Warning:  Ports "wbs_dat_o[9]" and "la_data_out[100]" are electrically shorted.
Warning:  Ports "wbs_dat_o[9]" and "io_out[9]" are electrically shorted.
Warning:  Ports "wbs_dat_o[9]" and "io_out[8]" are electrically shorted.
Warning:  Ports "wbs_dat_o[9]" and "io_out[7]" are electrically shorted.
Warning:  Ports "wbs_dat_o[9]" and "io_out[37]" are electrically shorted.
Warning:  Ports "wbs_dat_o[9]" and "io_out[36]" are electrically shorted.
Warning:  Ports "wbs_dat_o[9]" and "io_out[35]" are electrically shorted.
Warning:  Ports "wbs_dat_o[9]" and "io_out[34]" are electrically shorted.
Warning:  Ports "wbs_dat_o[9]" and "io_out[33]" are electrically shorted.
Warning:  Ports "wbs_dat_o[9]" and "io_out[32]" are electrically shorted.
Warning:  Ports "wbs_dat_o[9]" and "io_out[31]" are electrically shorted.
Warning:  Ports "wbs_dat_o[9]" and "io_out[30]" are electrically shorted.
Warning:  Ports "wbs_dat_o[9]" and "io_out[29]" are electrically shorted.
Warning:  Ports "wbs_dat_o[9]" and "io_out[28]" are electrically shorted.
Warning:  Ports "wbs_dat_o[9]" and "io_out[27]" are electrically shorted.
Warning:  Ports "wbs_dat_o[9]" and "io_out[26]" are electrically shorted.
Warning:  Ports "wbs_dat_o[9]" and "io_out[25]" are electrically shorted.
Warning:  Ports "wbs_dat_o[9]" and "io_out[24]" are electrically shorted.
Warning:  Ports "wbs_dat_o[9]" and "io_out[23]" are electrically shorted.
Warning:  Ports "wbs_dat_o[9]" and "io_out[22]" are electrically shorted.
Warning:  Ports "wbs_dat_o[9]" and "io_out[21]" are electrically shorted.
Warning:  Ports "wbs_dat_o[9]" and "io_out[20]" are electrically shorted.
Warning:  Ports "wbs_dat_o[9]" and "io_out[19]" are electrically shorted.
Warning:  Ports "wbs_dat_o[9]" and "io_out[18]" are electrically shorted.
Warning:  Ports "wbs_dat_o[9]" and "io_out[17]" are electrically shorted.
Warning:  Ports "wbs_dat_o[9]" and "io_out[16]" are electrically shorted.
Warning:  Ports "wbs_dat_o[9]" and "io_out[15]" are electrically shorted.
Warning:  Ports "wbs_dat_o[9]" and "io_out[14]" are electrically shorted.
Warning:  Ports "wbs_dat_o[9]" and "io_out[13]" are electrically shorted.
Warning:  Ports "wbs_dat_o[9]" and "io_out[12]" are electrically shorted.
Warning:  Ports "wbs_dat_o[9]" and "io_out[11]" are electrically shorted.
Warning:  Ports "wbs_dat_o[9]" and "io_out[10]" are electrically shorted.
Warning:  Ports "wbs_dat_o[9]" and "io_oeb[6]" are electrically shorted.
Warning:  Ports "wbs_dat_o[9]" and "io_oeb[5]" are electrically shorted.
Warning:  Ports "wbs_dat_o[9]" and "io_oeb[4]" are electrically shorted.
Warning:  Ports "wbs_dat_o[9]" and "io_oeb[3]" are electrically shorted.
Warning:  Ports "wbs_dat_o[9]" and "io_oeb[2]" are electrically shorted.
Warning:  Ports "wbs_dat_o[9]" and "io_oeb[1]" are electrically shorted.
Warning:  Ports "wbs_dat_o[9]" and "io_oeb[0]" are electrically shorted.
Total of 5 warnings.

TIME: extract: 00:01:38 

Devs merged: 0
Devs merged: 0
Devs merged: 0
Devs merged: 0
Devs merged: 0
Devs merged: 0
Devs merged: 0
Devs merged: 0
Devs merged: 0
Devs merged: 0
Devs merged: 0
Devs merged: 0
Devs merged: 0
Devs merged: 0
Devs merged: 0
Devs merged: 6
Devs merged: 24
Devs merged: 36
Devs merged: 42
Devs merged: 58
Devs merged: 58
Devs merged: 58
Devs merged: 70
Devs merged: 70
Devs merged: 72
Devs merged: 74
Devs merged: 74
Devs merged: 74
Devs merged: 74
Devs merged: 74
Devs merged: 102
Devs merged: 102
Devs merged: 102
Devs merged: 102
Devs merged: 146
Devs merged: 149
Devs merged: 149
Devs merged: 151
Devs merged: 187
Devs merged: 193
Devs merged: 193
Devs merged: 193
Devs merged: 199
Devs merged: 199
Devs merged: 199
Devs merged: 199
Devs merged: 205
Devs merged: 208
Devs merged: 216
Devs merged: 240
Devs merged: 250
Devs merged: 262
Devs merged: 262
Devs merged: 262
Devs merged: 262
Devs merged: 292
Devs merged: 294
Devs merged: 294
Devs merged: 308
Devs merged: 310
Devs merged: 314
Devs merged: 320
Devs merged: 322
Devs merged: 340
Devs merged: 340
Devs merged: 346
Devs merged: 352
Devs merged: 352
Devs merged: 358
Devs merged: 372
Devs merged: 374
Devs merged: 374
Devs merged: 376
Devs merged: 376
Devs merged: 376
Devs merged: 376
Devs merged: 392
Devs merged: 396
Devs merged: 396
Devs merged: 396
Devs merged: 396
Devs merged: 406
Devs merged: 406
Devs merged: 406
Devs merged: 406
Devs merged: 408
Devs merged: 408
Devs merged: 408
Devs merged: 412
Devs merged: 418
Devs merged: 422
Devs merged: 422
Devs merged: 432
Devs merged: 432
Devs merged: 438
Devs merged: 466
Devs merged: 466
Devs merged: 472
Devs merged: 478
Devs merged: 480
Devs merged: 482
Devs merged: 488
Devs merged: 488
Devs merged: 506
Devs merged: 506
Devs merged: 508
Devs merged: 510
Devs merged: 510
Devs merged: 514
Devs merged: 522
Devs merged: 522
Devs merged: 530
Devs merged: 532
Devs merged: 532
Devs merged: 532
Devs merged: 532
Devs merged: 532
exttospice finished.

TIME: netlist: 00:00:05 

Using technology "sky130A", version 1.0.493
Creating layout hierarchy in /tmp/tmpofaozfbi/repo/precheck_results/12_MAY_2026___08_39_22/tmp/ext/user_project_wrapper.hier...
ls: cannot access '/tmp/tmpofaozfbi/repo/verilog/gl/user_project_wrapper.v': No such file or directory
 
Netgen 1.5.272 compiled on Wed Apr 22 16:24:02 UTC 2026
Warning: netgen command 'format' use fully-qualified name '::netgen::format'
Warning: netgen command 'global' use fully-qualified name '::netgen::global'
Reading layout /tmp/tmpofaozfbi/repo/precheck_results/12_MAY_2026___08_39_22/tmp/ext/user_project_wrapper.gds.spice...
Call to undefined subcircuit sky130_fd_pr__res_generic_po
Creating placeholder cell definition.
Call to undefined subcircuit sky130_fd_pr__pfet_01v8_hvt
Creating placeholder cell definition.
Call to undefined subcircuit sky130_fd_pr__nfet_01v8
Creating placeholder cell definition.
Call to undefined subcircuit sky130_fd_pr__diode_pw2nd_05v5
Creating placeholder cell definition.
Call to undefined subcircuit sky130_fd_pr__special_nfet_01v8
Creating placeholder cell definition.
Reading source /opt/pdks/sky130A/libs.ref/sky130_fd_sc_hd/spice/sky130_ef_sc_hd__decap_12.spice...
Call to undefined subcircuit sky130_fd_pr__pfet_01v8_hvt
Creating placeholder cell definition.
Call to undefined subcircuit sky130_fd_pr__nfet_01v8
Creating placeholder cell definition.
Reading source /opt/pdks/sky130A/libs.ref/sky130_fd_sc_hd/spice/sky130_ef_sc_hd__decap_20_12.spice...
Reading source /opt/pdks/sky130A/libs.ref/sky130_fd_sc_hd/spice/sky130_ef_sc_hd__decap_40_12.spice...
Reading source /opt/pdks/sky130A/libs.ref/sky130_fd_sc_hd/spice/sky130_ef_sc_hd__decap_60_12.spice...
Reading source /opt/pdks/sky130A/libs.ref/sky130_fd_sc_hd/spice/sky130_ef_sc_hd__decap_80_12.spice...
Reading source /opt/pdks/sky130A/libs.ref/sky130_fd_sc_hd/spice/sky130_fd_sc_hd.spice...
Call to undefined subcircuit sky130_fd_pr__res_generic_po
Creating placeholder cell definition.
Call to undefined subcircuit sky130_fd_pr__special_nfet_01v8
Creating placeholder cell definition.
Call to undefined subcircuit sky130_fd_pr__diode_pw2nd_05v5
Creating placeholder cell definition.
Call to undefined subcircuit sky130_fd_pr__special_pfet_01v8_hvt
Creating placeholder cell definition.
Call to undefined subcircuit sky130_fd_sc_hd__nand2_2
Creating placeholder cell definition.
Call to undefined subcircuit sky130_fd_sc_hd__nor2_2
Creating placeholder cell definition.
Reading source /tmp/tmpofaozfbi/repo/verilog/gl/ucb_top.v...
Warning:  A case-insensitive file has been read and so the	verilog file must be treated case-insensitive to match.
Note:  Implicit pin Y in instance clkload0 of sky130_fd_sc_hd__clkinvlp_4 in cell ucb_top
Note:  Implicit pin X in instance clkload1 of sky130_fd_sc_hd__clkbuf_8 in cell ucb_top
Note:  Implicit pin Y in instance clkload2 of sky130_fd_sc_hd__clkinv_2 in cell ucb_top
Note:  Implicit pin X in instance clkload3 of sky130_fd_sc_hd__clkbuf_8 in cell ucb_top
Note:  Implicit pin Y in instance clkload4 of sky130_fd_sc_hd__clkinvlp_4 in cell ucb_top
Note:  Implicit pin Y in instance clkload5 of sky130_fd_sc_hd__inv_6 in cell ucb_top
Note:  Implicit pin X in instance clkload6 of sky130_fd_sc_hd__clkbuf_8 in cell ucb_top
Note:  Implicit pin X in instance clkload7 of sky130_fd_sc_hd__clkbuf_8 in cell ucb_top
Note:  Implicit pin Y in instance clkload8 of sky130_fd_sc_hd__clkinvlp_4 in cell ucb_top
Note:  Implicit pin X in instance clkload9 of sky130_fd_sc_hd__clkbuf_8 in cell ucb_top
Note:  Implicit pin Y in instance clkload10 of sky130_fd_sc_hd__clkinv_2 in cell ucb_top
Note:  Implicit pin X in instance clkload11 of sky130_fd_sc_hd__clkbuf_4 in cell ucb_top
Note:  Implicit pin Y in instance clkload12 of sky130_fd_sc_hd__clkinv_2 in cell ucb_top
Note:  Implicit pin X in instance clkload13 of sky130_fd_sc_hd__clkbuf_8 in cell ucb_top
Note:  Implicit pin Y in instance clkload14 of sky130_fd_sc_hd__clkinvlp_4 in cell ucb_top
Note:  Implicit pin X in instance clkload15 of sky130_fd_sc_hd__clkbuf_8 in cell ucb_top
Note:  Implicit pin Y in instance clkload16 of sky130_fd_sc_hd__inv_6 in cell ucb_top
Note:  Implicit pin Y in instance clkload17 of sky130_fd_sc_hd__inv_6 in cell ucb_top
Note:  Implicit pin Y in instance clkload18 of sky130_fd_sc_hd__inv_6 in cell ucb_top
Note:  Implicit pin Y in instance clkload19 of sky130_fd_sc_hd__clkinvlp_4 in cell ucb_top
Note:  Implicit pin X in instance clkload20 of sky130_fd_sc_hd__clkbuf_8 in cell ucb_top
Note:  Implicit pin Y in instance clkload21 of sky130_fd_sc_hd__clkinvlp_4 in cell ucb_top
Note:  Implicit pin Y in instance clkload22 of sky130_fd_sc_hd__clkinv_2 in cell ucb_top
Note:  Implicit pin Y in instance clkload23 of sky130_fd_sc_hd__bufinv_16 in cell ucb_top
Note:  Implicit pin Y in instance clkload24 of sky130_fd_sc_hd__clkinv_4 in cell ucb_top
Note:  Implicit pin Y in instance clkload25 of sky130_fd_sc_hd__clkinv_2 in cell ucb_top
Note:  Implicit pin Y in instance clkload26 of sky130_fd_sc_hd__inv_6 in cell ucb_top
Note:  Implicit pin Y in instance clkload27 of sky130_fd_sc_hd__clkinv_4 in cell ucb_top
Note:  Implicit pin Y in instance clkload28 of sky130_fd_sc_hd__clkinvlp_4 in cell ucb_top
Note:  Implicit pin Y in instance clkload29 of sky130_fd_sc_hd__clkinv_8 in cell ucb_top
Note:  Implicit pin Y in instance clkload30 of sky130_fd_sc_hd__inv_6 in cell ucb_top
Note:  Implicit pin Y in instance clkload31 of sky130_fd_sc_hd__clkinv_2 in cell ucb_top
Note:  Implicit pin Y in instance clkload32 of sky130_fd_sc_hd__inv_8 in cell ucb_top
Note:  Implicit pin Y in instance clkload33 of sky130_fd_sc_hd__clkinv_4 in cell ucb_top
Note:  Implicit pin Y in instance clkload34 of sky130_fd_sc_hd__inv_6 in cell ucb_top
Note:  Implicit pin Y in instance clkload35 of sky130_fd_sc_hd__inv_8 in cell ucb_top
Note:  Implicit pin Y in instance clkload36 of sky130_fd_sc_hd__inv_6 in cell ucb_top
Note:  Implicit pin X in instance clkload37 of sky130_fd_sc_hd__clkbuf_8 in cell ucb_top
Note:  Implicit pin X in instance clkload38 of sky130_fd_sc_hd__clkbuf_4 in cell ucb_top
Note:  Implicit pin Y in instance clkload39 of sky130_fd_sc_hd__inv_8 in cell ucb_top
Note:  Implicit pin Y in instance clkload40 of sky130_fd_sc_hd__inv_6 in cell ucb_top
Note:  Implicit pin Y in instance clkload41 of sky130_fd_sc_hd__bufinv_16 in cell ucb_top
Note:  Implicit pin Y in instance clkload42 of sky130_fd_sc_hd__clkinv_8 in cell ucb_top
Note:  Implicit pin Y in instance clkload43 of sky130_fd_sc_hd__clkinvlp_4 in cell ucb_top
Note:  Implicit pin Y in instance clkload44 of sky130_fd_sc_hd__bufinv_16 in cell ucb_top
Note:  Implicit pin Y in instance clkload45 of sky130_fd_sc_hd__clkinv_2 in cell ucb_top
Note:  Implicit pin Y in instance clkload46 of sky130_fd_sc_hd__clkinvlp_4 in cell ucb_top
Note:  Implicit pin Y in instance clkload47 of sky130_fd_sc_hd__clkinvlp_4 in cell ucb_top
Note:  Implicit pin Y in instance clkload48 of sky130_fd_sc_hd__bufinv_16 in cell ucb_top
Note:  Implicit pin Y in instance clkload49 of sky130_fd_sc_hd__clkinvlp_4 in cell ucb_top
Note:  Implicit pin X in instance clkload50 of sky130_fd_sc_hd__clkbuf_4 in cell ucb_top
Note:  Implicit pin Y in instance clkload51 of sky130_fd_sc_hd__clkinv_2 in cell ucb_top
Note:  Implicit pin X in instance clkload52 of sky130_fd_sc_hd__clkbuf_8 in cell ucb_top
Note:  Implicit pin Y in instance clkload53 of sky130_fd_sc_hd__bufinv_16 in cell ucb_top
Note:  Implicit pin Y in instance clkload54 of sky130_fd_sc_hd__clkinv_4 in cell ucb_top
Note:  Implicit pin X in instance clkload55 of sky130_fd_sc_hd__clkbuf_8 in cell ucb_top
Note:  Implicit pin Y in instance clkload56 of sky130_fd_sc_hd__inv_6 in cell ucb_top
Note:  Implicit pin X in instance clkload57 of sky130_fd_sc_hd__clkbuf_4 in cell ucb_top
Note:  Implicit pin Y in instance clkload58 of sky130_fd_sc_hd__clkinv_2 in cell ucb_top
Note:  Implicit pin Y in instance clkload59 of sky130_fd_sc_hd__inv_6 in cell ucb_top
Note:  Implicit pin Y in instance clkload60 of sky130_fd_sc_hd__clkinv_2 in cell ucb_top
Note:  Implicit pin Y in instance clkload61 of sky130_fd_sc_hd__bufinv_16 in cell ucb_top
Note:  Implicit pin Y in instance clkload62 of sky130_fd_sc_hd__inv_6 in cell ucb_top
Note:  Implicit pin Y in instance clkload63 of sky130_fd_sc_hd__clkinv_4 in cell ucb_top
Note:  Implicit pin Y in instance clkload64 of sky130_fd_sc_hd__bufinv_16 in cell ucb_top
Note:  Implicit pin X in instance clkload65 of sky130_fd_sc_hd__clkbuf_4 in cell ucb_top
Note:  Implicit pin Y in instance clkload66 of sky130_fd_sc_hd__clkinvlp_4 in cell ucb_top
Note:  Implicit pin Y in instance clkload67 of sky130_fd_sc_hd__clkinv_2 in cell ucb_top
Note:  Implicit pin Y in instance clkload68 of sky130_fd_sc_hd__clkinvlp_4 in cell ucb_top
Note:  Implicit pin Y in instance clkload69 of sky130_fd_sc_hd__inv_6 in cell ucb_top
Note:  Implicit pin X in instance clkload70 of sky130_fd_sc_hd__clkbuf_4 in cell ucb_top
Note:  Implicit pin Y in instance clkload71 of sky130_fd_sc_hd__clkinvlp_4 in cell ucb_top
Note:  Implicit pin Y in instance clkload72 of sky130_fd_sc_hd__inv_6 in cell ucb_top
Note:  Implicit pin X in instance clkload73 of sky130_fd_sc_hd__clkbuf_4 in cell ucb_top
Note:  Implicit pin Y in instance clkload74 of sky130_fd_sc_hd__clkinvlp_4 in cell ucb_top
Note:  Implicit pin Y in instance clkload75 of sky130_fd_sc_hd__clkinv_2 in cell ucb_top
Note:  Implicit pin Y in instance clkload76 of sky130_fd_sc_hd__bufinv_16 in cell ucb_top
Note:  Implicit pin Y in instance clkload77 of sky130_fd_sc_hd__bufinv_16 in cell ucb_top
Note:  Implicit pin X in instance clkload78 of sky130_fd_sc_hd__clkbuf_8 in cell ucb_top
Note:  Implicit pin Y in instance clkload79 of sky130_fd_sc_hd__clkinv_2 in cell ucb_top
Note:  Implicit pin Y in instance clkload80 of sky130_fd_sc_hd__clkinv_2 in cell ucb_top
Note:  Implicit pin X in instance clkload81 of sky130_fd_sc_hd__clkbuf_4 in cell ucb_top
Note:  Implicit pin Y in instance clkload82 of sky130_fd_sc_hd__bufinv_16 in cell ucb_top
Note:  Implicit pin Y in instance clkload83 of sky130_fd_sc_hd__clkinv_2 in cell ucb_top
Note:  Implicit pin Y in instance clkload84 of sky130_fd_sc_hd__inv_6 in cell ucb_top
Note:  Implicit pin Y in instance clkload85 of sky130_fd_sc_hd__inv_6 in cell ucb_top
Note:  Implicit pin Y in instance clkload86 of sky130_fd_sc_hd__inv_6 in cell ucb_top
Note:  Implicit pin Y in instance clkload87 of sky130_fd_sc_hd__inv_8 in cell ucb_top
Note:  Implicit pin Y in instance clkload88 of sky130_fd_sc_hd__clkinvlp_4 in cell ucb_top
Note:  Implicit pin Y in instance clkload89 of sky130_fd_sc_hd__inv_6 in cell ucb_top
Note:  Implicit pin Y in instance clkload90 of sky130_fd_sc_hd__bufinv_16 in cell ucb_top
Note:  Implicit pin Y in instance clkload91 of sky130_fd_sc_hd__clkinv_4 in cell ucb_top
Note:  Implicit pin Y in instance clkload92 of sky130_fd_sc_hd__bufinv_16 in cell ucb_top
Note:  Implicit pin Y in instance clkload93 of sky130_fd_sc_hd__inv_6 in cell ucb_top
Note:  Implicit pin Y in instance clkload94 of sky130_fd_sc_hd__inv_6 in cell ucb_top
Note:  Implicit pin Y in instance clkload95 of sky130_fd_sc_hd__inv_8 in cell ucb_top
Note:  Implicit pin Y in instance clkload96 of sky130_fd_sc_hd__inv_8 in cell ucb_top
Note:  Implicit pin Y in instance clkload97 of sky130_fd_sc_hd__inv_6 in cell ucb_top
Note:  Implicit pin Y in instance clkload98 of sky130_fd_sc_hd__inv_6 in cell ucb_top
Note:  Implicit pin Y in instance clkload99 of sky130_fd_sc_hd__bufinv_16 in cell ucb_top
Note:  Implicit pin Y in instance clkload100 of sky130_fd_sc_hd__clkinv_2 in cell ucb_top
Note:  Implicit pin Y in instance clkload101 of sky130_fd_sc_hd__clkinv_4 in cell ucb_top
Note:  Implicit pin X in instance clkload102 of sky130_fd_sc_hd__clkbuf_8 in cell ucb_top
Note:  Implicit pin Y in instance clkload103 of sky130_fd_sc_hd__bufinv_16 in cell ucb_top
Note:  Implicit pin X in instance clkload104 of sky130_fd_sc_hd__clkbuf_8 in cell ucb_top
Note:  Implicit pin Y in instance clkload105 of sky130_fd_sc_hd__clkinvlp_4 in cell ucb_top
Note:  Implicit pin Y in instance clkload106 of sky130_fd_sc_hd__inv_6 in cell ucb_top
Note:  Implicit pin X in instance clkload107 of sky130_fd_sc_hd__clkbuf_4 in cell ucb_top
Note:  Implicit pin X in instance clkload108 of sky130_fd_sc_hd__clkbuf_8 in cell ucb_top
Note:  Implicit pin Y in instance clkload109 of sky130_fd_sc_hd__clkinv_2 in cell ucb_top
Note:  Implicit pin X in instance clkload110 of sky130_fd_sc_hd__clkbuf_4 in cell ucb_top
Note:  Implicit pin Y in instance clkload111 of sky130_fd_sc_hd__inv_6 in cell ucb_top
Note:  Implicit pin Y in instance clkload112 of sky130_fd_sc_hd__clkinvlp_4 in cell ucb_top
Note:  Implicit pin Y in instance clkload113 of sky130_fd_sc_hd__clkinv_2 in cell ucb_top
Note:  Implicit pin X in instance clkload114 of sky130_fd_sc_hd__clkbuf_8 in cell ucb_top
Note:  Implicit pin Y in instance clkload115 of sky130_fd_sc_hd__bufinv_16 in cell ucb_top
Note:  Implicit pin X in instance clkload116 of sky130_fd_sc_hd__clkbuf_4 in cell ucb_top
Note:  Implicit pin Y in instance clkload117 of sky130_fd_sc_hd__bufinv_16 in cell ucb_top
Note:  Implicit pin Y in instance clkload118 of sky130_fd_sc_hd__bufinv_16 in cell ucb_top
Note:  Implicit pin Y in instance clkload119 of sky130_fd_sc_hd__inv_8 in cell ucb_top
Note:  Implicit pin Y in instance clkload120 of sky130_fd_sc_hd__clkinv_4 in cell ucb_top
Note:  Implicit pin Y in instance clkload121 of sky130_fd_sc_hd__inv_6 in cell ucb_top
Note:  Implicit pin Y in instance clkload122 of sky130_fd_sc_hd__clkinv_2 in cell ucb_top
Note:  Implicit pin Y in instance clkload123 of sky130_fd_sc_hd__inv_6 in cell ucb_top
Note:  Implicit pin Y in instance clkload124 of sky130_fd_sc_hd__clkinv_2 in cell ucb_top
Note:  Implicit pin Y in instance clkload125 of sky130_fd_sc_hd__inv_6 in cell ucb_top
Note:  Implicit pin Y in instance clkload126 of sky130_fd_sc_hd__inv_6 in cell ucb_top
Note:  Implicit pin Y in instance clkload127 of sky130_fd_sc_hd__clkinv_2 in cell ucb_top
Note:  Implicit pin X in instance clkload128 of sky130_fd_sc_hd__clkbuf_4 in cell ucb_top
Note:  Implicit pin Y in instance clkload129 of sky130_fd_sc_hd__clkinvlp_4 in cell ucb_top
Note:  Implicit pin Y in instance clkload130 of sky130_fd_sc_hd__clkinv_8 in cell ucb_top
Note:  Implicit pin Y in instance clkload131 of sky130_fd_sc_hd__inv_6 in cell ucb_top
Note:  Implicit pin Y in instance clkload132 of sky130_fd_sc_hd__clkinv_4 in cell ucb_top
Note:  Implicit pin Y in instance clkload133 of sky130_fd_sc_hd__clkinv_2 in cell ucb_top
Note:  Implicit pin Y in instance clkload134 of sky130_fd_sc_hd__clkinv_4 in cell ucb_top
Note:  Implicit pin Y in instance clkload135 of sky130_fd_sc_hd__clkinv_4 in cell ucb_top
Note:  Implicit pin X in instance clkload136 of sky130_fd_sc_hd__clkbuf_8 in cell ucb_top
Note:  Implicit pin X in instance clkload137 of sky130_fd_sc_hd__clkbuf_4 in cell ucb_top
Note:  Implicit pin X in instance clkload138 of sky130_fd_sc_hd__clkbuf_4 in cell ucb_top
Note:  Implicit pin Y in instance clkload139 of sky130_fd_sc_hd__clkinv_8 in cell ucb_top
Note:  Implicit pin Y in instance clkload140 of sky130_fd_sc_hd__clkinvlp_4 in cell ucb_top
Note:  Implicit pin Y in instance clkload141 of sky130_fd_sc_hd__inv_6 in cell ucb_top
Note:  Implicit pin Y in instance clkload142 of sky130_fd_sc_hd__clkinvlp_4 in cell ucb_top
Note:  Implicit pin Y in instance clkload143 of sky130_fd_sc_hd__clkinvlp_4 in cell ucb_top
Note:  Implicit pin Y in instance clkload144 of sky130_fd_sc_hd__clkinv_8 in cell ucb_top
Note:  Implicit pin Y in instance clkload145 of sky130_fd_sc_hd__clkinv_8 in cell ucb_top
Note:  Implicit pin Y in instance clkload146 of sky130_fd_sc_hd__clkinvlp_4 in cell ucb_top
Note:  Implicit pin Y in instance clkload147 of sky130_fd_sc_hd__clkinv_4 in cell ucb_top
Note:  Implicit pin Y in instance clkload148 of sky130_fd_sc_hd__clkinv_4 in cell ucb_top
Note:  Implicit pin Y in instance clkload149 of sky130_fd_sc_hd__inv_6 in cell ucb_top
Note:  Implicit pin Y in instance clkload150 of sky130_fd_sc_hd__inv_8 in cell ucb_top
Note:  Implicit pin Y in instance clkload151 of sky130_fd_sc_hd__inv_8 in cell ucb_top
Note:  Implicit pin X in instance clkload152 of sky130_fd_sc_hd__clkbuf_4 in cell ucb_top
Note:  Implicit pin Y in instance clkload153 of sky130_fd_sc_hd__clkinvlp_4 in cell ucb_top
Note:  Implicit pin X in instance clkload154 of sky130_fd_sc_hd__clkbuf_8 in cell ucb_top
Note:  Implicit pin Y in instance clkload155 of sky130_fd_sc_hd__bufinv_16 in cell ucb_top
Note:  Implicit pin Y in instance clkload156 of sky130_fd_sc_hd__inv_8 in cell ucb_top
Note:  Implicit pin Y in instance clkload157 of sky130_fd_sc_hd__inv_6 in cell ucb_top
Note:  Implicit pin Y in instance clkload158 of sky130_fd_sc_hd__inv_8 in cell ucb_top
Note:  Implicit pin Y in instance clkload159 of sky130_fd_sc_hd__inv_6 in cell ucb_top
Note:  Implicit pin Y in instance clkload160 of sky130_fd_sc_hd__clkinv_8 in cell ucb_top
Note:  Implicit pin Y in instance clkload161 of sky130_fd_sc_hd__clkinvlp_4 in cell ucb_top
Note:  Implicit pin Y in instance clkload162 of sky130_fd_sc_hd__inv_8 in cell ucb_top
Note:  Implicit pin Y in instance clkload163 of sky130_fd_sc_hd__clkinvlp_4 in cell ucb_top
Note:  Implicit pin Y in instance clkload164 of sky130_fd_sc_hd__inv_6 in cell ucb_top
Note:  Implicit pin Y in instance clkload165 of sky130_fd_sc_hd__bufinv_16 in cell ucb_top
Note:  Implicit pin Y in instance clkload166 of sky130_fd_sc_hd__inv_6 in cell ucb_top
Note:  Implicit pin Y in instance clkload167 of sky130_fd_sc_hd__clkinv_4 in cell ucb_top
Note:  Implicit pin X in instance clkload168 of sky130_fd_sc_hd__clkbuf_4 in cell ucb_top
Note:  Implicit pin Y in instance clkload169 of sky130_fd_sc_hd__clkinv_2 in cell ucb_top
Note:  Implicit pin Y in instance clkload170 of sky130_fd_sc_hd__bufinv_16 in cell ucb_top
Note:  Implicit pin Y in instance clkload171 of sky130_fd_sc_hd__inv_6 in cell ucb_top
Note:  Implicit pin Y in instance clkload172 of sky130_fd_sc_hd__clkinv_4 in cell ucb_top
Note:  Implicit pin Y in instance clkload173 of sky130_fd_sc_hd__inv_6 in cell ucb_top
Note:  Implicit pin Y in instance clkload174 of sky130_fd_sc_hd__bufinv_16 in cell ucb_top
Note:  Implicit pin Y in instance clkload175 of sky130_fd_sc_hd__inv_6 in cell ucb_top
Note:  Implicit pin X in instance clkload176 of sky130_fd_sc_hd__clkbuf_8 in cell ucb_top
Note:  Implicit pin Y in instance clkload177 of sky130_fd_sc_hd__clkinvlp_4 in cell ucb_top
Note:  Implicit pin X in instance clkload178 of sky130_fd_sc_hd__clkbuf_4 in cell ucb_top
Note:  Implicit pin Y in instance clkload179 of sky130_fd_sc_hd__inv_6 in cell ucb_top
Note:  Implicit pin Y in instance clkload180 of sky130_fd_sc_hd__bufinv_16 in cell ucb_top
Note:  Implicit pin Y in instance clkload181 of sky130_fd_sc_hd__clkinvlp_4 in cell ucb_top
Note:  Implicit pin Y in instance clkload182 of sky130_fd_sc_hd__inv_6 in cell ucb_top
Note:  Implicit pin Y in instance clkload183 of sky130_fd_sc_hd__clkinvlp_4 in cell ucb_top
Note:  Implicit pin Y in instance clkload184 of sky130_fd_sc_hd__bufinv_16 in cell ucb_top
Note:  Implicit pin X in instance clkload185 of sky130_fd_sc_hd__clkbuf_8 in cell ucb_top
Note:  Implicit pin X in instance clkload186 of sky130_fd_sc_hd__clkbuf_4 in cell ucb_top
Note:  Implicit pin Y in instance clkload187 of sky130_fd_sc_hd__clkinv_2 in cell ucb_top
Note:  Implicit pin Y in instance clkload188 of sky130_fd_sc_hd__clkinv_4 in cell ucb_top
Note:  Implicit pin X in instance clkload189 of sky130_fd_sc_hd__clkbuf_8 in cell ucb_top
Note:  Implicit pin Y in instance clkload190 of sky130_fd_sc_hd__clkinvlp_4 in cell ucb_top
Note:  Implicit pin Y in instance clkload191 of sky130_fd_sc_hd__inv_6 in cell ucb_top
Note:  Implicit pin Y in instance clkload192 of sky130_fd_sc_hd__clkinv_2 in cell ucb_top
Note:  Implicit pin X in instance clkload193 of sky130_fd_sc_hd__clkbuf_8 in cell ucb_top
Note:  Implicit pin X in instance clkload194 of sky130_fd_sc_hd__clkbuf_8 in cell ucb_top
Note:  Implicit pin Y in instance clkload195 of sky130_fd_sc_hd__clkinv_4 in cell ucb_top
Note:  Implicit pin X in instance clkload196 of sky130_fd_sc_hd__clkbuf_8 in cell ucb_top
Note:  Implicit pin X in instance clkload197 of sky130_fd_sc_hd__clkbuf_4 in cell ucb_top
Note:  Implicit pin Y in instance clkload198 of sky130_fd_sc_hd__clkinv_4 in cell ucb_top
Note:  Implicit pin Y in instance clkload199 of sky130_fd_sc_hd__clkinvlp_4 in cell ucb_top
Note:  Implicit pin Y in instance clkload200 of sky130_fd_sc_hd__clkinvlp_4 in cell ucb_top
Note:  Implicit pin Y in instance clkload201 of sky130_fd_sc_hd__inv_8 in cell ucb_top
Note:  Implicit pin X in instance clkload202 of sky130_fd_sc_hd__clkbuf_4 in cell ucb_top
Note:  Implicit pin Y in instance clkload203 of sky130_fd_sc_hd__bufinv_16 in cell ucb_top
Note:  Implicit pin Y in instance clkload204 of sky130_fd_sc_hd__bufinv_16 in cell ucb_top
Note:  Implicit pin Y in instance clkload205 of sky130_fd_sc_hd__clkinv_4 in cell ucb_top
Note:  Implicit pin Y in instance clkload206 of sky130_fd_sc_hd__inv_6 in cell ucb_top
Note:  Implicit pin X in instance clkload207 of sky130_fd_sc_hd__clkbuf_4 in cell ucb_top
Note:  Implicit pin Y in instance clkload208 of sky130_fd_sc_hd__inv_6 in cell ucb_top
Note:  Implicit pin Y in instance clkload209 of sky130_fd_sc_hd__inv_6 in cell ucb_top
Note:  Implicit pin Y in instance clkload210 of sky130_fd_sc_hd__clkinv_2 in cell ucb_top
Note:  Implicit pin X in instance clkload211 of sky130_fd_sc_hd__clkbuf_4 in cell ucb_top
Note:  Implicit pin Y in instance clkload212 of sky130_fd_sc_hd__bufinv_16 in cell ucb_top
Note:  Implicit pin Y in instance clkload213 of sky130_fd_sc_hd__clkinv_4 in cell ucb_top
Note:  Implicit pin Y in instance clkload214 of sky130_fd_sc_hd__clkinvlp_4 in cell ucb_top
Note:  Implicit pin Y in instance clkload215 of sky130_fd_sc_hd__inv_8 in cell ucb_top
Note:  Implicit pin Y in instance clkload216 of sky130_fd_sc_hd__inv_8 in cell ucb_top
Note:  Implicit pin Y in instance clkload217 of sky130_fd_sc_hd__bufinv_16 in cell ucb_top
Note:  Implicit pin Y in instance clkload218 of sky130_fd_sc_hd__inv_8 in cell ucb_top
Note:  Implicit pin Y in instance clkload219 of sky130_fd_sc_hd__clkinv_8 in cell ucb_top
Note:  Implicit pin Y in instance clkload220 of sky130_fd_sc_hd__clkinv_4 in cell ucb_top
Note:  Implicit pin Y in instance clkload221 of sky130_fd_sc_hd__clkinv_2 in cell ucb_top
Note:  Implicit pin Y in instance clkload222 of sky130_fd_sc_hd__clkinvlp_4 in cell ucb_top
Note:  Implicit pin Y in instance clkload223 of sky130_fd_sc_hd__clkinvlp_4 in cell ucb_top
Note:  Implicit pin Y in instance clkload224 of sky130_fd_sc_hd__clkinvlp_4 in cell ucb_top
Note:  Implicit pin Y in instance clkload225 of sky130_fd_sc_hd__clkinv_4 in cell ucb_top
Note:  Implicit pin Y in instance clkload226 of sky130_fd_sc_hd__clkinv_4 in cell ucb_top
Note:  Implicit pin Y in instance clkload227 of sky130_fd_sc_hd__inv_6 in cell ucb_top
Note:  Implicit pin X in instance clkload228 of sky130_fd_sc_hd__clkbuf_4 in cell ucb_top
Note:  Implicit pin Y in instance clkload229 of sky130_fd_sc_hd__clkinv_4 in cell ucb_top
Note:  Implicit pin Y in instance clkload230 of sky130_fd_sc_hd__bufinv_16 in cell ucb_top
Treating empty subcircuits as black-box cells
Generating JSON file result
Reading netlist file 1
wrong # args: should be "netgen::readnet ?format? file ?filenum?"
    while executing
"netgen::readnet $file2"
    (procedure "lvs" line 75)
    invoked from within
"lvs "$layout user_project_wrapper" "$source user_project_wrapper" /tmp/tmpofaozfbi/repo/precheck_results/12_MAY_2026___08_39_22/tmp/sky130A_setup.tcl ..."
    (file "/tmp/tmpofaozfbi/repo/precheck_results/12_MAY_2026___08_39_22/tmp/lvs.script" line 18)
    invoked from within
"source /tmp/tmpofaozfbi/repo/precheck_results/12_MAY_2026___08_39_22/tmp/lvs.script"
    ("eval" body line 1)
    invoked from within
"eval $argv"
awk: fatal: cannot open file `/tmp/tmpofaozfbi/repo/precheck_results/12_MAY_2026___08_39_22/tmp/lvs.report' for reading: No such file or directory
cp: cannot stat '/tmp/tmpofaozfbi/repo/precheck_results/12_MAY_2026___08_39_22/tmp/lvs.report': No such file or directory
grep: /tmp/tmpofaozfbi/repo/precheck_results/12_MAY_2026___08_39_22/outputs/reports/lvs.report: No such file or directory

Error: netgen did not complete.
DESIGN NAME: user_project_wrapper
WORK_ROOT   : /tmp/tmpofaozfbi/repo/precheck_results/12_MAY_2026___08_39_22/tmp
LOG_ROOT    : /tmp/tmpofaozfbi/repo/precheck_results/12_MAY_2026___08_39_22/logs
SIGNOFF_ROOT: /tmp/tmpofaozfbi/repo/precheck_results/12_MAY_2026___08_39_22/outputs/reports
 
Running CVC...
Creating /tmp/tmpofaozfbi/repo/precheck_results/12_MAY_2026___08_39_22/tmp/user_project_wrapper.cdl.gz
Default cvcrc in default.cvcrc
CVC: Circuit Validation Check  Version 1.1.7
CVC: Log output to /tmp/tmpofaozfbi/repo/precheck_results/12_MAY_2026___08_39_22/tmp/cvc.log
CVC: Error output to /tmp/tmpofaozfbi/repo/precheck_results/12_MAY_2026___08_39_22/tmp/cvc.error.gz
CVC: Debug output to /tmp/tmpofaozfbi/repo/precheck_results/12_MAY_2026___08_39_22/tmp/cvc.debug.gz
CVC: Start: Tue May 12 08:45:29 2026

Using the following parameters for CVC (Circuit Validation Check) from /tmp/tmpofaozfbi/repo/precheck_results/12_MAY_2026___08_39_22/tmp/cvcrc
CVC_TOP = 'user_project_wrapper'
CVC_NETLIST = '/tmp/tmpofaozfbi/repo/precheck_results/12_MAY_2026___08_39_22/tmp/user_project_wrapper.cdl.gz'
CVC_MODE = 'user_project_wrapper'
CVC_MODEL_FILE = '/usr/local/lib/python3.9/site-packages/cf_precheck/be_checks/tech/sky130A/cvc.models'
CVC_POWER_FILE = '/tmp/tmpofaozfbi/repo/precheck_results/12_MAY_2026___08_39_22/tmp/cvc.power.user_project_wrapper'
CVC_FUSE_FILE = ''
CVC_REPORT_FILE = '/tmp/tmpofaozfbi/repo/precheck_results/12_MAY_2026___08_39_22/tmp/cvc.log'
CVC_REPORT_TITLE = 'CVC user_project_wrapper'
CVC_CIRCUIT_ERROR_LIMIT = '100'
CVC_SEARCH_LIMIT = '100'
CVC_LEAK_LIMIT = '0.0002'
CVC_SOI = 'false'
CVC_SCRC = 'false'
CVC_VTH_GATES = 'false'
CVC_MIN_VTH_GATES = 'false'
CVC_IGNORE_VTH_FLOATING = 'false'
CVC_IGNORE_NO_LEAK_FLOATING = 'false'
CVC_LEAK_OVERVOLTAGE = 'true'
CVC_LOGIC_DIODES = 'false'
CVC_ANALOG_GATES = 'true'
CVC_BACKUP_RESULTS = 'false'
CVC_MOS_DIODE_ERROR_THRESHOLD = '0'
CVC_SHORT_ERROR_THRESHOLD = '0'
CVC_BIAS_ERROR_THRESHOLD = '0'
CVC_FORWARD_ERROR_THRESHOLD = '0'
CVC_FLOATING_ERROR_THRESHOLD = '0'
CVC_GATE_ERROR_THRESHOLD = '0'
CVC_LEAK?_ERROR_THRESHOLD = '0'
CVC_EXPECTED_ERROR_THRESHOLD = '0'
CVC_OVERVOLTAGE_ERROR_THRESHOLD = '0'
CVC_PARALLEL_CIRCUIT_PORT_LIMIT = '0'
CVC_CELL_ERROR_LIMIT_FILE = ''
CVC_CELL_CHECKSUM_FILE = ''
CVC_LARGE_CIRCUIT_SIZE = '10000000'
CVC_NET_CHECK_FILE = ''
CVC_MODEL_CHECK_FILE = ''
End of parameters

CVC: Reading device model settings...
CVC: Reading power settings...
CVC: Parsing netlist /tmp/tmpofaozfbi/repo/precheck_results/12_MAY_2026___08_39_22/tmp/user_project_wrapper.cdl.gz

Cdl fixed data size 826670
Usage CDL: Time: 0  Memory: 28500  I/O: 16  Swap: 0
CVC: Counting and linking...
CVC: Assigning IDs ...
Usage DB: Time: 0  Memory: 33780  I/O: 16  Swap: 0
CVC: 42767(42767) instances, 73070(73070) nets, 159571(159571) devices.
Setting power for mode...
Setting models...
CVC: Setting models ...
Setting model tolerances...
CVC: Shorting switches...
 model short...
	Shorted 231 short
 model sky130_fd_pr__res_generic_l1...
	Shorted 0 sky130_fd_pr__res_generic_l1
 model sky130_fd_pr__res_generic_m1...
	Shorted 0 sky130_fd_pr__res_generic_m1
 model sky130_fd_pr__res_generic_m2...
	Shorted 0 sky130_fd_pr__res_generic_m2
 model sky130_fd_pr__res_generic_m3...
	Shorted 0 sky130_fd_pr__res_generic_m3
 model sky130_fd_pr__res_generic_m4...
	Shorted 0 sky130_fd_pr__res_generic_m4
 model sky130_fd_pr__res_generic_m5...
	Shorted 0 sky130_fd_pr__res_generic_m5
Setting instance power...
CVC: Linking devices...

Usage EQUIV: Time: 0  Memory: 51120  I/O: 80  Swap: 0
Power nets 396
CVC: Shorting non conducting resistors...
CVC: Calculating resistor voltages...
Usage RES: Time: 0  Memory: 51120  I/O: 88  Swap: 0
Power nets 396
CVC: Calculating min/max voltages...
Processing trivial nets found 0 trivial nets
CVC: Ignoring invalid calculations...
CVC:   Removed 28922 calculations
Copying master nets
CVC: Ignoring non-conducting devices...
CVC:   Ignored 0 devices
Usage MIN/MAX1: Time: 0  Memory: 55668  I/O: 88  Swap: 0
Power nets 29318
! Checking forward bias diode errors: 

! Checking nmos source/drain vs bias errors: 

! Checking nmos gate vs source errors: 

! Checking pmos source/drain vs bias errors: 

! Checking pmos gate vs source errors: 

Usage ERROR: Time: 0  Memory: 55668  I/O: 88  Swap: 0
Saving min/max voltages...
CVC: Propagating Simulation voltages 1...
Usage SIM1: Time: 0  Memory: 55668  I/O: 88  Swap: 0
Power nets 29318
Saving simulation voltages...
CVC: Propagating Simulation voltages 3...
Usage SIM2: Time: 0  Memory: 55668  I/O: 88  Swap: 0
Power nets 29318
Added 0 latch voltages
CVC: Calculating min/max voltages...
Processing trivial nets found 0 trivial nets
CVC: Ignoring invalid calculations...
WARNING: Invalid Min/Max on top level port: io_out[0] Min/Max: 4500/32767
WARNING: Invalid Min/Max on top level port: io_out[1] Min/Max: 4500/32767
WARNING: Invalid Min/Max on top level port: io_out[2] Min/Max: 4500/32767
WARNING: Invalid Min/Max on top level port: io_out[3] Min/Max: 4500/32767
WARNING: Invalid Min/Max on top level port: io_out[4] Min/Max: 4500/32767
WARNING: Invalid Min/Max on top level port: io_out[5] Min/Max: 4500/32767
WARNING: Invalid Min/Max on top level port: io_out[6] Min/Max: 5100/32767
CVC:   Removed 45275 calculations
Copying master nets
CVC: Ignoring non-conducting devices...
CVC:   Ignored 39118 devices
Usage MIN/MAX2: Time: 1  Memory: 56724  I/O: 88  Swap: 0
Power nets 74593
! Checking overvoltage errors

! Checking nmos possible leak errors: 

! Checking pmos possible leak errors: 

! Checking mos floating input errors:

! Checking expected values:

CVC: Error Counts
CVC: Fuse Problems:         0
CVC: Min Voltage Conflicts: 0
CVC: Max Voltage Conflicts: 0
CVC: Leaks:                 0
CVC: LDD drain->source:     0
CVC: HI-Z Inputs:           0
CVC: Forward Bias Diodes:   0
CVC: NMOS Source vs Bulk:   0
CVC: NMOS Gate vs Source:   0
CVC: NMOS Possible Leaks:   0
CVC: PMOS Source vs Bulk:   0
CVC: PMOS Gate vs Source:   0
CVC: PMOS Possible Leaks:   0
CVC: Overvoltage-VBG:       0
CVC: Overvoltage-VBS:       0
CVC: Overvoltage-VDS:       0
CVC: Overvoltage-VGS:       0
CVC: Model errors:          0
CVC: Unexpected voltage :   28
CVC: Total:                 28
Usage Total: Time: 1  Memory: 56724  I/O: 128  Swap: 0
Virtual net update/access 322443/18411950
CVC: Log output to /tmp/tmpofaozfbi/repo/precheck_results/12_MAY_2026___08_39_22/tmp/cvc.log
CVC: End: Tue May 12 08:45:30 2026


LVS result:
LVS problem: check the following files
/tmp/tmpofaozfbi/repo/precheck_results/12_MAY_2026___08_39_22/logs/ext.log
/tmp/tmpofaozfbi/repo/precheck_results/12_MAY_2026___08_39_22/logs/lvs.log
/tmp/tmpofaozfbi/repo/precheck_results/12_MAY_2026___08_39_22/outputs/reports/lvs.report

CVC result:
CVC: Total:                 28

Runtime: 0:02:21 (hh:mm:ss)

WARNING: possible errors SOFT - LVS 4 CVC 4 OEB -
