BEGIN: Tue May 12 18:02:10 2026
Extracting as digital. Top ports unique.

Magic 8.3 revision 471 - Compiled on Wed Apr 22 16:23:58 UTC 2026.
Starting magic under Tcl interpreter
Using the terminal as the console.
Using NULL graphics device.
Processing system .magicrc file
Sourcing design magicrc.well for technology sky130A ...
2 Magic internal units = 1 Lambda
Loading tech file /tmp/tmpsvb7moem/repo/precheck_results/12_MAY_2026___17_58_17/tmp/sky130A.tech
Input style sky130(): scaleFactor=2, multiplier=2
The following types are not handled by extraction and will be treated as non-electrical types:
    ubm 
Scaled tech values by 2 / 1 to match internal grid scaling
Loading "/tmp/tmpsvb7moem/repo/precheck_results/12_MAY_2026___17_58_17/tmp/ext/abstract.tcl" from command line.
Abstracting
CIF input style is now "sky130()"
Abstracting /tmp/tmpsvb7moem/repo/gds/user_project_wrapper.gds
Warning: Calma reading is not undoable!  I hope that's OK.
Library written using GDS-II Release 3.0
Library name: user_project_wrapper
Reading "UU_sky130_ef_sc_hd__decap_40_12".
Reading "UU_sky130_fd_sc_hd__decap_3".
Reading "UU_sky130_fd_sc_hd__fill_1".
Reading "UU_sky130_fd_sc_hd__tapvpwrvgnd_1".
Reading "UU_sky130_fd_sc_hd__fill_4".
Reading "UU_sky130_fd_sc_hd__fill_2".
Reading "UU_sky130_fd_sc_hd__fill_8".
Reading "UU_sky130_fd_sc_hd__dlygate4sd3_1".
Reading "UU_sky130_fd_sc_hd__dfrtp_1".
Reading "UU_sky130_fd_sc_hd__diode_2".
Reading "UU_sky130_fd_sc_hd__clkbuf_1".
Reading "UU_sky130_fd_sc_hd__and2_1".
Reading "UU_sky130_fd_sc_hd__buf_1".
Reading "UU_sky130_fd_sc_hd__xnor2_1".
Reading "UU_sky130_fd_sc_hd__or2_1".
Reading "UU_sky130_fd_sc_hd__nand2_1".
Reading "UU_sky130_fd_sc_hd__mux2_1".
Reading "UU_sky130_fd_sc_hd__dlymetal6s2s_1".
Reading "UU_sky130_fd_sc_hd__clkbuf_4".
Reading "UU_sky130_fd_sc_hd__buf_2".
Reading "UU_sky130_fd_sc_hd__nor2_1".
Reading "UU_sky130_fd_sc_hd__nor3_1".
Reading "UU_sky130_fd_sc_hd__a21bo_1".
Reading "UU_sky130_fd_sc_hd__o21a_1".
Reading "UU_sky130_fd_sc_hd__a21o_1".
Reading "UU_sky130_fd_sc_hd__o21ai_1".
Reading "UU_sky130_fd_sc_hd__or3_1".
Reading "UU_sky130_fd_sc_hd__nand2b_1".
Reading "UU_sky130_fd_sc_hd__xnor2_2".
Reading "UU_sky130_fd_sc_hd__clkbuf_2".
Reading "UU_sky130_fd_sc_hd__nand3_1".
Reading "UU_sky130_fd_sc_hd__clkbuf_8".
Reading "UU_sky130_fd_sc_hd__nor2_2".
Reading "UU_sky130_fd_sc_hd__inv_8".
Reading "UU_sky130_fd_sc_hd__dfrtp_2".
Reading "UU_sky130_fd_sc_hd__inv_6".
Reading "UU_sky130_fd_sc_hd__clkinv_2".
Reading "UU_sky130_fd_sc_hd__bufinv_16".
Reading "UU_sky130_fd_sc_hd__clkinvlp_4".
Reading "UU_sky130_fd_sc_hd__clkinv_4".
Reading "UU_sky130_fd_sc_hd__buf_8".
Reading "UU_sky130_fd_sc_hd__a22o_1".
Reading "UU_sky130_fd_sc_hd__a221o_1".
Reading "UU_sky130_fd_sc_hd__or4_1".
Reading "UU_sky130_fd_sc_hd__o22ai_4".
Reading "UU_sky130_fd_sc_hd__o21ai_4".
Reading "UU_sky130_fd_sc_hd__or4_2".
Reading "UU_sky130_fd_sc_hd__a2bb2o_1".
Reading "UU_sky130_fd_sc_hd__a2111o_1".
Reading "UU_sky130_fd_sc_hd__o22a_4".
Reading "UU_sky130_fd_sc_hd__o22a_2".
Reading "UU_sky130_fd_sc_hd__clkinv_8".
Reading "UU_sky130_fd_sc_hd__o22a_1".
Reading "UU_sky130_fd_sc_hd__nor4_1".
Reading "UU_sky130_fd_sc_hd__clkbuf_16".
Reading "UU_sky130_fd_sc_hd__a2bb2o_2".
Reading "UU_sky130_fd_sc_hd__nand2_4".
Reading "UU_sky130_fd_sc_hd__xor2_1".
Reading "UU_sky130_fd_sc_hd__o2bb2a_1".
Reading "UU_sky130_fd_sc_hd__buf_4".
Reading "UU_sky130_fd_sc_hd__or3b_1".
Reading "UU_sky130_fd_sc_hd__and3_1".
Reading "UU_sky130_fd_sc_hd__a21oi_1".
Reading "UU_sky130_fd_sc_hd__a221oi_1".
Reading "UU_sky130_fd_sc_hd__nand2_2".
Reading "UU_sky130_fd_sc_hd__o221a_1".
Reading "UU_sky130_fd_sc_hd__buf_6".
Reading "UU_sky130_fd_sc_hd__or3_2".
Reading "UU_sky130_fd_sc_hd__a21oi_2".
Reading "UU_sky130_fd_sc_hd__and2_4".
Reading "UU_sky130_fd_sc_hd__o21ai_2".
Reading "UU_sky130_fd_sc_hd__buf_12".
Reading "UU_sky130_fd_sc_hd__a211o_1".
Reading "UU_sky130_fd_sc_hd__inv_2".
Reading "UU_sky130_fd_sc_hd__o21ba_1".
Reading "UU_sky130_fd_sc_hd__nand4b_1".
Reading "UU_sky130_fd_sc_hd__a41o_1".
Reading "UU_sky130_fd_sc_hd__and2b_1".
Reading "UU_sky130_fd_sc_hd__a32o_1".
Reading "UU_sky130_fd_sc_hd__o31a_1".
Reading "UU_sky130_fd_sc_hd__a21boi_1".
Reading "UU_sky130_fd_sc_hd__and3b_1".
Reading "UU_sky130_fd_sc_hd__dfxtp_1".
Reading "UU_sky130_fd_sc_hd__o211a_1".
Reading "UU_sky130_fd_sc_hd__nor2_4".
Reading "UU_sky130_fd_sc_hd__a31oi_2".
Reading "UU_sky130_fd_sc_hd__or3b_4".
Reading "UU_sky130_fd_sc_hd__nor2_8".
Reading "UU_sky130_fd_sc_hd__or3_4".
Reading "UU_sky130_fd_sc_hd__or2_4".
Reading "UU_sky130_fd_sc_hd__or4bb_4".
Reading "UU_sky130_fd_sc_hd__a21boi_2".
Reading "UU_sky130_fd_sc_hd__or4b_4".
Reading "UU_sky130_fd_sc_hd__or4_4".
Reading "UU_sky130_fd_sc_hd__a31o_1".
Reading "UU_sky130_fd_sc_hd__or2_2".
Reading "UU_sky130_fd_sc_hd__nor4b_2".
Reading "UU_sky130_fd_sc_hd__nor4b_1".
Reading "UU_sky130_fd_sc_hd__xor2_2".
Reading "UU_sky130_fd_sc_hd__and2b_4".
Reading "UU_sky130_fd_sc_hd__and4bb_2".
Reading "UU_sky130_fd_sc_hd__and4b_1".
Reading "UU_sky130_fd_sc_hd__and2_2".
Reading "UU_sky130_fd_sc_hd__and4bb_1".
Reading "UU_sky130_fd_sc_hd__o2bb2a_2".
Reading "UU_sky130_fd_sc_hd__dfstp_1".
Reading "UU_sky130_fd_sc_hd__and4b_4".
Reading "UU_sky130_fd_sc_hd__and4b_2".
Reading "UU_sky130_fd_sc_hd__and3_2".
Reading "UU_sky130_fd_sc_hd__dfrtp_4".
Reading "UU_sky130_fd_sc_hd__and4_1".
Reading "UU_sky130_fd_sc_hd__and4bb_4".
Reading "UU_sky130_fd_sc_hd__o21bai_1".
Reading "UU_sky130_fd_sc_hd__nand2b_2".
Reading "UU_sky130_fd_sc_hd__xor2_4".
Reading "UU_sky130_fd_sc_hd__o32a_1".
Reading "UU_sky130_fd_sc_hd__o31ai_1".
Reading "UU_sky130_fd_sc_hd__o2bb2a_4".
Reading "UU_sky130_fd_sc_hd__or4b_1".
Reading "ucb_top".
    5000 uses
    10000 uses
    15000 uses
    20000 uses
    25000 uses
    30000 uses
    35000 uses
    40000 uses
Reading "sky130_fd_sc_hd__conb_1".
Reading "user_project_wrapper".
CIF file read warning: CIF style sky130(): units rescaled by factor of 5 / 1

TIME: read GDS: 00:00:13 


TIME: create subcut: 00:00:00 

Abstracting UU_sky130_fd_sc_hd__fill_1
instance count:0 port count:5
Abstracting UU_sky130_fd_sc_hd__fill_2
instance count:0 port count:5
Abstracting UU_sky130_fd_sc_hd__fill_4
instance count:0 port count:5
Abstracting UU_sky130_fd_sc_hd__fill_8
instance count:0 port count:5
Abstracting UU_sky130_fd_sc_hd__tapvpwrvgnd_1
instance count:0 port count:3
Abstracting ucb_top
instance count:42763 port count:0
Full size 9254 14096 9514 14736
Setting deletion window size to 400. Estimate 0 steps.
Step 1/0: deleting 0 objects at 9254 14096 9654 14496
Step 2/0: deleting 1 objects at 9254 14496 9654 14896
Deleting 42756 final objects
Deleting viali
Deleting via1
Deleting via2
Deleting via3
Deleting via4
Generating LEF output ucb_top.lef for cell ucb_top:
Diagnostic:  Write LEF header for cell ucb_top
Diagnostic:  Writing LEF output for cell ucb_top
Diagnostic:  Scale value is 0.005000

TIME: create abstract: 00:00:26 

Using technology "sky130A", version 1.0.493

Magic 8.3 revision 471 - Compiled on Wed Apr 22 16:23:58 UTC 2026.
Starting magic under Tcl interpreter
Using the terminal as the console.
Using NULL graphics device.
Processing system .magicrc file
Sourcing design magicrc.well for technology sky130A ...
2 Magic internal units = 1 Lambda
Loading tech file /tmp/tmpsvb7moem/repo/precheck_results/12_MAY_2026___17_58_17/tmp/sky130A.tech
Input style sky130(): scaleFactor=2, multiplier=2
The following types are not handled by extraction and will be treated as non-electrical types:
    ubm 
Scaled tech values by 2 / 1 to match internal grid scaling
Loading "/tmp/tmpsvb7moem/repo/precheck_results/12_MAY_2026___17_58_17/tmp/ext/extract.tcl" from command line.
Extracting with top ports unique (digital)
CIF input style is now "sky130()"
Using abstracted ucb_top
Reading LEF data from file /tmp/tmpsvb7moem/repo/precheck_results/12_MAY_2026___17_58_17/tmp/ext/ucb_top.lef.
This action cannot be undone.
LEF read: Processed 333 lines.
Flattening 

Extracting /tmp/tmpsvb7moem/repo/gds/user_project_wrapper.gds
Warning: Calma reading is not undoable!  I hope that's OK.
Library written using GDS-II Release 3.0
Library name: user_project_wrapper
Reading "UU_sky130_ef_sc_hd__decap_40_12".
Reading "UU_sky130_fd_sc_hd__decap_3".
Reading "UU_sky130_fd_sc_hd__fill_1".
Reading "UU_sky130_fd_sc_hd__tapvpwrvgnd_1".
Reading "UU_sky130_fd_sc_hd__fill_4".
Reading "UU_sky130_fd_sc_hd__fill_2".
Reading "UU_sky130_fd_sc_hd__fill_8".
Reading "UU_sky130_fd_sc_hd__dlygate4sd3_1".
Reading "UU_sky130_fd_sc_hd__dfrtp_1".
Reading "UU_sky130_fd_sc_hd__diode_2".
Reading "UU_sky130_fd_sc_hd__clkbuf_1".
Reading "UU_sky130_fd_sc_hd__and2_1".
Reading "UU_sky130_fd_sc_hd__buf_1".
Reading "UU_sky130_fd_sc_hd__xnor2_1".
Reading "UU_sky130_fd_sc_hd__or2_1".
Reading "UU_sky130_fd_sc_hd__nand2_1".
Reading "UU_sky130_fd_sc_hd__mux2_1".
Reading "UU_sky130_fd_sc_hd__dlymetal6s2s_1".
Reading "UU_sky130_fd_sc_hd__clkbuf_4".
Reading "UU_sky130_fd_sc_hd__buf_2".
Reading "UU_sky130_fd_sc_hd__nor2_1".
Reading "UU_sky130_fd_sc_hd__nor3_1".
Reading "UU_sky130_fd_sc_hd__a21bo_1".
Reading "UU_sky130_fd_sc_hd__o21a_1".
Reading "UU_sky130_fd_sc_hd__a21o_1".
Reading "UU_sky130_fd_sc_hd__o21ai_1".
Reading "UU_sky130_fd_sc_hd__or3_1".
Reading "UU_sky130_fd_sc_hd__nand2b_1".
Reading "UU_sky130_fd_sc_hd__xnor2_2".
Reading "UU_sky130_fd_sc_hd__clkbuf_2".
Reading "UU_sky130_fd_sc_hd__nand3_1".
Reading "UU_sky130_fd_sc_hd__clkbuf_8".
Reading "UU_sky130_fd_sc_hd__nor2_2".
Reading "UU_sky130_fd_sc_hd__inv_8".
Reading "UU_sky130_fd_sc_hd__dfrtp_2".
Reading "UU_sky130_fd_sc_hd__inv_6".
Reading "UU_sky130_fd_sc_hd__clkinv_2".
Reading "UU_sky130_fd_sc_hd__bufinv_16".
Reading "UU_sky130_fd_sc_hd__clkinvlp_4".
Reading "UU_sky130_fd_sc_hd__clkinv_4".
Reading "UU_sky130_fd_sc_hd__buf_8".
Reading "UU_sky130_fd_sc_hd__a22o_1".
Reading "UU_sky130_fd_sc_hd__a221o_1".
Reading "UU_sky130_fd_sc_hd__or4_1".
Reading "UU_sky130_fd_sc_hd__o22ai_4".
Reading "UU_sky130_fd_sc_hd__o21ai_4".
Reading "UU_sky130_fd_sc_hd__or4_2".
Reading "UU_sky130_fd_sc_hd__a2bb2o_1".
Reading "UU_sky130_fd_sc_hd__a2111o_1".
Reading "UU_sky130_fd_sc_hd__o22a_4".
Reading "UU_sky130_fd_sc_hd__o22a_2".
Reading "UU_sky130_fd_sc_hd__clkinv_8".
Reading "UU_sky130_fd_sc_hd__o22a_1".
Reading "UU_sky130_fd_sc_hd__nor4_1".
Reading "UU_sky130_fd_sc_hd__clkbuf_16".
Reading "UU_sky130_fd_sc_hd__a2bb2o_2".
Reading "UU_sky130_fd_sc_hd__nand2_4".
Reading "UU_sky130_fd_sc_hd__xor2_1".
Reading "UU_sky130_fd_sc_hd__o2bb2a_1".
Reading "UU_sky130_fd_sc_hd__buf_4".
Reading "UU_sky130_fd_sc_hd__or3b_1".
Reading "UU_sky130_fd_sc_hd__and3_1".
Reading "UU_sky130_fd_sc_hd__a21oi_1".
Reading "UU_sky130_fd_sc_hd__a221oi_1".
Reading "UU_sky130_fd_sc_hd__nand2_2".
Reading "UU_sky130_fd_sc_hd__o221a_1".
Reading "UU_sky130_fd_sc_hd__buf_6".
Reading "UU_sky130_fd_sc_hd__or3_2".
Reading "UU_sky130_fd_sc_hd__a21oi_2".
Reading "UU_sky130_fd_sc_hd__and2_4".
Reading "UU_sky130_fd_sc_hd__o21ai_2".
Reading "UU_sky130_fd_sc_hd__buf_12".
Reading "UU_sky130_fd_sc_hd__a211o_1".
Reading "UU_sky130_fd_sc_hd__inv_2".
Reading "UU_sky130_fd_sc_hd__o21ba_1".
Reading "UU_sky130_fd_sc_hd__nand4b_1".
Reading "UU_sky130_fd_sc_hd__a41o_1".
Reading "UU_sky130_fd_sc_hd__and2b_1".
Reading "UU_sky130_fd_sc_hd__a32o_1".
Reading "UU_sky130_fd_sc_hd__o31a_1".
Reading "UU_sky130_fd_sc_hd__a21boi_1".
Reading "UU_sky130_fd_sc_hd__and3b_1".
Reading "UU_sky130_fd_sc_hd__dfxtp_1".
Reading "UU_sky130_fd_sc_hd__o211a_1".
Reading "UU_sky130_fd_sc_hd__nor2_4".
Reading "UU_sky130_fd_sc_hd__a31oi_2".
Reading "UU_sky130_fd_sc_hd__or3b_4".
Reading "UU_sky130_fd_sc_hd__nor2_8".
Reading "UU_sky130_fd_sc_hd__or3_4".
Reading "UU_sky130_fd_sc_hd__or2_4".
Reading "UU_sky130_fd_sc_hd__or4bb_4".
Reading "UU_sky130_fd_sc_hd__a21boi_2".
Reading "UU_sky130_fd_sc_hd__or4b_4".
Reading "UU_sky130_fd_sc_hd__or4_4".
Reading "UU_sky130_fd_sc_hd__a31o_1".
Reading "UU_sky130_fd_sc_hd__or2_2".
Reading "UU_sky130_fd_sc_hd__nor4b_2".
Reading "UU_sky130_fd_sc_hd__nor4b_1".
Reading "UU_sky130_fd_sc_hd__xor2_2".
Reading "UU_sky130_fd_sc_hd__and2b_4".
Reading "UU_sky130_fd_sc_hd__and4bb_2".
Reading "UU_sky130_fd_sc_hd__and4b_1".
Reading "UU_sky130_fd_sc_hd__and2_2".
Reading "UU_sky130_fd_sc_hd__and4bb_1".
Reading "UU_sky130_fd_sc_hd__o2bb2a_2".
Reading "UU_sky130_fd_sc_hd__dfstp_1".
Reading "UU_sky130_fd_sc_hd__and4b_4".
Reading "UU_sky130_fd_sc_hd__and4b_2".
Reading "UU_sky130_fd_sc_hd__and3_2".
Reading "UU_sky130_fd_sc_hd__dfrtp_4".
Reading "UU_sky130_fd_sc_hd__and4_1".
Reading "UU_sky130_fd_sc_hd__and4bb_4".
Reading "UU_sky130_fd_sc_hd__o21bai_1".
Reading "UU_sky130_fd_sc_hd__nand2b_2".
Reading "UU_sky130_fd_sc_hd__xor2_4".
Reading "UU_sky130_fd_sc_hd__o32a_1".
Reading "UU_sky130_fd_sc_hd__o31ai_1".
Reading "UU_sky130_fd_sc_hd__o2bb2a_4".
Reading "UU_sky130_fd_sc_hd__or4b_1".
Reading "ucb_top".
Warning:  cell ucb_top already existed before reading GDS!
Using pre-existing cell definition
Reading "sky130_fd_sc_hd__conb_1".
Reading "user_project_wrapper".
CIF file read warning: CIF style sky130(): units rescaled by factor of 5 / 1

TIME: read GDS: 00:00:01 


TIME: add subcut: 00:00:00 

Abstracting UU_sky130_fd_sc_hd__fill_1
Abstracting UU_sky130_fd_sc_hd__fill_2
Abstracting UU_sky130_fd_sc_hd__fill_4
Abstracting UU_sky130_fd_sc_hd__fill_8
Abstracting UU_sky130_fd_sc_hd__tapvpwrvgnd_1
Abstracting ucb_top

TIME: set abstract: 00:00:00 

Processing sky130_fd_sc_hd__conb_1
Processing user_project_wrapper
The following types are not handled by extraction and will be treated as non-electrical types:
    ubm 
Extraction style is now "ngspice()"
Extracting sky130_fd_sc_hd__conb_1 into sky130_fd_sc_hd__conb_1.ext:
Extracting ucb_top into ucb_top.ext:
Extracting user_project_wrapper into user_project_wrapper.ext:
Warning:  Ports "io_oeb[6]" and "io_oeb[5]" are electrically shorted.
Warning:  Ports "io_oeb[6]" and "io_oeb[4]" are electrically shorted.
Warning:  Ports "io_oeb[6]" and "io_oeb[3]" are electrically shorted.
Warning:  Ports "io_oeb[6]" and "io_oeb[2]" are electrically shorted.
Warning:  Ports "io_oeb[6]" and "io_oeb[1]" are electrically shorted.
Warning:  Ports "io_oeb[6]" and "io_oeb[0]" are electrically shorted.
Warning:  Ports "io_oeb[9]" and "io_oeb[8]" are electrically shorted.
Warning:  Ports "io_oeb[9]" and "io_oeb[7]" are electrically shorted.
Warning:  Ports "io_oeb[9]" and "io_oeb[37]" are electrically shorted.
Warning:  Ports "io_oeb[9]" and "io_oeb[36]" are electrically shorted.
Warning:  Ports "io_oeb[9]" and "io_oeb[35]" are electrically shorted.
Warning:  Ports "io_oeb[9]" and "io_oeb[34]" are electrically shorted.
Warning:  Ports "io_oeb[9]" and "io_oeb[33]" are electrically shorted.
Warning:  Ports "io_oeb[9]" and "io_oeb[32]" are electrically shorted.
Warning:  Ports "io_oeb[9]" and "io_oeb[31]" are electrically shorted.
Warning:  Ports "io_oeb[9]" and "io_oeb[30]" are electrically shorted.
Warning:  Ports "io_oeb[9]" and "io_oeb[29]" are electrically shorted.
Warning:  Ports "io_oeb[9]" and "io_oeb[28]" are electrically shorted.
Warning:  Ports "io_oeb[9]" and "io_oeb[27]" are electrically shorted.
Warning:  Ports "io_oeb[9]" and "io_oeb[26]" are electrically shorted.
Warning:  Ports "io_oeb[9]" and "io_oeb[25]" are electrically shorted.
Warning:  Ports "io_oeb[9]" and "io_oeb[24]" are electrically shorted.
Warning:  Ports "io_oeb[9]" and "io_oeb[23]" are electrically shorted.
Warning:  Ports "io_oeb[9]" and "io_oeb[22]" are electrically shorted.
Warning:  Ports "io_oeb[9]" and "io_oeb[21]" are electrically shorted.
Warning:  Ports "io_oeb[9]" and "io_oeb[20]" are electrically shorted.
Warning:  Ports "io_oeb[9]" and "io_oeb[19]" are electrically shorted.
Warning:  Ports "io_oeb[9]" and "io_oeb[18]" are electrically shorted.
Warning:  Ports "io_oeb[9]" and "io_oeb[17]" are electrically shorted.
Warning:  Ports "io_oeb[9]" and "io_oeb[16]" are electrically shorted.
Warning:  Ports "io_oeb[9]" and "io_oeb[15]" are electrically shorted.
Warning:  Ports "io_oeb[9]" and "io_oeb[14]" are electrically shorted.
Warning:  Ports "io_oeb[9]" and "io_oeb[13]" are electrically shorted.
Warning:  Ports "io_oeb[9]" and "io_oeb[12]" are electrically shorted.
Warning:  Ports "io_oeb[9]" and "io_oeb[11]" are electrically shorted.
Warning:  Ports "io_oeb[9]" and "io_oeb[10]" are electrically shorted.

TIME: extract: 00:00:05 

Devs merged: 0
Devs merged: 0
exttospice finished.

TIME: netlist: 00:00:00 

Using technology "sky130A", version 1.0.493
END: Tue May 12 18:02:56 2026
Runtime: 0:00:46 (hh:mm:ss)
