2026-05-12 12:40:47 [INFO] Extracting compressed files in: /tmp/tmpkztbk_dw/repo
2026-05-12 12:40:47 [INFO] make uncompress produced 2 gds/*.gds file(s): user_proj_example.gds, user_project_wrapper.gds (make exit 2)
2026-05-12 12:40:47 [INFO] Project type: digital
2026-05-12 12:40:47 [INFO] GDS hash (user_project_wrapper): 4a05890392a3dab916209911014cd8c23c174ff1
2026-05-12 12:40:47 [INFO] Tools: KLayout v0.29.2 | Magic v8.3.471
2026-05-12 12:40:47 [INFO] PDK: SKY130A unknown
2026-05-12 12:40:47 [INFO] Running 13 checks: [topcell_check, gpio_defines, xor, klayout_feol, klayout_beol, klayout_offgrid, klayout_met_min_ca_density, klayout_pin_label_purposes_overlapping_drawing, klayout_zeroarea, spike_check, illegal_cellname_check, lvs, oeb]
2026-05-12 12:40:47 [INFO] Single top cell 'user_project_wrapper' found
2026-05-12 12:40:47 [INFO] GPIO defines: parsing verilog/rtl/user_defines.v
2026-05-12 12:40:48 [INFO] GPIO defines report: /tmp/tmpkztbk_dw/repo/precheck_results/12_MAY_2026___12_40_46/outputs/reports/gpio_defines.report
2026-05-12 12:41:04 [INFO] Total XOR differences: 0
2026-05-12 12:41:04 [INFO] Running: klayout -b -r /usr/local/lib/python3.9/site-packages/cf_precheck/drc_scripts/sky130A_mr.drc -rd input=/tmp/tmpkztbk_dw/repo/gds/user_project_wrapper.gds -rd topcell=user_project_wrapper -rd report=/tmp/tmpkztbk_dw/repo/precheck_results/12_MAY_2026___12_40_46/outputs/reports/klayout_feol_check.xml -rd thr=2 -rd feol=true
2026-05-12 12:41:39 [INFO] No DRC violations found
2026-05-12 12:41:39 [INFO] Running: klayout -b -r /usr/local/lib/python3.9/site-packages/cf_precheck/drc_scripts/sky130A_mr.drc -rd input=/tmp/tmpkztbk_dw/repo/gds/user_project_wrapper.gds -rd topcell=user_project_wrapper -rd report=/tmp/tmpkztbk_dw/repo/precheck_results/12_MAY_2026___12_40_46/outputs/reports/klayout_beol_check.xml -rd thr=2 -rd beol=true
2026-05-12 12:43:34 [INFO] No DRC violations found
2026-05-12 12:43:34 [INFO] Running: klayout -b -r /usr/local/lib/python3.9/site-packages/cf_precheck/drc_scripts/sky130A_mr.drc -rd input=/tmp/tmpkztbk_dw/repo/gds/user_project_wrapper.gds -rd topcell=user_project_wrapper -rd report=/tmp/tmpkztbk_dw/repo/precheck_results/12_MAY_2026___12_40_46/outputs/reports/klayout_offgrid_check.xml -rd thr=2 -rd offgrid=true
2026-05-12 12:43:54 [INFO] No DRC violations found
2026-05-12 12:43:54 [INFO] Running: klayout -b -r /usr/local/lib/python3.9/site-packages/cf_precheck/drc_scripts/met_min_ca_density.lydrc -rd input=/tmp/tmpkztbk_dw/repo/gds/user_project_wrapper.gds -rd topcell=user_project_wrapper -rd report=/tmp/tmpkztbk_dw/repo/precheck_results/12_MAY_2026___12_40_46/outputs/reports/klayout_met_min_ca_density_check.xml -rd thr=2
2026-05-12 12:44:05 [INFO] No DRC violations found
2026-05-12 12:44:05 [INFO] Running: klayout -b -r /usr/local/lib/python3.9/site-packages/cf_precheck/drc_scripts/pin_label_purposes_overlapping_drawing.rb.drc -rd input=/tmp/tmpkztbk_dw/repo/gds/user_project_wrapper.gds -rd topcell=user_project_wrapper -rd report=/tmp/tmpkztbk_dw/repo/precheck_results/12_MAY_2026___12_40_46/outputs/reports/klayout_pin_label_purposes_overlapping_drawing_check.xml -rd thr=2 -rd top_cell_name=user_project_wrapper
2026-05-12 12:44:12 [INFO] No DRC violations found
2026-05-12 12:44:12 [INFO] Running: klayout -b -r /usr/local/lib/python3.9/site-packages/cf_precheck/drc_scripts/zeroarea.rb.drc -rd input=/tmp/tmpkztbk_dw/repo/gds/user_project_wrapper.gds -rd topcell=user_project_wrapper -rd report=/tmp/tmpkztbk_dw/repo/precheck_results/12_MAY_2026___12_40_46/outputs/reports/klayout_zeroarea_check.xml -rd thr=2 -rd cleaned_output=/tmp/tmpkztbk_dw/repo/precheck_results/12_MAY_2026___12_40_46/outputs/user_project_wrapper_no_zero_areas.gds
2026-05-12 12:44:17 [INFO] No DRC violations found
2026-05-12 12:44:17 [INFO] Running: bash /usr/local/lib/python3.9/site-packages/cf_precheck/drc_scripts/gdsArea0 -V -m /tmp/tmpkztbk_dw/repo/precheck_results/12_MAY_2026___12_40_46/outputs/reports/spike_check.xml /tmp/tmpkztbk_dw/repo/gds/user_project_wrapper.gds
2026-05-12 12:44:22 [INFO] No spikes found
2026-05-12 12:44:23 [INFO] Loading LVS environment from /tmp/tmpkztbk_dw/repo/lvs/user_project_wrapper/lvs_config.json
2026-05-12 12:44:23 [INFO] EXTRACT_FLATGLOB: 
2026-05-12 12:44:23 [INFO] EXTRACT_ABSTRACT: *__fill_* *__fakediode_* *__tapvpwrvgnd_*
2026-05-12 12:44:23 [INFO] EXTRACT_CREATE_SUBCUT: 
2026-05-12 12:44:23 [INFO] LVS_FLATTEN: user_project_wrapper
2026-05-12 12:44:23 [INFO] LVS_NOFLATTEN: 
2026-05-12 12:44:23 [INFO] LVS_IGNORE: 
2026-05-12 12:44:23 [INFO] LVS_SPICE_FILES: /opt/pdks/sky130A/libs.ref/sky130_fd_sc_hd/spice/sky130_ef_sc_hd__decap*.spice /opt/pdks/sky130A/libs.ref/sky130_fd_sc_hd/spice/sky130_fd_sc_hd.spice
2026-05-12 12:44:23 [INFO] LVS_VERILOG_FILES: /tmp/tmpkztbk_dw/repo/verilog/gl/ucb_top.v /tmp/tmpkztbk_dw/repo/verilog/gl/user_project_wrapper.nl.v
2026-05-12 12:44:23 [INFO] LAYOUT_FILE: /tmp/tmpkztbk_dw/repo/spi/lvs/user_project_wrapper.spice
2026-05-12 12:44:23 [INFO] Running: run_be_checks --nooeb
2026-05-12 12:44:23 [INFO] LVS output directory: /tmp/tmpkztbk_dw/repo/precheck_results/12_MAY_2026___12_40_46
2026-05-12 12:44:24 [ERROR] LVS FAILED (stat=1), see /tmp/tmpkztbk_dw/repo/precheck_results/12_MAY_2026___12_40_46/logs/LVS_check.log
2026-05-12 12:44:24 [INFO] Loading LVS environment from /tmp/tmpkztbk_dw/repo/lvs/user_project_wrapper/lvs_config.json
2026-05-12 12:44:24 [INFO] EXTRACT_FLATGLOB: 
2026-05-12 12:44:24 [INFO] EXTRACT_ABSTRACT: *__fill_* *__fakediode_* *__tapvpwrvgnd_*
2026-05-12 12:44:24 [INFO] EXTRACT_CREATE_SUBCUT: 
2026-05-12 12:44:24 [INFO] LVS_FLATTEN: user_project_wrapper
2026-05-12 12:44:24 [INFO] LVS_NOFLATTEN: 
2026-05-12 12:44:24 [INFO] LVS_IGNORE: 
2026-05-12 12:44:24 [INFO] LVS_SPICE_FILES: /opt/pdks/sky130A/libs.ref/sky130_fd_sc_hd/spice/sky130_ef_sc_hd__decap*.spice /opt/pdks/sky130A/libs.ref/sky130_fd_sc_hd/spice/sky130_fd_sc_hd.spice
2026-05-12 12:44:24 [INFO] LVS_VERILOG_FILES: /tmp/tmpkztbk_dw/repo/verilog/gl/ucb_top.v /tmp/tmpkztbk_dw/repo/verilog/gl/user_project_wrapper.nl.v
2026-05-12 12:44:24 [INFO] LAYOUT_FILE: /tmp/tmpkztbk_dw/repo/spi/lvs/user_project_wrapper.spice
2026-05-12 12:44:24 [INFO] Running: run_oeb_check 
2026-05-12 12:44:24 [INFO] OEB output directory: /tmp/tmpkztbk_dw/repo/precheck_results/12_MAY_2026___12_40_46
2026-05-12 12:44:25 [ERROR] OEB FAILED (stat=5), see /tmp/tmpkztbk_dw/repo/precheck_results/12_MAY_2026___12_40_46/logs/OEB_check.log
