"polygons" in: met_min_ca_density.lydrc:35
    Polygons (raw): 556384 (flat)  50703 (hierarchical)
    Elapsed: 0.060s  Memory: 626.00M
"polygons" in: met_min_ca_density.lydrc:36
    Polygons (raw): 515807 (flat)  50321 (hierarchical)
    Elapsed: 0.050s  Memory: 627.00M
"polygons" in: met_min_ca_density.lydrc:38
    Polygons (raw): 428714 (flat)  240738 (hierarchical)
    Elapsed: 0.250s  Memory: 634.00M
"polygons" in: met_min_ca_density.lydrc:39
    Polygons (raw): 65335 (flat)  65335 (hierarchical)
    Elapsed: 0.060s  Memory: 634.00M
"polygons" in: met_min_ca_density.lydrc:41
    Polygons (raw): 134490 (flat)  134490 (hierarchical)
    Elapsed: 0.130s  Memory: 639.00M
"polygons" in: met_min_ca_density.lydrc:42
    Polygons (raw): 15537 (flat)  15537 (hierarchical)
    Elapsed: 0.030s  Memory: 639.00M
"polygons" in: met_min_ca_density.lydrc:44
    Polygons (raw): 48549 (flat)  48549 (hierarchical)
    Elapsed: 0.080s  Memory: 639.00M
"polygons" in: met_min_ca_density.lydrc:45
    Polygons (raw): 7315 (flat)  7315 (hierarchical)
    Elapsed: 0.020s  Memory: 639.00M
"polygons" in: met_min_ca_density.lydrc:47
    Polygons (raw): 9183 (flat)  9183 (hierarchical)
    Elapsed: 0.020s  Memory: 639.00M
"polygons" in: met_min_ca_density.lydrc:48
    Polygons (raw): 0 (flat)  0 (hierarchical)
    Elapsed: 0.000s  Memory: 639.00M
"polygons" in: met_min_ca_density.lydrc:49
    Polygons (raw): 12631 (flat)  12631 (hierarchical)
    Elapsed: 0.030s  Memory: 639.00M
"polygons" in: met_min_ca_density.lydrc:51
    Polygons (raw): 650 (flat)  650 (hierarchical)
    Elapsed: 0.020s  Memory: 639.00M
"input" in: met_min_ca_density.lydrc:53
    Polygons (raw): 2 (flat)  2 (hierarchical)
    Elapsed: 0.020s  Memory: 639.00M
"area" in: met_min_ca_density.lydrc:55
    Elapsed: 0.020s  Memory: 640.00M
"polygons" in: met_min_ca_density.lydrc:59
    Polygons (raw): 556384 (flat)  50703 (hierarchical)
    Elapsed: 0.050s  Memory: 640.00M
"area" in: met_min_ca_density.lydrc:59
    Elapsed: 3.080s  Memory: 695.00M
li1_ca_density is 0.987828377072307
"polygons" in: met_min_ca_density.lydrc:69
    Polygons (raw): 428714 (flat)  240738 (hierarchical)
    Elapsed: 0.240s  Memory: 695.00M
"area" in: met_min_ca_density.lydrc:69
    Elapsed: 3.250s  Memory: 693.00M
m1_ca_density is 0.9904846455357837
"polygons" in: met_min_ca_density.lydrc:79
    Polygons (raw): 134490 (flat)  134490 (hierarchical)
    Elapsed: 0.170s  Memory: 693.00M
"area" in: met_min_ca_density.lydrc:79
    Elapsed: 0.710s  Memory: 693.00M
m2_ca_density is 0.9949678709648389
"polygons" in: met_min_ca_density.lydrc:89
    Polygons (raw): 48549 (flat)  48549 (hierarchical)
    Elapsed: 0.080s  Memory: 693.00M
"area" in: met_min_ca_density.lydrc:89
    Elapsed: 0.260s  Memory: 693.00M
m3_ca_density is 0.9927576912505838
"polygons" in: met_min_ca_density.lydrc:99
    Polygons (raw): 9183 (flat)  9183 (hierarchical)
    Elapsed: 0.020s  Memory: 693.00M
"area" in: met_min_ca_density.lydrc:99
    Elapsed: 0.070s  Memory: 693.00M
m4_ca_density is 0.8422904112532106
"polygons" in: met_min_ca_density.lydrc:109
    Polygons (raw): 650 (flat)  650 (hierarchical)
    Elapsed: 0.020s  Memory: 693.00M
"area" in: met_min_ca_density.lydrc:109
    Elapsed: 0.030s  Memory: 693.00M
m5_ca_density is 0.8444135633950809
Writing report database: /tmp/tmp5r3cgyjc/repo/precheck_results/12_MAY_2026___12_48_44/outputs/reports/klayout_met_min_ca_density_check.xml ..
Total elapsed: 9.430s  Memory: 685.00M
