BEGIN: Wed May 13 12:56:55 2026
Extracting as digital. Top ports unique.

Magic 8.3 revision 471 - Compiled on Wed Apr 22 16:23:58 UTC 2026.
Starting magic under Tcl interpreter
Using the terminal as the console.
Using NULL graphics device.
Processing system .magicrc file
Sourcing design magicrc.well for technology sky130A ...
2 Magic internal units = 1 Lambda
Loading tech file /tmp/tmpj3_gmuiu/repo/precheck_results/13_MAY_2026___12_56_51/tmp/sky130A.tech
Input style sky130(): scaleFactor=2, multiplier=2
The following types are not handled by extraction and will be treated as non-electrical types:
    ubm 
Scaled tech values by 2 / 1 to match internal grid scaling
Loading "/tmp/tmpj3_gmuiu/repo/precheck_results/13_MAY_2026___12_56_51/tmp/ext/abstract.tcl" from command line.
Abstracting
CIF input style is now "sky130()"
Abstracting /tmp/tmpj3_gmuiu/repo/gds/user_project_wrapper.gds
Warning: Calma reading is not undoable!  I hope that's OK.
Library written using GDS-II Release 3.0
Library name: user_project_wrapper
Reading "UA_sky130_ef_sc_hd__decap_12".
Reading "UA_sky130_fd_sc_hd__decap_3".
Reading "UA_sky130_fd_sc_hd__fill_1".
Reading "UA_sky130_fd_sc_hd__tapvpwrvgnd_1".
Reading "UA_sky130_fd_sc_hd__decap_4".
Reading "UA_sky130_fd_sc_hd__decap_6".
Reading "UA_sky130_fd_sc_hd__nor2_1".
Reading "UA_sky130_fd_sc_hd__decap_8".
Reading "UA_sky130_fd_sc_hd__diode_2".
Reading "UA_sky130_fd_sc_hd__clkbuf_1".
Reading "UA_sky130_fd_sc_hd__fill_2".
Reading "UA_sky130_fd_sc_hd__buf_1".
Reading "UA_sky130_fd_sc_hd__nand2b_1".
Reading "UA_sky130_fd_sc_hd__nand2_1".
Reading "UA_sky130_fd_sc_hd__or2_1".
Reading "UA_sky130_fd_sc_hd__nor3_1".
Reading "UA_sky130_fd_sc_hd__o21a_1".
Reading "UA_sky130_fd_sc_hd__and2_2".
Reading "UA_sky130_fd_sc_hd__dfrtp_1".
Reading "UA_sky130_fd_sc_hd__and2_1".
Reading "UA_sky130_fd_sc_hd__xnor2_1".
Reading "UA_sky130_fd_sc_hd__a21o_1".
Reading "UA_sky130_fd_sc_hd__a21bo_1".
Reading "UA_sky130_fd_sc_hd__xnor2_2".
Reading "UA_sky130_fd_sc_hd__dlygate4sd3_1".
Reading "UA_sky130_fd_sc_hd__or3_1".
Reading "UA_sky130_fd_sc_hd__mux2_1".
Reading "UA_sky130_fd_sc_hd__clkbuf_2".
Reading "UA_sky130_fd_sc_hd__nand3_1".
Reading "UA_sky130_fd_sc_hd__nor2_2".
Reading "UA_sky130_fd_sc_hd__o21ai_1".
Reading "UA_sky130_fd_sc_hd__buf_2".
Reading "UA_sky130_fd_sc_hd__buf_8".
Reading "UA_sky130_fd_sc_hd__clkbuf_8".
Reading "UA_sky130_fd_sc_hd__clkbuf_4".
Reading "UA_sky130_fd_sc_hd__clkinvlp_4".
Reading "UA_sky130_fd_sc_hd__buf_6".
Reading "UA_sky130_fd_sc_hd__buf_4".
Reading "UA_sky130_fd_sc_hd__clkinv_4".
Reading "UA_sky130_fd_sc_hd__clkinv_2".
Reading "UA_sky130_fd_sc_hd__bufinv_16".
Reading "UA_sky130_fd_sc_hd__dfrtp_2".
Reading "UA_sky130_fd_sc_hd__dlymetal6s2s_1".
Reading "UA_sky130_fd_sc_hd__clkbuf_16".
Reading "UA_sky130_fd_sc_hd__inv_8".
Reading "UA_sky130_fd_sc_hd__or4_1".
Reading "UA_sky130_fd_sc_hd__a22o_1".
Reading "UA_sky130_fd_sc_hd__and2_4".
Reading "UA_sky130_fd_sc_hd__a221o_1".
Reading "UA_sky130_fd_sc_hd__o21ai_4".
Reading "UA_sky130_fd_sc_hd__a2111o_1".
Reading "UA_sky130_fd_sc_hd__inv_6".
Reading "UA_sky130_fd_sc_hd__o22ai_4".
Reading "UA_sky130_fd_sc_hd__or4_2".
Reading "UA_sky130_fd_sc_hd__nor4_1".
Reading "UA_sky130_fd_sc_hd__a2bb2o_1".
Reading "UA_sky130_fd_sc_hd__o22a_4".
Reading "UA_sky130_fd_sc_hd__o22a_2".
Reading "UA_sky130_fd_sc_hd__a2bb2o_2".
Reading "UA_sky130_fd_sc_hd__nand2_2".
Reading "UA_sky130_fd_sc_hd__o2bb2a_1".
Reading "UA_sky130_fd_sc_hd__inv_12".
Reading "UA_sky130_fd_sc_hd__o21ai_2".
Reading "UA_sky130_fd_sc_hd__o22a_1".
Reading "UA_sky130_fd_sc_hd__and3_1".
Reading "UA_sky130_fd_sc_hd__a21oi_1".
Reading "UA_sky130_fd_sc_hd__a21bo_2".
Reading "UA_sky130_fd_sc_hd__clkinv_8".
Reading "UA_sky130_fd_sc_hd__xor2_1".
Reading "UA_sky130_fd_sc_hd__or3b_1".
Reading "UA_sky130_fd_sc_hd__o221a_1".
Reading "UA_sky130_fd_sc_hd__a211o_1".
Reading "UA_sky130_fd_sc_hd__a221oi_1".
Reading "UA_sky130_fd_sc_hd__o31a_1".
Reading "UA_sky130_fd_sc_hd__inv_2".
Reading "UA_sky130_fd_sc_hd__o21ba_1".
Reading "UA_sky130_fd_sc_hd__or3_2".
Reading "UA_sky130_fd_sc_hd__xor2_2".
Reading "UA_sky130_fd_sc_hd__xor2_4".
Reading "UA_sky130_fd_sc_hd__a32o_1".
Reading "UA_sky130_fd_sc_hd__and3_2".
Reading "UA_sky130_fd_sc_hd__and2b_1".
Reading "UA_sky130_fd_sc_hd__nor2_4".
Reading "UA_sky130_fd_sc_hd__or4_4".
Reading "UA_sky130_fd_sc_hd__a21boi_1".
Reading "UA_sky130_fd_sc_hd__and3b_1".
Reading "UA_sky130_fd_sc_hd__or3b_4".
Reading "UA_sky130_fd_sc_hd__inv_4".
Reading "UA_sky130_fd_sc_hd__nand4b_1".
Reading "UA_sky130_fd_sc_hd__or4bb_4".
Reading "UA_sky130_fd_sc_hd__nor2_8".
Reading "UA_sky130_fd_sc_hd__or2_4".
Reading "UA_sky130_fd_sc_hd__a41o_1".
Reading "UA_sky130_fd_sc_hd__or4b_4".
Reading "UA_sky130_fd_sc_hd__dfxtp_1".
Reading "UA_sky130_fd_sc_hd__or3_4".
Reading "UA_sky130_fd_sc_hd__a21boi_2".
Reading "UA_sky130_fd_sc_hd__o211a_1".
Reading "UA_sky130_fd_sc_hd__a31oi_1".
Reading "UA_sky130_fd_sc_hd__a31o_1".
Reading "UA_sky130_fd_sc_hd__and2b_2".
Reading "UA_sky130_fd_sc_hd__nor4b_1".
Reading "UA_sky130_fd_sc_hd__o22ai_2".
Reading "UA_sky130_fd_sc_hd__and4bb_4".
Reading "UA_sky130_fd_sc_hd__and4b_2".
Reading "UA_sky130_fd_sc_hd__and4b_1".
Reading "UA_sky130_fd_sc_hd__and4_2".
Reading "UA_sky130_fd_sc_hd__dfstp_1".
Reading "UA_sky130_fd_sc_hd__and4bb_1".
Reading "UA_sky130_fd_sc_hd__and4bb_2".
Reading "UA_sky130_fd_sc_hd__and3_4".
Reading "UA_sky130_fd_sc_hd__a2111o_2".
Reading "UA_sky130_fd_sc_hd__and4_1".
Reading "UA_sky130_fd_sc_hd__dfrtp_4".
Reading "UA_sky130_fd_sc_hd__a21oi_2".
Reading "UA_sky130_fd_sc_hd__o21bai_1".
Reading "UA_sky130_fd_sc_hd__o32a_2".
Reading "UA_sky130_fd_sc_hd__o2bb2a_2".
Reading "UA_sky130_fd_sc_hd__or4b_1".
Reading "UA_sky130_fd_sc_hd__o31ai_1".
Reading "ucb_top".
    5000 uses
    10000 uses
    15000 uses
    20000 uses
    25000 uses
    30000 uses
Reading "user_project_wrapper".
CIF file read warning: CIF style sky130(): units rescaled by factor of 5 / 1

TIME: read GDS: 00:00:11 


TIME: create subcut: 00:00:00 

Abstracting UA_sky130_fd_sc_hd__fill_1
instance count:0 port count:5
Abstracting UA_sky130_fd_sc_hd__fill_2
instance count:0 port count:5
Abstracting UA_sky130_fd_sc_hd__tapvpwrvgnd_1
instance count:0 port count:3
Abstracting ucb_top
instance count:32936 port count:0
Full size 8886 14096 9146 14736
Setting deletion window size to 400. Estimate 0 steps.
Step 1/0: deleting 0 objects at 8886 14096 9286 14496
Step 2/0: deleting 1 objects at 8886 14496 9286 14896
Deleting 32931 final objects
Deleting viali
Deleting via1
Deleting via2
Deleting via3
Deleting via4
Generating LEF output ucb_top.lef for cell ucb_top:
Diagnostic:  Write LEF header for cell ucb_top
Diagnostic:  Writing LEF output for cell ucb_top
Diagnostic:  Scale value is 0.005000

TIME: create abstract: 00:00:20 

Using technology "sky130A", version 1.0.493

Magic 8.3 revision 471 - Compiled on Wed Apr 22 16:23:58 UTC 2026.
Starting magic under Tcl interpreter
Using the terminal as the console.
Using NULL graphics device.
Processing system .magicrc file
Sourcing design magicrc.well for technology sky130A ...
2 Magic internal units = 1 Lambda
Loading tech file /tmp/tmpj3_gmuiu/repo/precheck_results/13_MAY_2026___12_56_51/tmp/sky130A.tech
Input style sky130(): scaleFactor=2, multiplier=2
The following types are not handled by extraction and will be treated as non-electrical types:
    ubm 
Scaled tech values by 2 / 1 to match internal grid scaling
Loading "/tmp/tmpj3_gmuiu/repo/precheck_results/13_MAY_2026___12_56_51/tmp/ext/extract.tcl" from command line.
Extracting with top ports unique (digital)
CIF input style is now "sky130()"
Using abstracted ucb_top
Reading LEF data from file /tmp/tmpj3_gmuiu/repo/precheck_results/13_MAY_2026___12_56_51/tmp/ext/ucb_top.lef.
This action cannot be undone.
LEF read: Processed 341 lines.
Flattening 

Extracting /tmp/tmpj3_gmuiu/repo/gds/user_project_wrapper.gds
Warning: Calma reading is not undoable!  I hope that's OK.
Library written using GDS-II Release 3.0
Library name: user_project_wrapper
Reading "UA_sky130_ef_sc_hd__decap_12".
Reading "UA_sky130_fd_sc_hd__decap_3".
Reading "UA_sky130_fd_sc_hd__fill_1".
Reading "UA_sky130_fd_sc_hd__tapvpwrvgnd_1".
Reading "UA_sky130_fd_sc_hd__decap_4".
Reading "UA_sky130_fd_sc_hd__decap_6".
Reading "UA_sky130_fd_sc_hd__nor2_1".
Reading "UA_sky130_fd_sc_hd__decap_8".
Reading "UA_sky130_fd_sc_hd__diode_2".
Reading "UA_sky130_fd_sc_hd__clkbuf_1".
Reading "UA_sky130_fd_sc_hd__fill_2".
Reading "UA_sky130_fd_sc_hd__buf_1".
Reading "UA_sky130_fd_sc_hd__nand2b_1".
Reading "UA_sky130_fd_sc_hd__nand2_1".
Reading "UA_sky130_fd_sc_hd__or2_1".
Reading "UA_sky130_fd_sc_hd__nor3_1".
Reading "UA_sky130_fd_sc_hd__o21a_1".
Reading "UA_sky130_fd_sc_hd__and2_2".
Reading "UA_sky130_fd_sc_hd__dfrtp_1".
Reading "UA_sky130_fd_sc_hd__and2_1".
Reading "UA_sky130_fd_sc_hd__xnor2_1".
Reading "UA_sky130_fd_sc_hd__a21o_1".
Reading "UA_sky130_fd_sc_hd__a21bo_1".
Reading "UA_sky130_fd_sc_hd__xnor2_2".
Reading "UA_sky130_fd_sc_hd__dlygate4sd3_1".
Reading "UA_sky130_fd_sc_hd__or3_1".
Reading "UA_sky130_fd_sc_hd__mux2_1".
Reading "UA_sky130_fd_sc_hd__clkbuf_2".
Reading "UA_sky130_fd_sc_hd__nand3_1".
Reading "UA_sky130_fd_sc_hd__nor2_2".
Reading "UA_sky130_fd_sc_hd__o21ai_1".
Reading "UA_sky130_fd_sc_hd__buf_2".
Reading "UA_sky130_fd_sc_hd__buf_8".
Reading "UA_sky130_fd_sc_hd__clkbuf_8".
Reading "UA_sky130_fd_sc_hd__clkbuf_4".
Reading "UA_sky130_fd_sc_hd__clkinvlp_4".
Reading "UA_sky130_fd_sc_hd__buf_6".
Reading "UA_sky130_fd_sc_hd__buf_4".
Reading "UA_sky130_fd_sc_hd__clkinv_4".
Reading "UA_sky130_fd_sc_hd__clkinv_2".
Reading "UA_sky130_fd_sc_hd__bufinv_16".
Reading "UA_sky130_fd_sc_hd__dfrtp_2".
Reading "UA_sky130_fd_sc_hd__dlymetal6s2s_1".
Reading "UA_sky130_fd_sc_hd__clkbuf_16".
Reading "UA_sky130_fd_sc_hd__inv_8".
Reading "UA_sky130_fd_sc_hd__or4_1".
Reading "UA_sky130_fd_sc_hd__a22o_1".
Reading "UA_sky130_fd_sc_hd__and2_4".
Reading "UA_sky130_fd_sc_hd__a221o_1".
Reading "UA_sky130_fd_sc_hd__o21ai_4".
Reading "UA_sky130_fd_sc_hd__a2111o_1".
Reading "UA_sky130_fd_sc_hd__inv_6".
Reading "UA_sky130_fd_sc_hd__o22ai_4".
Reading "UA_sky130_fd_sc_hd__or4_2".
Reading "UA_sky130_fd_sc_hd__nor4_1".
Reading "UA_sky130_fd_sc_hd__a2bb2o_1".
Reading "UA_sky130_fd_sc_hd__o22a_4".
Reading "UA_sky130_fd_sc_hd__o22a_2".
Reading "UA_sky130_fd_sc_hd__a2bb2o_2".
Reading "UA_sky130_fd_sc_hd__nand2_2".
Reading "UA_sky130_fd_sc_hd__o2bb2a_1".
Reading "UA_sky130_fd_sc_hd__inv_12".
Reading "UA_sky130_fd_sc_hd__o21ai_2".
Reading "UA_sky130_fd_sc_hd__o22a_1".
Reading "UA_sky130_fd_sc_hd__and3_1".
Reading "UA_sky130_fd_sc_hd__a21oi_1".
Reading "UA_sky130_fd_sc_hd__a21bo_2".
Reading "UA_sky130_fd_sc_hd__clkinv_8".
Reading "UA_sky130_fd_sc_hd__xor2_1".
Reading "UA_sky130_fd_sc_hd__or3b_1".
Reading "UA_sky130_fd_sc_hd__o221a_1".
Reading "UA_sky130_fd_sc_hd__a211o_1".
Reading "UA_sky130_fd_sc_hd__a221oi_1".
Reading "UA_sky130_fd_sc_hd__o31a_1".
Reading "UA_sky130_fd_sc_hd__inv_2".
Reading "UA_sky130_fd_sc_hd__o21ba_1".
Reading "UA_sky130_fd_sc_hd__or3_2".
Reading "UA_sky130_fd_sc_hd__xor2_2".
Reading "UA_sky130_fd_sc_hd__xor2_4".
Reading "UA_sky130_fd_sc_hd__a32o_1".
Reading "UA_sky130_fd_sc_hd__and3_2".
Reading "UA_sky130_fd_sc_hd__and2b_1".
Reading "UA_sky130_fd_sc_hd__nor2_4".
Reading "UA_sky130_fd_sc_hd__or4_4".
Reading "UA_sky130_fd_sc_hd__a21boi_1".
Reading "UA_sky130_fd_sc_hd__and3b_1".
Reading "UA_sky130_fd_sc_hd__or3b_4".
Reading "UA_sky130_fd_sc_hd__inv_4".
Reading "UA_sky130_fd_sc_hd__nand4b_1".
Reading "UA_sky130_fd_sc_hd__or4bb_4".
Reading "UA_sky130_fd_sc_hd__nor2_8".
Reading "UA_sky130_fd_sc_hd__or2_4".
Reading "UA_sky130_fd_sc_hd__a41o_1".
Reading "UA_sky130_fd_sc_hd__or4b_4".
Reading "UA_sky130_fd_sc_hd__dfxtp_1".
Reading "UA_sky130_fd_sc_hd__or3_4".
Reading "UA_sky130_fd_sc_hd__a21boi_2".
Reading "UA_sky130_fd_sc_hd__o211a_1".
Reading "UA_sky130_fd_sc_hd__a31oi_1".
Reading "UA_sky130_fd_sc_hd__a31o_1".
Reading "UA_sky130_fd_sc_hd__and2b_2".
Reading "UA_sky130_fd_sc_hd__nor4b_1".
Reading "UA_sky130_fd_sc_hd__o22ai_2".
Reading "UA_sky130_fd_sc_hd__and4bb_4".
Reading "UA_sky130_fd_sc_hd__and4b_2".
Reading "UA_sky130_fd_sc_hd__and4b_1".
Reading "UA_sky130_fd_sc_hd__and4_2".
Reading "UA_sky130_fd_sc_hd__dfstp_1".
Reading "UA_sky130_fd_sc_hd__and4bb_1".
Reading "UA_sky130_fd_sc_hd__and4bb_2".
Reading "UA_sky130_fd_sc_hd__and3_4".
Reading "UA_sky130_fd_sc_hd__a2111o_2".
Reading "UA_sky130_fd_sc_hd__and4_1".
Reading "UA_sky130_fd_sc_hd__dfrtp_4".
Reading "UA_sky130_fd_sc_hd__a21oi_2".
Reading "UA_sky130_fd_sc_hd__o21bai_1".
Reading "UA_sky130_fd_sc_hd__o32a_2".
Reading "UA_sky130_fd_sc_hd__o2bb2a_2".
Reading "UA_sky130_fd_sc_hd__or4b_1".
Reading "UA_sky130_fd_sc_hd__o31ai_1".
Reading "ucb_top".
Warning:  cell ucb_top already existed before reading GDS!
Using pre-existing cell definition
Reading "user_project_wrapper".
CIF file read warning: CIF style sky130(): units rescaled by factor of 5 / 1

TIME: read GDS: 00:00:01 


TIME: add subcut: 00:00:00 

Abstracting UA_sky130_fd_sc_hd__fill_1
Abstracting UA_sky130_fd_sc_hd__fill_2
Abstracting UA_sky130_fd_sc_hd__tapvpwrvgnd_1
Abstracting ucb_top

TIME: set abstract: 00:00:00 

Processing user_project_wrapper
The following types are not handled by extraction and will be treated as non-electrical types:
    ubm 
Extraction style is now "ngspice()"
Extracting ucb_top into ucb_top.ext:
Extracting user_project_wrapper into user_project_wrapper.ext:

TIME: extract: 00:00:05 

Devs merged: 0
exttospice finished.

TIME: netlist: 00:00:00 

Using technology "sky130A", version 1.0.493
END: Wed May 13 12:57:33 2026
Runtime: 0:00:38 (hh:mm:ss)
