"polygons" in: met_min_ca_density.lydrc:35
    Polygons (raw): 414820 (flat)  41546 (hierarchical)
    Elapsed: 0.050s  Memory: 617.00M
"polygons" in: met_min_ca_density.lydrc:36
    Polygons (raw): 506680 (flat)  41156 (hierarchical)
    Elapsed: 0.040s  Memory: 618.00M
"polygons" in: met_min_ca_density.lydrc:38
    Polygons (raw): 351250 (flat)  202486 (hierarchical)
    Elapsed: 0.180s  Memory: 625.00M
"polygons" in: met_min_ca_density.lydrc:39
    Polygons (raw): 57655 (flat)  57655 (hierarchical)
    Elapsed: 0.090s  Memory: 625.00M
"polygons" in: met_min_ca_density.lydrc:41
    Polygons (raw): 119565 (flat)  119565 (hierarchical)
    Elapsed: 0.120s  Memory: 626.00M
"polygons" in: met_min_ca_density.lydrc:42
    Polygons (raw): 14603 (flat)  14603 (hierarchical)
    Elapsed: 0.030s  Memory: 626.00M
"polygons" in: met_min_ca_density.lydrc:44
    Polygons (raw): 46173 (flat)  46173 (hierarchical)
    Elapsed: 0.050s  Memory: 627.00M
"polygons" in: met_min_ca_density.lydrc:45
    Polygons (raw): 7267 (flat)  7267 (hierarchical)
    Elapsed: 0.020s  Memory: 627.00M
"polygons" in: met_min_ca_density.lydrc:47
    Polygons (raw): 9165 (flat)  9165 (hierarchical)
    Elapsed: 0.020s  Memory: 627.00M
"polygons" in: met_min_ca_density.lydrc:48
    Polygons (raw): 0 (flat)  0 (hierarchical)
    Elapsed: 0.000s  Memory: 627.00M
"polygons" in: met_min_ca_density.lydrc:49
    Polygons (raw): 12652 (flat)  12652 (hierarchical)
    Elapsed: 0.020s  Memory: 627.00M
"polygons" in: met_min_ca_density.lydrc:51
    Polygons (raw): 650 (flat)  650 (hierarchical)
    Elapsed: 0.020s  Memory: 627.00M
"input" in: met_min_ca_density.lydrc:53
    Polygons (raw): 2 (flat)  2 (hierarchical)
    Elapsed: 0.010s  Memory: 627.00M
"area" in: met_min_ca_density.lydrc:55
    Elapsed: 0.020s  Memory: 629.00M
"polygons" in: met_min_ca_density.lydrc:59
    Polygons (raw): 414820 (flat)  41546 (hierarchical)
    Elapsed: 0.040s  Memory: 629.00M
"area" in: met_min_ca_density.lydrc:59
    Elapsed: 2.610s  Memory: 673.00M
li1_ca_density is 0.9856034469056468
"polygons" in: met_min_ca_density.lydrc:69
    Polygons (raw): 351250 (flat)  202486 (hierarchical)
    Elapsed: 0.210s  Memory: 674.00M
"area" in: met_min_ca_density.lydrc:69
    Elapsed: 2.710s  Memory: 674.00M
m1_ca_density is 0.9909482507345502
"polygons" in: met_min_ca_density.lydrc:79
    Polygons (raw): 119565 (flat)  119565 (hierarchical)
    Elapsed: 0.140s  Memory: 674.00M
"area" in: met_min_ca_density.lydrc:79
    Elapsed: 0.620s  Memory: 679.00M
m2_ca_density is 0.9953018055412322
"polygons" in: met_min_ca_density.lydrc:89
    Polygons (raw): 46173 (flat)  46173 (hierarchical)
    Elapsed: 0.070s  Memory: 679.00M
"area" in: met_min_ca_density.lydrc:89
    Elapsed: 0.240s  Memory: 679.00M
m3_ca_density is 0.992995344944252
"polygons" in: met_min_ca_density.lydrc:99
    Polygons (raw): 9165 (flat)  9165 (hierarchical)
    Elapsed: 0.020s  Memory: 679.00M
"area" in: met_min_ca_density.lydrc:99
    Elapsed: 0.080s  Memory: 679.00M
m4_ca_density is 0.842479844226728
"polygons" in: met_min_ca_density.lydrc:109
    Polygons (raw): 650 (flat)  650 (hierarchical)
    Elapsed: 0.010s  Memory: 679.00M
"area" in: met_min_ca_density.lydrc:109
    Elapsed: 0.020s  Memory: 679.00M
m5_ca_density is 0.8445009266033624
Writing report database: /tmp/tmps6gidi0j/repo/precheck_results/14_MAY_2026___11_44_40/outputs/reports/klayout_met_min_ca_density_check.xml ..
Total elapsed: 7.940s  Memory: 675.00M
