2026-05-14 11:44:40 [INFO] Extracting compressed files in: /tmp/tmps6gidi0j/repo
2026-05-14 11:44:40 [INFO] make uncompress produced 3 gds/*.gds file(s): ucb_top.gds, user_proj_example.gds, user_project_wrapper.gds (make exit 2)
2026-05-14 11:44:40 [INFO] Project type: digital
2026-05-14 11:44:40 [INFO] GDS hash (user_project_wrapper): 6e2b362d3c437b5fc9147831668edc5c9ba8e667
2026-05-14 11:44:40 [INFO] Tools: KLayout v0.29.2 | Magic v8.3.471
2026-05-14 11:44:40 [INFO] PDK: SKY130A unknown
2026-05-14 11:44:40 [INFO] Running 13 checks: [topcell_check, gpio_defines, xor, klayout_feol, klayout_beol, klayout_offgrid, klayout_met_min_ca_density, klayout_pin_label_purposes_overlapping_drawing, klayout_zeroarea, spike_check, illegal_cellname_check, lvs, oeb]
2026-05-14 11:44:41 [INFO] Single top cell 'user_project_wrapper' found
2026-05-14 11:44:41 [INFO] GPIO defines: parsing verilog/rtl/user_defines.v
2026-05-14 11:44:42 [INFO] GPIO defines report: /tmp/tmps6gidi0j/repo/precheck_results/14_MAY_2026___11_44_40/outputs/reports/gpio_defines.report
2026-05-14 11:44:58 [INFO] Total XOR differences: 0
2026-05-14 11:44:58 [INFO] Running: klayout -b -r /usr/local/lib/python3.9/site-packages/cf_precheck/drc_scripts/sky130A_mr.drc -rd input=/tmp/tmps6gidi0j/repo/gds/user_project_wrapper.gds -rd topcell=user_project_wrapper -rd report=/tmp/tmps6gidi0j/repo/precheck_results/14_MAY_2026___11_44_40/outputs/reports/klayout_feol_check.xml -rd thr=2 -rd feol=true
2026-05-14 11:45:35 [INFO] No DRC violations found
2026-05-14 11:45:35 [INFO] Running: klayout -b -r /usr/local/lib/python3.9/site-packages/cf_precheck/drc_scripts/sky130A_mr.drc -rd input=/tmp/tmps6gidi0j/repo/gds/user_project_wrapper.gds -rd topcell=user_project_wrapper -rd report=/tmp/tmps6gidi0j/repo/precheck_results/14_MAY_2026___11_44_40/outputs/reports/klayout_beol_check.xml -rd thr=2 -rd beol=true
2026-05-14 11:47:25 [INFO] No DRC violations found
2026-05-14 11:47:25 [INFO] Running: klayout -b -r /usr/local/lib/python3.9/site-packages/cf_precheck/drc_scripts/sky130A_mr.drc -rd input=/tmp/tmps6gidi0j/repo/gds/user_project_wrapper.gds -rd topcell=user_project_wrapper -rd report=/tmp/tmps6gidi0j/repo/precheck_results/14_MAY_2026___11_44_40/outputs/reports/klayout_offgrid_check.xml -rd thr=2 -rd offgrid=true
2026-05-14 11:47:44 [INFO] No DRC violations found
2026-05-14 11:47:44 [INFO] Running: klayout -b -r /usr/local/lib/python3.9/site-packages/cf_precheck/drc_scripts/met_min_ca_density.lydrc -rd input=/tmp/tmps6gidi0j/repo/gds/user_project_wrapper.gds -rd topcell=user_project_wrapper -rd report=/tmp/tmps6gidi0j/repo/precheck_results/14_MAY_2026___11_44_40/outputs/reports/klayout_met_min_ca_density_check.xml -rd thr=2
2026-05-14 11:47:54 [INFO] No DRC violations found
2026-05-14 11:47:54 [INFO] Running: klayout -b -r /usr/local/lib/python3.9/site-packages/cf_precheck/drc_scripts/pin_label_purposes_overlapping_drawing.rb.drc -rd input=/tmp/tmps6gidi0j/repo/gds/user_project_wrapper.gds -rd topcell=user_project_wrapper -rd report=/tmp/tmps6gidi0j/repo/precheck_results/14_MAY_2026___11_44_40/outputs/reports/klayout_pin_label_purposes_overlapping_drawing_check.xml -rd thr=2 -rd top_cell_name=user_project_wrapper
2026-05-14 11:48:00 [INFO] No DRC violations found
2026-05-14 11:48:00 [INFO] Running: klayout -b -r /usr/local/lib/python3.9/site-packages/cf_precheck/drc_scripts/zeroarea.rb.drc -rd input=/tmp/tmps6gidi0j/repo/gds/user_project_wrapper.gds -rd topcell=user_project_wrapper -rd report=/tmp/tmps6gidi0j/repo/precheck_results/14_MAY_2026___11_44_40/outputs/reports/klayout_zeroarea_check.xml -rd thr=2 -rd cleaned_output=/tmp/tmps6gidi0j/repo/precheck_results/14_MAY_2026___11_44_40/outputs/user_project_wrapper_no_zero_areas.gds
2026-05-14 11:48:04 [INFO] No DRC violations found
2026-05-14 11:48:04 [INFO] Running: bash /usr/local/lib/python3.9/site-packages/cf_precheck/drc_scripts/gdsArea0 -V -m /tmp/tmps6gidi0j/repo/precheck_results/14_MAY_2026___11_44_40/outputs/reports/spike_check.xml /tmp/tmps6gidi0j/repo/gds/user_project_wrapper.gds
2026-05-14 11:48:10 [INFO] No spikes found
2026-05-14 11:48:10 [INFO] Loading LVS environment from /tmp/tmps6gidi0j/repo/lvs/user_project_wrapper/lvs_config.json
2026-05-14 11:48:10 [INFO] EXTRACT_FLATGLOB: 
2026-05-14 11:48:10 [INFO] EXTRACT_ABSTRACT: *__fill_* *__fakediode_* *__tapvpwrvgnd_*
2026-05-14 11:48:10 [INFO] EXTRACT_CREATE_SUBCUT: 
2026-05-14 11:48:10 [INFO] LVS_FLATTEN: 
2026-05-14 11:48:10 [INFO] LVS_NOFLATTEN: 
2026-05-14 11:48:10 [INFO] LVS_IGNORE: 
2026-05-14 11:48:10 [INFO] LVS_SPICE_FILES: /opt/pdks/sky130A/libs.ref/sky130_fd_sc_hd/spice/sky130_ef_sc_hd__decap*.spice /opt/pdks/sky130A/libs.ref/sky130_fd_sc_hd/spice/sky130_fd_sc_hd.spice
2026-05-14 11:48:10 [INFO] LVS_VERILOG_FILES: /tmp/tmps6gidi0j/repo/verilog/gl/ucb_top.v /tmp/tmps6gidi0j/repo/verilog/gl/user_project_wrapper.v
2026-05-14 11:48:10 [INFO] LAYOUT_FILE: /tmp/tmps6gidi0j/repo/gds/user_project_wrapper.gds
2026-05-14 11:48:10 [INFO] Running: run_be_checks --nooeb
2026-05-14 11:48:10 [INFO] LVS output directory: /tmp/tmps6gidi0j/repo/precheck_results/14_MAY_2026___11_44_40
2026-05-14 11:50:18 [ERROR] LVS FAILED (stat=1), see /tmp/tmps6gidi0j/repo/precheck_results/14_MAY_2026___11_44_40/logs/LVS_check.log
2026-05-14 11:50:18 [INFO] Loading LVS environment from /tmp/tmps6gidi0j/repo/lvs/user_project_wrapper/lvs_config.json
2026-05-14 11:50:18 [INFO] EXTRACT_FLATGLOB: 
2026-05-14 11:50:18 [INFO] EXTRACT_ABSTRACT: *__fill_* *__fakediode_* *__tapvpwrvgnd_*
2026-05-14 11:50:18 [INFO] EXTRACT_CREATE_SUBCUT: 
2026-05-14 11:50:18 [INFO] LVS_FLATTEN: 
2026-05-14 11:50:18 [INFO] LVS_NOFLATTEN: 
2026-05-14 11:50:18 [INFO] LVS_IGNORE: 
2026-05-14 11:50:18 [INFO] LVS_SPICE_FILES: /opt/pdks/sky130A/libs.ref/sky130_fd_sc_hd/spice/sky130_ef_sc_hd__decap*.spice /opt/pdks/sky130A/libs.ref/sky130_fd_sc_hd/spice/sky130_fd_sc_hd.spice
2026-05-14 11:50:18 [INFO] LVS_VERILOG_FILES: /tmp/tmps6gidi0j/repo/verilog/gl/ucb_top.v /tmp/tmps6gidi0j/repo/verilog/gl/user_project_wrapper.v
2026-05-14 11:50:18 [INFO] LAYOUT_FILE: /tmp/tmps6gidi0j/repo/gds/user_project_wrapper.gds
2026-05-14 11:50:18 [INFO] Running: run_oeb_check --noextract
2026-05-14 11:50:18 [INFO] OEB output directory: /tmp/tmps6gidi0j/repo/precheck_results/14_MAY_2026___11_44_40
2026-05-14 11:50:20 [ERROR] OEB FAILED (stat=6), see /tmp/tmps6gidi0j/repo/precheck_results/14_MAY_2026___11_44_40/logs/OEB_check.log
