BEGIN: Tue May 12 12:44:23 2026
Extracting as digital. Top ports unique.

Magic 8.3 revision 471 - Compiled on Wed Apr 22 16:23:58 UTC 2026.
Starting magic under Tcl interpreter
Using the terminal as the console.
Using NULL graphics device.
Processing system .magicrc file
Sourcing design magicrc.well for technology sky130A ...
2 Magic internal units = 1 Lambda
Loading tech file /tmp/tmpkztbk_dw/repo/precheck_results/12_MAY_2026___12_40_46/tmp/sky130A.tech
Input style sky130(): scaleFactor=2, multiplier=2
The following types are not handled by extraction and will be treated as non-electrical types:
    ubm 
Scaled tech values by 2 / 1 to match internal grid scaling
Loading "/tmp/tmpkztbk_dw/repo/precheck_results/12_MAY_2026___12_40_46/tmp/ext/abstract.tcl" from command line.
Abstracting
CIF input style is now "sky130()"
Abstracting /tmp/tmpkztbk_dw/repo/spi/lvs/user_project_wrapper.spice
Warning: Calma reading is not undoable!  I hope that's OK.
Error while reading cell "(UNNAMED)" (byte position 4): Unexpected record type in input: 
    Expected HEADER record but got 78.
freeMagic called with NULL argument.

TIME: read GDS: 00:00:00 


TIME: create subcut: 00:00:00 


TIME: create abstract: 00:00:00 

Using technology "sky130A", version 1.0.493

Magic 8.3 revision 471 - Compiled on Wed Apr 22 16:23:58 UTC 2026.
Starting magic under Tcl interpreter
Using the terminal as the console.
Using NULL graphics device.
Processing system .magicrc file
Sourcing design magicrc.well for technology sky130A ...
2 Magic internal units = 1 Lambda
Loading tech file /tmp/tmpkztbk_dw/repo/precheck_results/12_MAY_2026___12_40_46/tmp/sky130A.tech
Input style sky130(): scaleFactor=2, multiplier=2
The following types are not handled by extraction and will be treated as non-electrical types:
    ubm 
Scaled tech values by 2 / 1 to match internal grid scaling
Loading "/tmp/tmpkztbk_dw/repo/precheck_results/12_MAY_2026___12_40_46/tmp/ext/extract.tcl" from command line.
Extracting with top ports unique (digital)
CIF input style is now "sky130()"
Flattening 

Extracting /tmp/tmpkztbk_dw/repo/spi/lvs/user_project_wrapper.spice
Warning: Calma reading is not undoable!  I hope that's OK.
Error while reading cell "(UNNAMED)" (byte position 4): Unexpected record type in input: 
    Expected HEADER record but got 78.
freeMagic called with NULL argument.

TIME: read GDS: 00:00:00 


TIME: add subcut: 00:00:00 


TIME: set abstract: 00:00:00 

Cell user_project_wrapper couldn't be read
No such file or directory
Creating new cell
The following types are not handled by extraction and will be treated as non-electrical types:
    ubm 
Extraction style is now "ngspice()"

TIME: extract: 00:00:00 


TIME: netlist: 00:00:00 

Using technology "sky130A", version 1.0.493
END: Tue May 12 12:44:24 2026
Runtime: 0:00:01 (hh:mm:ss)
