
TOP SOURCE: user_project_wrapper
SOURCE FILE(S): /opt/pdks/sky130A/libs.ref/sky130_fd_sc_hd/spice/sky130_ef_sc_hd__decap_12.spice
 /opt/pdks/sky130A/libs.ref/sky130_fd_sc_hd/spice/sky130_ef_sc_hd__decap_20_12.spice
 /opt/pdks/sky130A/libs.ref/sky130_fd_sc_hd/spice/sky130_ef_sc_hd__decap_40_12.spice
 /opt/pdks/sky130A/libs.ref/sky130_fd_sc_hd/spice/sky130_ef_sc_hd__decap_60_12.spice
 /opt/pdks/sky130A/libs.ref/sky130_fd_sc_hd/spice/sky130_ef_sc_hd__decap_80_12.spice
 /opt/pdks/sky130A/libs.ref/sky130_fd_sc_hd/spice/sky130_fd_sc_hd.spice
 /tmp/tmpb8g2m4zu/repo/verilog/gl/ucb_top.v
 /tmp/tmpb8g2m4zu/repo/verilog/gl/user_project_wrapper.nl.v
TOP LAYOUT: user_project_wrapper
LAYOUT FILE: /tmp/tmpb8g2m4zu/repo/gds/user_project_wrapper.gds
EXTRACT_FLATGLOB: 
EXTRACT_ABSTRACT: *__fill_*
 *__fakediode_*
 *__tapvpwrvgnd_*
 ucb_top
LVS_FLATTEN: user_project_wrapper
LVS_NOFLATTEN: 
LVS_IGNORE: 
WORK_ROOT   : /tmp/tmpb8g2m4zu/repo/precheck_results/12_MAY_2026___18_11_54/tmp
LOG_ROOT    : /tmp/tmpb8g2m4zu/repo/precheck_results/12_MAY_2026___18_11_54/logs
SIGNOFF_ROOT: /tmp/tmpb8g2m4zu/repo/precheck_results/12_MAY_2026___18_11_54/outputs/reports
 
Running hierarchical comparison between verilog and layout...
Creating /tmp/tmpb8g2m4zu/repo/precheck_results/12_MAY_2026___18_11_54/tmp/verilog.cells from the following files...
	/tmp/tmpb8g2m4zu/repo/verilog/gl/ucb_top.v
	/tmp/tmpb8g2m4zu/repo/verilog/gl/user_project_wrapper.nl.v
[INFO] Changing from /tmp/tmpb8g2m4zu/repo/gds/user_project_wrapper.gds
	to /tmp/tmpb8g2m4zu/repo/precheck_results/12_MAY_2026___18_11_54/tmp/layout.txt
Hierarchy check for user_project_wrapper passed.
 
Running LVS...
TOP SOURCE: user_project_wrapper
SOURCE FILE(S): /opt/pdks/sky130A/libs.ref/sky130_fd_sc_hd/spice/sky130_ef_sc_hd__decap_12.spice
 /opt/pdks/sky130A/libs.ref/sky130_fd_sc_hd/spice/sky130_ef_sc_hd__decap_20_12.spice
 /opt/pdks/sky130A/libs.ref/sky130_fd_sc_hd/spice/sky130_ef_sc_hd__decap_40_12.spice
 /opt/pdks/sky130A/libs.ref/sky130_fd_sc_hd/spice/sky130_ef_sc_hd__decap_60_12.spice
 /opt/pdks/sky130A/libs.ref/sky130_fd_sc_hd/spice/sky130_ef_sc_hd__decap_80_12.spice
 /opt/pdks/sky130A/libs.ref/sky130_fd_sc_hd/spice/sky130_fd_sc_hd.spice
 /tmp/tmpb8g2m4zu/repo/verilog/gl/ucb_top.v
 /tmp/tmpb8g2m4zu/repo/verilog/gl/user_project_wrapper.nl.v
TOP LAYOUT: user_project_wrapper
LAYOUT FILE: /tmp/tmpb8g2m4zu/repo/gds/user_project_wrapper.gds
EXTRACT_FLATGLOB: 
EXTRACT_ABSTRACT: *__fill_*
 *__fakediode_*
 *__tapvpwrvgnd_*
 ucb_top
LVS_FLATTEN: user_project_wrapper
LVS_NOFLATTEN: 
LVS_IGNORE: 
WORK_ROOT   : /tmp/tmpb8g2m4zu/repo/precheck_results/12_MAY_2026___18_11_54/tmp
LOG_ROOT    : /tmp/tmpb8g2m4zu/repo/precheck_results/12_MAY_2026___18_11_54/logs
SIGNOFF_ROOT: /tmp/tmpb8g2m4zu/repo/precheck_results/12_MAY_2026___18_11_54/outputs/reports
 
Running extract...
TOP LAYOUT: user_project_wrapper
LAYOUT FILE: /tmp/tmpb8g2m4zu/repo/gds/user_project_wrapper.gds
EXTRACT_FLATGLOB: 
EXTRACT_ABSTRACT: *__fill_*
 *__fakediode_*
 *__tapvpwrvgnd_*
 ucb_top
WORK_ROOT   : /tmp/tmpb8g2m4zu/repo/precheck_results/12_MAY_2026___18_11_54/tmp
LOG_ROOT    : /tmp/tmpb8g2m4zu/repo/precheck_results/12_MAY_2026___18_11_54/logs
SIGNOFF_ROOT: /tmp/tmpb8g2m4zu/repo/precheck_results/12_MAY_2026___18_11_54/outputs/reports
LOG FILE: /tmp/tmpb8g2m4zu/repo/precheck_results/12_MAY_2026___18_11_54/logs/ext.log
Adding subcutout style to tech file.
/opt/pdks/sky130A/libs.tech/magic/sky130A.tech: version 1.0.493
Extracting to /tmp/tmpb8g2m4zu/repo/precheck_results/12_MAY_2026___18_11_54/tmp/ext
 

Magic 8.3 revision 471 - Compiled on Wed Apr 22 16:23:58 UTC 2026.
Starting magic under Tcl interpreter
Using the terminal as the console.
Using NULL graphics device.
Processing system .magicrc file
Sourcing design magicrc.well for technology sky130A ...
2 Magic internal units = 1 Lambda
Loading tech file /tmp/tmpb8g2m4zu/repo/precheck_results/12_MAY_2026___18_11_54/tmp/sky130A.tech
Input style sky130(): scaleFactor=2, multiplier=2
The following types are not handled by extraction and will be treated as non-electrical types:
    ubm 
Scaled tech values by 2 / 1 to match internal grid scaling
Loading "/tmp/tmpb8g2m4zu/repo/precheck_results/12_MAY_2026___18_11_54/tmp/ext/abstract.tcl" from command line.
Abstracting
CIF input style is now "sky130()"
Abstracting /tmp/tmpb8g2m4zu/repo/gds/user_project_wrapper.gds
Warning: Calma reading is not undoable!  I hope that's OK.
Library written using GDS-II Release 3.0
Library name: user_project_wrapper
Reading "UU_sky130_ef_sc_hd__decap_40_12".
Reading "UU_sky130_fd_sc_hd__decap_3".
Reading "UU_sky130_fd_sc_hd__fill_1".
Reading "UU_sky130_fd_sc_hd__tapvpwrvgnd_1".
Reading "UU_sky130_fd_sc_hd__fill_4".
Reading "UU_sky130_fd_sc_hd__fill_2".
Reading "UU_sky130_fd_sc_hd__fill_8".
Reading "UU_sky130_fd_sc_hd__dlygate4sd3_1".
Reading "UU_sky130_fd_sc_hd__dfrtp_1".
Reading "UU_sky130_fd_sc_hd__diode_2".
Reading "UU_sky130_fd_sc_hd__clkbuf_1".
Reading "UU_sky130_fd_sc_hd__and2_1".
Reading "UU_sky130_fd_sc_hd__buf_1".
Reading "UU_sky130_fd_sc_hd__xnor2_1".
Reading "UU_sky130_fd_sc_hd__or2_1".
Reading "UU_sky130_fd_sc_hd__nand2_1".
Reading "UU_sky130_fd_sc_hd__mux2_1".
Reading "UU_sky130_fd_sc_hd__dlymetal6s2s_1".
Reading "UU_sky130_fd_sc_hd__clkbuf_4".
Reading "UU_sky130_fd_sc_hd__buf_2".
Reading "UU_sky130_fd_sc_hd__nor2_1".
Reading "UU_sky130_fd_sc_hd__nor3_1".
Reading "UU_sky130_fd_sc_hd__a21bo_1".
Reading "UU_sky130_fd_sc_hd__o21a_1".
Reading "UU_sky130_fd_sc_hd__a21o_1".
Reading "UU_sky130_fd_sc_hd__o21ai_1".
Reading "UU_sky130_fd_sc_hd__or3_1".
Reading "UU_sky130_fd_sc_hd__nand2b_1".
Reading "UU_sky130_fd_sc_hd__xnor2_2".
Reading "UU_sky130_fd_sc_hd__clkbuf_2".
Reading "UU_sky130_fd_sc_hd__nand3_1".
Reading "UU_sky130_fd_sc_hd__clkbuf_8".
Reading "UU_sky130_fd_sc_hd__nor2_2".
Reading "UU_sky130_fd_sc_hd__inv_8".
Reading "UU_sky130_fd_sc_hd__dfrtp_2".
Reading "UU_sky130_fd_sc_hd__inv_6".
Reading "UU_sky130_fd_sc_hd__clkinv_2".
Reading "UU_sky130_fd_sc_hd__bufinv_16".
Reading "UU_sky130_fd_sc_hd__clkinvlp_4".
Reading "UU_sky130_fd_sc_hd__clkinv_4".
Reading "UU_sky130_fd_sc_hd__buf_8".
Reading "UU_sky130_fd_sc_hd__a22o_1".
Reading "UU_sky130_fd_sc_hd__a221o_1".
Reading "UU_sky130_fd_sc_hd__or4_1".
Reading "UU_sky130_fd_sc_hd__o22ai_4".
Reading "UU_sky130_fd_sc_hd__o21ai_4".
Reading "UU_sky130_fd_sc_hd__or4_2".
Reading "UU_sky130_fd_sc_hd__a2bb2o_1".
Reading "UU_sky130_fd_sc_hd__a2111o_1".
Reading "UU_sky130_fd_sc_hd__o22a_4".
Reading "UU_sky130_fd_sc_hd__o22a_2".
Reading "UU_sky130_fd_sc_hd__clkinv_8".
Reading "UU_sky130_fd_sc_hd__o22a_1".
Reading "UU_sky130_fd_sc_hd__nor4_1".
Reading "UU_sky130_fd_sc_hd__clkbuf_16".
Reading "UU_sky130_fd_sc_hd__a2bb2o_2".
Reading "UU_sky130_fd_sc_hd__nand2_4".
Reading "UU_sky130_fd_sc_hd__xor2_1".
Reading "UU_sky130_fd_sc_hd__o2bb2a_1".
Reading "UU_sky130_fd_sc_hd__buf_4".
Reading "UU_sky130_fd_sc_hd__or3b_1".
Reading "UU_sky130_fd_sc_hd__and3_1".
Reading "UU_sky130_fd_sc_hd__a21oi_1".
Reading "UU_sky130_fd_sc_hd__a221oi_1".
Reading "UU_sky130_fd_sc_hd__nand2_2".
Reading "UU_sky130_fd_sc_hd__o221a_1".
Reading "UU_sky130_fd_sc_hd__buf_6".
Reading "UU_sky130_fd_sc_hd__or3_2".
Reading "UU_sky130_fd_sc_hd__a21oi_2".
Reading "UU_sky130_fd_sc_hd__and2_4".
Reading "UU_sky130_fd_sc_hd__o21ai_2".
Reading "UU_sky130_fd_sc_hd__buf_12".
Reading "UU_sky130_fd_sc_hd__a211o_1".
Reading "UU_sky130_fd_sc_hd__inv_2".
Reading "UU_sky130_fd_sc_hd__o21ba_1".
Reading "UU_sky130_fd_sc_hd__nand4b_1".
Reading "UU_sky130_fd_sc_hd__a41o_1".
Reading "UU_sky130_fd_sc_hd__and2b_1".
Reading "UU_sky130_fd_sc_hd__a32o_1".
Reading "UU_sky130_fd_sc_hd__o31a_1".
Reading "UU_sky130_fd_sc_hd__a21boi_1".
Reading "UU_sky130_fd_sc_hd__and3b_1".
Reading "UU_sky130_fd_sc_hd__dfxtp_1".
Reading "UU_sky130_fd_sc_hd__o211a_1".
Reading "UU_sky130_fd_sc_hd__nor2_4".
Reading "UU_sky130_fd_sc_hd__a31oi_2".
Reading "UU_sky130_fd_sc_hd__or3b_4".
Reading "UU_sky130_fd_sc_hd__nor2_8".
Reading "UU_sky130_fd_sc_hd__or3_4".
Reading "UU_sky130_fd_sc_hd__or2_4".
Reading "UU_sky130_fd_sc_hd__or4bb_4".
Reading "UU_sky130_fd_sc_hd__a21boi_2".
Reading "UU_sky130_fd_sc_hd__or4b_4".
Reading "UU_sky130_fd_sc_hd__or4_4".
Reading "UU_sky130_fd_sc_hd__a31o_1".
Reading "UU_sky130_fd_sc_hd__or2_2".
Reading "UU_sky130_fd_sc_hd__nor4b_2".
Reading "UU_sky130_fd_sc_hd__nor4b_1".
Reading "UU_sky130_fd_sc_hd__xor2_2".
Reading "UU_sky130_fd_sc_hd__and2b_4".
Reading "UU_sky130_fd_sc_hd__and4bb_2".
Reading "UU_sky130_fd_sc_hd__and4b_1".
Reading "UU_sky130_fd_sc_hd__and2_2".
Reading "UU_sky130_fd_sc_hd__and4bb_1".
Reading "UU_sky130_fd_sc_hd__o2bb2a_2".
Reading "UU_sky130_fd_sc_hd__dfstp_1".
Reading "UU_sky130_fd_sc_hd__and4b_4".
Reading "UU_sky130_fd_sc_hd__and4b_2".
Reading "UU_sky130_fd_sc_hd__and3_2".
Reading "UU_sky130_fd_sc_hd__dfrtp_4".
Reading "UU_sky130_fd_sc_hd__and4_1".
Reading "UU_sky130_fd_sc_hd__and4bb_4".
Reading "UU_sky130_fd_sc_hd__o21bai_1".
Reading "UU_sky130_fd_sc_hd__nand2b_2".
Reading "UU_sky130_fd_sc_hd__xor2_4".
Reading "UU_sky130_fd_sc_hd__o32a_1".
Reading "UU_sky130_fd_sc_hd__o31ai_1".
Reading "UU_sky130_fd_sc_hd__o2bb2a_4".
Reading "UU_sky130_fd_sc_hd__or4b_1".
Reading "ucb_top".
    5000 uses
    10000 uses
    15000 uses
    20000 uses
    25000 uses
    30000 uses
    35000 uses
    40000 uses
Reading "sky130_fd_sc_hd__conb_1".
Reading "user_project_wrapper".
CIF file read warning: CIF style sky130(): units rescaled by factor of 5 / 1

TIME: read GDS: 00:00:11 


TIME: create subcut: 00:00:00 

Abstracting UU_sky130_fd_sc_hd__fill_1
instance count:0 port count:5
Abstracting UU_sky130_fd_sc_hd__fill_2
instance count:0 port count:5
Abstracting UU_sky130_fd_sc_hd__fill_4
instance count:0 port count:5
Abstracting UU_sky130_fd_sc_hd__fill_8
instance count:0 port count:5
Abstracting UU_sky130_fd_sc_hd__tapvpwrvgnd_1
instance count:0 port count:3
Abstracting ucb_top
instance count:42763 port count:0
Full size 9254 14096 9514 14736
Setting deletion window size to 400. Estimate 0 steps.
Step 1/0: deleting 0 objects at 9254 14096 9654 14496
Step 2/0: deleting 1 objects at 9254 14496 9654 14896
Deleting 42756 final objects
Deleting viali
Deleting via1
Deleting via2
Deleting via3
Deleting via4
Generating LEF output ucb_top.lef for cell ucb_top:
Diagnostic:  Write LEF header for cell ucb_top
Diagnostic:  Writing LEF output for cell ucb_top
Diagnostic:  Scale value is 0.005000

TIME: create abstract: 00:00:22 

Using technology "sky130A", version 1.0.493

Magic 8.3 revision 471 - Compiled on Wed Apr 22 16:23:58 UTC 2026.
Starting magic under Tcl interpreter
Using the terminal as the console.
Using NULL graphics device.
Processing system .magicrc file
Sourcing design magicrc.well for technology sky130A ...
2 Magic internal units = 1 Lambda
Loading tech file /tmp/tmpb8g2m4zu/repo/precheck_results/12_MAY_2026___18_11_54/tmp/sky130A.tech
Input style sky130(): scaleFactor=2, multiplier=2
The following types are not handled by extraction and will be treated as non-electrical types:
    ubm 
Scaled tech values by 2 / 1 to match internal grid scaling
Loading "/tmp/tmpb8g2m4zu/repo/precheck_results/12_MAY_2026___18_11_54/tmp/ext/extract.tcl" from command line.
Extracting with top ports unique (digital)
CIF input style is now "sky130()"
Using abstracted ucb_top
Reading LEF data from file /tmp/tmpb8g2m4zu/repo/precheck_results/12_MAY_2026___18_11_54/tmp/ext/ucb_top.lef.
This action cannot be undone.
LEF read: Processed 333 lines.
Flattening 

Extracting /tmp/tmpb8g2m4zu/repo/gds/user_project_wrapper.gds
Warning: Calma reading is not undoable!  I hope that's OK.
Library written using GDS-II Release 3.0
Library name: user_project_wrapper
Reading "UU_sky130_ef_sc_hd__decap_40_12".
Reading "UU_sky130_fd_sc_hd__decap_3".
Reading "UU_sky130_fd_sc_hd__fill_1".
Reading "UU_sky130_fd_sc_hd__tapvpwrvgnd_1".
Reading "UU_sky130_fd_sc_hd__fill_4".
Reading "UU_sky130_fd_sc_hd__fill_2".
Reading "UU_sky130_fd_sc_hd__fill_8".
Reading "UU_sky130_fd_sc_hd__dlygate4sd3_1".
Reading "UU_sky130_fd_sc_hd__dfrtp_1".
Reading "UU_sky130_fd_sc_hd__diode_2".
Reading "UU_sky130_fd_sc_hd__clkbuf_1".
Reading "UU_sky130_fd_sc_hd__and2_1".
Reading "UU_sky130_fd_sc_hd__buf_1".
Reading "UU_sky130_fd_sc_hd__xnor2_1".
Reading "UU_sky130_fd_sc_hd__or2_1".
Reading "UU_sky130_fd_sc_hd__nand2_1".
Reading "UU_sky130_fd_sc_hd__mux2_1".
Reading "UU_sky130_fd_sc_hd__dlymetal6s2s_1".
Reading "UU_sky130_fd_sc_hd__clkbuf_4".
Reading "UU_sky130_fd_sc_hd__buf_2".
Reading "UU_sky130_fd_sc_hd__nor2_1".
Reading "UU_sky130_fd_sc_hd__nor3_1".
Reading "UU_sky130_fd_sc_hd__a21bo_1".
Reading "UU_sky130_fd_sc_hd__o21a_1".
Reading "UU_sky130_fd_sc_hd__a21o_1".
Reading "UU_sky130_fd_sc_hd__o21ai_1".
Reading "UU_sky130_fd_sc_hd__or3_1".
Reading "UU_sky130_fd_sc_hd__nand2b_1".
Reading "UU_sky130_fd_sc_hd__xnor2_2".
Reading "UU_sky130_fd_sc_hd__clkbuf_2".
Reading "UU_sky130_fd_sc_hd__nand3_1".
Reading "UU_sky130_fd_sc_hd__clkbuf_8".
Reading "UU_sky130_fd_sc_hd__nor2_2".
Reading "UU_sky130_fd_sc_hd__inv_8".
Reading "UU_sky130_fd_sc_hd__dfrtp_2".
Reading "UU_sky130_fd_sc_hd__inv_6".
Reading "UU_sky130_fd_sc_hd__clkinv_2".
Reading "UU_sky130_fd_sc_hd__bufinv_16".
Reading "UU_sky130_fd_sc_hd__clkinvlp_4".
Reading "UU_sky130_fd_sc_hd__clkinv_4".
Reading "UU_sky130_fd_sc_hd__buf_8".
Reading "UU_sky130_fd_sc_hd__a22o_1".
Reading "UU_sky130_fd_sc_hd__a221o_1".
Reading "UU_sky130_fd_sc_hd__or4_1".
Reading "UU_sky130_fd_sc_hd__o22ai_4".
Reading "UU_sky130_fd_sc_hd__o21ai_4".
Reading "UU_sky130_fd_sc_hd__or4_2".
Reading "UU_sky130_fd_sc_hd__a2bb2o_1".
Reading "UU_sky130_fd_sc_hd__a2111o_1".
Reading "UU_sky130_fd_sc_hd__o22a_4".
Reading "UU_sky130_fd_sc_hd__o22a_2".
Reading "UU_sky130_fd_sc_hd__clkinv_8".
Reading "UU_sky130_fd_sc_hd__o22a_1".
Reading "UU_sky130_fd_sc_hd__nor4_1".
Reading "UU_sky130_fd_sc_hd__clkbuf_16".
Reading "UU_sky130_fd_sc_hd__a2bb2o_2".
Reading "UU_sky130_fd_sc_hd__nand2_4".
Reading "UU_sky130_fd_sc_hd__xor2_1".
Reading "UU_sky130_fd_sc_hd__o2bb2a_1".
Reading "UU_sky130_fd_sc_hd__buf_4".
Reading "UU_sky130_fd_sc_hd__or3b_1".
Reading "UU_sky130_fd_sc_hd__and3_1".
Reading "UU_sky130_fd_sc_hd__a21oi_1".
Reading "UU_sky130_fd_sc_hd__a221oi_1".
Reading "UU_sky130_fd_sc_hd__nand2_2".
Reading "UU_sky130_fd_sc_hd__o221a_1".
Reading "UU_sky130_fd_sc_hd__buf_6".
Reading "UU_sky130_fd_sc_hd__or3_2".
Reading "UU_sky130_fd_sc_hd__a21oi_2".
Reading "UU_sky130_fd_sc_hd__and2_4".
Reading "UU_sky130_fd_sc_hd__o21ai_2".
Reading "UU_sky130_fd_sc_hd__buf_12".
Reading "UU_sky130_fd_sc_hd__a211o_1".
Reading "UU_sky130_fd_sc_hd__inv_2".
Reading "UU_sky130_fd_sc_hd__o21ba_1".
Reading "UU_sky130_fd_sc_hd__nand4b_1".
Reading "UU_sky130_fd_sc_hd__a41o_1".
Reading "UU_sky130_fd_sc_hd__and2b_1".
Reading "UU_sky130_fd_sc_hd__a32o_1".
Reading "UU_sky130_fd_sc_hd__o31a_1".
Reading "UU_sky130_fd_sc_hd__a21boi_1".
Reading "UU_sky130_fd_sc_hd__and3b_1".
Reading "UU_sky130_fd_sc_hd__dfxtp_1".
Reading "UU_sky130_fd_sc_hd__o211a_1".
Reading "UU_sky130_fd_sc_hd__nor2_4".
Reading "UU_sky130_fd_sc_hd__a31oi_2".
Reading "UU_sky130_fd_sc_hd__or3b_4".
Reading "UU_sky130_fd_sc_hd__nor2_8".
Reading "UU_sky130_fd_sc_hd__or3_4".
Reading "UU_sky130_fd_sc_hd__or2_4".
Reading "UU_sky130_fd_sc_hd__or4bb_4".
Reading "UU_sky130_fd_sc_hd__a21boi_2".
Reading "UU_sky130_fd_sc_hd__or4b_4".
Reading "UU_sky130_fd_sc_hd__or4_4".
Reading "UU_sky130_fd_sc_hd__a31o_1".
Reading "UU_sky130_fd_sc_hd__or2_2".
Reading "UU_sky130_fd_sc_hd__nor4b_2".
Reading "UU_sky130_fd_sc_hd__nor4b_1".
Reading "UU_sky130_fd_sc_hd__xor2_2".
Reading "UU_sky130_fd_sc_hd__and2b_4".
Reading "UU_sky130_fd_sc_hd__and4bb_2".
Reading "UU_sky130_fd_sc_hd__and4b_1".
Reading "UU_sky130_fd_sc_hd__and2_2".
Reading "UU_sky130_fd_sc_hd__and4bb_1".
Reading "UU_sky130_fd_sc_hd__o2bb2a_2".
Reading "UU_sky130_fd_sc_hd__dfstp_1".
Reading "UU_sky130_fd_sc_hd__and4b_4".
Reading "UU_sky130_fd_sc_hd__and4b_2".
Reading "UU_sky130_fd_sc_hd__and3_2".
Reading "UU_sky130_fd_sc_hd__dfrtp_4".
Reading "UU_sky130_fd_sc_hd__and4_1".
Reading "UU_sky130_fd_sc_hd__and4bb_4".
Reading "UU_sky130_fd_sc_hd__o21bai_1".
Reading "UU_sky130_fd_sc_hd__nand2b_2".
Reading "UU_sky130_fd_sc_hd__xor2_4".
Reading "UU_sky130_fd_sc_hd__o32a_1".
Reading "UU_sky130_fd_sc_hd__o31ai_1".
Reading "UU_sky130_fd_sc_hd__o2bb2a_4".
Reading "UU_sky130_fd_sc_hd__or4b_1".
Reading "ucb_top".
Warning:  cell ucb_top already existed before reading GDS!
Using pre-existing cell definition
Reading "sky130_fd_sc_hd__conb_1".
Reading "user_project_wrapper".
CIF file read warning: CIF style sky130(): units rescaled by factor of 5 / 1

TIME: read GDS: 00:00:00 


TIME: add subcut: 00:00:00 

Abstracting UU_sky130_fd_sc_hd__fill_1
Abstracting UU_sky130_fd_sc_hd__fill_2
Abstracting UU_sky130_fd_sc_hd__fill_4
Abstracting UU_sky130_fd_sc_hd__fill_8
Abstracting UU_sky130_fd_sc_hd__tapvpwrvgnd_1
Abstracting ucb_top

TIME: set abstract: 00:00:00 

Processing sky130_fd_sc_hd__conb_1
Processing user_project_wrapper
The following types are not handled by extraction and will be treated as non-electrical types:
    ubm 
Extraction style is now "ngspice()"
Extracting sky130_fd_sc_hd__conb_1 into sky130_fd_sc_hd__conb_1.ext:
Extracting ucb_top into ucb_top.ext:
Extracting user_project_wrapper into user_project_wrapper.ext:
Warning:  Ports "io_oeb[6]" and "io_oeb[5]" are electrically shorted.
Warning:  Ports "io_oeb[6]" and "io_oeb[4]" are electrically shorted.
Warning:  Ports "io_oeb[6]" and "io_oeb[3]" are electrically shorted.
Warning:  Ports "io_oeb[6]" and "io_oeb[2]" are electrically shorted.
Warning:  Ports "io_oeb[6]" and "io_oeb[1]" are electrically shorted.
Warning:  Ports "io_oeb[6]" and "io_oeb[0]" are electrically shorted.
Warning:  Ports "io_oeb[9]" and "io_oeb[8]" are electrically shorted.
Warning:  Ports "io_oeb[9]" and "io_oeb[7]" are electrically shorted.
Warning:  Ports "io_oeb[9]" and "io_oeb[37]" are electrically shorted.
Warning:  Ports "io_oeb[9]" and "io_oeb[36]" are electrically shorted.
Warning:  Ports "io_oeb[9]" and "io_oeb[35]" are electrically shorted.
Warning:  Ports "io_oeb[9]" and "io_oeb[34]" are electrically shorted.
Warning:  Ports "io_oeb[9]" and "io_oeb[33]" are electrically shorted.
Warning:  Ports "io_oeb[9]" and "io_oeb[32]" are electrically shorted.
Warning:  Ports "io_oeb[9]" and "io_oeb[31]" are electrically shorted.
Warning:  Ports "io_oeb[9]" and "io_oeb[30]" are electrically shorted.
Warning:  Ports "io_oeb[9]" and "io_oeb[29]" are electrically shorted.
Warning:  Ports "io_oeb[9]" and "io_oeb[28]" are electrically shorted.
Warning:  Ports "io_oeb[9]" and "io_oeb[27]" are electrically shorted.
Warning:  Ports "io_oeb[9]" and "io_oeb[26]" are electrically shorted.
Warning:  Ports "io_oeb[9]" and "io_oeb[25]" are electrically shorted.
Warning:  Ports "io_oeb[9]" and "io_oeb[24]" are electrically shorted.
Warning:  Ports "io_oeb[9]" and "io_oeb[23]" are electrically shorted.
Warning:  Ports "io_oeb[9]" and "io_oeb[22]" are electrically shorted.
Warning:  Ports "io_oeb[9]" and "io_oeb[21]" are electrically shorted.
Warning:  Ports "io_oeb[9]" and "io_oeb[20]" are electrically shorted.
Warning:  Ports "io_oeb[9]" and "io_oeb[19]" are electrically shorted.
Warning:  Ports "io_oeb[9]" and "io_oeb[18]" are electrically shorted.
Warning:  Ports "io_oeb[9]" and "io_oeb[17]" are electrically shorted.
Warning:  Ports "io_oeb[9]" and "io_oeb[16]" are electrically shorted.
Warning:  Ports "io_oeb[9]" and "io_oeb[15]" are electrically shorted.
Warning:  Ports "io_oeb[9]" and "io_oeb[14]" are electrically shorted.
Warning:  Ports "io_oeb[9]" and "io_oeb[13]" are electrically shorted.
Warning:  Ports "io_oeb[9]" and "io_oeb[12]" are electrically shorted.
Warning:  Ports "io_oeb[9]" and "io_oeb[11]" are electrically shorted.
Warning:  Ports "io_oeb[9]" and "io_oeb[10]" are electrically shorted.

TIME: extract: 00:00:05 

Devs merged: 0
Devs merged: 0
exttospice finished.

TIME: netlist: 00:00:00 

Using technology "sky130A", version 1.0.493
Creating layout hierarchy in /tmp/tmpb8g2m4zu/repo/precheck_results/12_MAY_2026___18_11_54/tmp/ext/user_project_wrapper.hier...
 
Netgen 1.5.272 compiled on Wed Apr 22 16:24:02 UTC 2026
Warning: netgen command 'format' use fully-qualified name '::netgen::format'
Warning: netgen command 'global' use fully-qualified name '::netgen::global'
Reading layout /tmp/tmpb8g2m4zu/repo/precheck_results/12_MAY_2026___18_11_54/tmp/ext/user_project_wrapper.gds.spice...
Call to undefined subcircuit sky130_fd_pr__res_generic_po
Creating placeholder cell definition.
Reading source /opt/pdks/sky130A/libs.ref/sky130_fd_sc_hd/spice/sky130_ef_sc_hd__decap_12.spice...
Call to undefined subcircuit sky130_fd_pr__pfet_01v8_hvt
Creating placeholder cell definition.
Call to undefined subcircuit sky130_fd_pr__nfet_01v8
Creating placeholder cell definition.
Reading source /opt/pdks/sky130A/libs.ref/sky130_fd_sc_hd/spice/sky130_ef_sc_hd__decap_20_12.spice...
Reading source /opt/pdks/sky130A/libs.ref/sky130_fd_sc_hd/spice/sky130_ef_sc_hd__decap_40_12.spice...
Reading source /opt/pdks/sky130A/libs.ref/sky130_fd_sc_hd/spice/sky130_ef_sc_hd__decap_60_12.spice...
Reading source /opt/pdks/sky130A/libs.ref/sky130_fd_sc_hd/spice/sky130_ef_sc_hd__decap_80_12.spice...
Reading source /opt/pdks/sky130A/libs.ref/sky130_fd_sc_hd/spice/sky130_fd_sc_hd.spice...
Call to undefined subcircuit sky130_fd_pr__res_generic_po
Creating placeholder cell definition.
Call to undefined subcircuit sky130_fd_pr__special_nfet_01v8
Creating placeholder cell definition.
Call to undefined subcircuit sky130_fd_pr__diode_pw2nd_05v5
Creating placeholder cell definition.
Call to undefined subcircuit sky130_fd_pr__special_pfet_01v8_hvt
Creating placeholder cell definition.
Call to undefined subcircuit sky130_fd_sc_hd__nand2_2
Creating placeholder cell definition.
Call to undefined subcircuit sky130_fd_sc_hd__nor2_2
Creating placeholder cell definition.
Reading source /tmp/tmpb8g2m4zu/repo/verilog/gl/ucb_top.v...
Warning:  A case-insensitive file has been read and so the	verilog file must be treated case-insensitive to match.
Note:  Implicit pin Y in instance clkload0 of sky130_fd_sc_hd__clkinvlp_4 in cell ucb_top
Note:  Implicit pin X in instance clkload1 of sky130_fd_sc_hd__clkbuf_8 in cell ucb_top
Note:  Implicit pin Y in instance clkload2 of sky130_fd_sc_hd__clkinv_2 in cell ucb_top
Note:  Implicit pin X in instance clkload3 of sky130_fd_sc_hd__clkbuf_8 in cell ucb_top
Note:  Implicit pin Y in instance clkload4 of sky130_fd_sc_hd__clkinvlp_4 in cell ucb_top
Note:  Implicit pin Y in instance clkload5 of sky130_fd_sc_hd__inv_6 in cell ucb_top
Note:  Implicit pin X in instance clkload6 of sky130_fd_sc_hd__clkbuf_8 in cell ucb_top
Note:  Implicit pin X in instance clkload7 of sky130_fd_sc_hd__clkbuf_8 in cell ucb_top
Note:  Implicit pin Y in instance clkload8 of sky130_fd_sc_hd__clkinvlp_4 in cell ucb_top
Note:  Implicit pin X in instance clkload9 of sky130_fd_sc_hd__clkbuf_8 in cell ucb_top
Note:  Implicit pin Y in instance clkload10 of sky130_fd_sc_hd__clkinv_2 in cell ucb_top
Note:  Implicit pin X in instance clkload11 of sky130_fd_sc_hd__clkbuf_4 in cell ucb_top
Note:  Implicit pin Y in instance clkload12 of sky130_fd_sc_hd__clkinv_2 in cell ucb_top
Note:  Implicit pin X in instance clkload13 of sky130_fd_sc_hd__clkbuf_8 in cell ucb_top
Note:  Implicit pin Y in instance clkload14 of sky130_fd_sc_hd__clkinvlp_4 in cell ucb_top
Note:  Implicit pin X in instance clkload15 of sky130_fd_sc_hd__clkbuf_8 in cell ucb_top
Note:  Implicit pin Y in instance clkload16 of sky130_fd_sc_hd__inv_6 in cell ucb_top
Note:  Implicit pin Y in instance clkload17 of sky130_fd_sc_hd__inv_6 in cell ucb_top
Note:  Implicit pin Y in instance clkload18 of sky130_fd_sc_hd__inv_6 in cell ucb_top
Note:  Implicit pin Y in instance clkload19 of sky130_fd_sc_hd__clkinvlp_4 in cell ucb_top
Note:  Implicit pin X in instance clkload20 of sky130_fd_sc_hd__clkbuf_8 in cell ucb_top
Note:  Implicit pin Y in instance clkload21 of sky130_fd_sc_hd__clkinvlp_4 in cell ucb_top
Note:  Implicit pin Y in instance clkload22 of sky130_fd_sc_hd__clkinv_2 in cell ucb_top
Note:  Implicit pin Y in instance clkload23 of sky130_fd_sc_hd__bufinv_16 in cell ucb_top
Note:  Implicit pin Y in instance clkload24 of sky130_fd_sc_hd__clkinv_4 in cell ucb_top
Note:  Implicit pin Y in instance clkload25 of sky130_fd_sc_hd__clkinv_2 in cell ucb_top
Note:  Implicit pin Y in instance clkload26 of sky130_fd_sc_hd__inv_6 in cell ucb_top
Note:  Implicit pin Y in instance clkload27 of sky130_fd_sc_hd__clkinv_4 in cell ucb_top
Note:  Implicit pin Y in instance clkload28 of sky130_fd_sc_hd__clkinvlp_4 in cell ucb_top
Note:  Implicit pin Y in instance clkload29 of sky130_fd_sc_hd__clkinv_8 in cell ucb_top
Note:  Implicit pin Y in instance clkload30 of sky130_fd_sc_hd__inv_6 in cell ucb_top
Note:  Implicit pin Y in instance clkload31 of sky130_fd_sc_hd__clkinv_2 in cell ucb_top
Note:  Implicit pin Y in instance clkload32 of sky130_fd_sc_hd__inv_8 in cell ucb_top
Note:  Implicit pin Y in instance clkload33 of sky130_fd_sc_hd__clkinv_4 in cell ucb_top
Note:  Implicit pin Y in instance clkload34 of sky130_fd_sc_hd__inv_6 in cell ucb_top
Note:  Implicit pin Y in instance clkload35 of sky130_fd_sc_hd__inv_8 in cell ucb_top
Note:  Implicit pin Y in instance clkload36 of sky130_fd_sc_hd__inv_6 in cell ucb_top
Note:  Implicit pin X in instance clkload37 of sky130_fd_sc_hd__clkbuf_8 in cell ucb_top
Note:  Implicit pin X in instance clkload38 of sky130_fd_sc_hd__clkbuf_4 in cell ucb_top
Note:  Implicit pin Y in instance clkload39 of sky130_fd_sc_hd__inv_8 in cell ucb_top
Note:  Implicit pin Y in instance clkload40 of sky130_fd_sc_hd__inv_6 in cell ucb_top
Note:  Implicit pin Y in instance clkload41 of sky130_fd_sc_hd__bufinv_16 in cell ucb_top
Note:  Implicit pin Y in instance clkload42 of sky130_fd_sc_hd__clkinv_8 in cell ucb_top
Note:  Implicit pin Y in instance clkload43 of sky130_fd_sc_hd__clkinvlp_4 in cell ucb_top
Note:  Implicit pin Y in instance clkload44 of sky130_fd_sc_hd__bufinv_16 in cell ucb_top
Note:  Implicit pin Y in instance clkload45 of sky130_fd_sc_hd__clkinv_2 in cell ucb_top
Note:  Implicit pin Y in instance clkload46 of sky130_fd_sc_hd__clkinvlp_4 in cell ucb_top
Note:  Implicit pin Y in instance clkload47 of sky130_fd_sc_hd__clkinvlp_4 in cell ucb_top
Note:  Implicit pin Y in instance clkload48 of sky130_fd_sc_hd__bufinv_16 in cell ucb_top
Note:  Implicit pin Y in instance clkload49 of sky130_fd_sc_hd__clkinvlp_4 in cell ucb_top
Note:  Implicit pin X in instance clkload50 of sky130_fd_sc_hd__clkbuf_4 in cell ucb_top
Note:  Implicit pin Y in instance clkload51 of sky130_fd_sc_hd__clkinv_2 in cell ucb_top
Note:  Implicit pin X in instance clkload52 of sky130_fd_sc_hd__clkbuf_8 in cell ucb_top
Note:  Implicit pin Y in instance clkload53 of sky130_fd_sc_hd__bufinv_16 in cell ucb_top
Note:  Implicit pin Y in instance clkload54 of sky130_fd_sc_hd__clkinv_4 in cell ucb_top
Note:  Implicit pin X in instance clkload55 of sky130_fd_sc_hd__clkbuf_8 in cell ucb_top
Note:  Implicit pin Y in instance clkload56 of sky130_fd_sc_hd__inv_6 in cell ucb_top
Note:  Implicit pin X in instance clkload57 of sky130_fd_sc_hd__clkbuf_4 in cell ucb_top
Note:  Implicit pin Y in instance clkload58 of sky130_fd_sc_hd__clkinv_2 in cell ucb_top
Note:  Implicit pin Y in instance clkload59 of sky130_fd_sc_hd__inv_6 in cell ucb_top
Note:  Implicit pin Y in instance clkload60 of sky130_fd_sc_hd__clkinv_2 in cell ucb_top
Note:  Implicit pin Y in instance clkload61 of sky130_fd_sc_hd__bufinv_16 in cell ucb_top
Note:  Implicit pin Y in instance clkload62 of sky130_fd_sc_hd__inv_6 in cell ucb_top
Note:  Implicit pin Y in instance clkload63 of sky130_fd_sc_hd__clkinv_4 in cell ucb_top
Note:  Implicit pin Y in instance clkload64 of sky130_fd_sc_hd__bufinv_16 in cell ucb_top
Note:  Implicit pin X in instance clkload65 of sky130_fd_sc_hd__clkbuf_4 in cell ucb_top
Note:  Implicit pin Y in instance clkload66 of sky130_fd_sc_hd__clkinvlp_4 in cell ucb_top
Note:  Implicit pin Y in instance clkload67 of sky130_fd_sc_hd__clkinv_2 in cell ucb_top
Note:  Implicit pin Y in instance clkload68 of sky130_fd_sc_hd__clkinvlp_4 in cell ucb_top
Note:  Implicit pin Y in instance clkload69 of sky130_fd_sc_hd__inv_6 in cell ucb_top
Note:  Implicit pin X in instance clkload70 of sky130_fd_sc_hd__clkbuf_4 in cell ucb_top
Note:  Implicit pin Y in instance clkload71 of sky130_fd_sc_hd__clkinvlp_4 in cell ucb_top
Note:  Implicit pin Y in instance clkload72 of sky130_fd_sc_hd__inv_6 in cell ucb_top
Note:  Implicit pin X in instance clkload73 of sky130_fd_sc_hd__clkbuf_4 in cell ucb_top
Note:  Implicit pin Y in instance clkload74 of sky130_fd_sc_hd__clkinvlp_4 in cell ucb_top
Note:  Implicit pin Y in instance clkload75 of sky130_fd_sc_hd__clkinv_2 in cell ucb_top
Note:  Implicit pin Y in instance clkload76 of sky130_fd_sc_hd__bufinv_16 in cell ucb_top
Note:  Implicit pin Y in instance clkload77 of sky130_fd_sc_hd__bufinv_16 in cell ucb_top
Note:  Implicit pin X in instance clkload78 of sky130_fd_sc_hd__clkbuf_8 in cell ucb_top
Note:  Implicit pin Y in instance clkload79 of sky130_fd_sc_hd__clkinv_2 in cell ucb_top
Note:  Implicit pin Y in instance clkload80 of sky130_fd_sc_hd__clkinv_2 in cell ucb_top
Note:  Implicit pin X in instance clkload81 of sky130_fd_sc_hd__clkbuf_4 in cell ucb_top
Note:  Implicit pin Y in instance clkload82 of sky130_fd_sc_hd__bufinv_16 in cell ucb_top
Note:  Implicit pin Y in instance clkload83 of sky130_fd_sc_hd__clkinv_2 in cell ucb_top
Note:  Implicit pin Y in instance clkload84 of sky130_fd_sc_hd__inv_6 in cell ucb_top
Note:  Implicit pin Y in instance clkload85 of sky130_fd_sc_hd__inv_6 in cell ucb_top
Note:  Implicit pin Y in instance clkload86 of sky130_fd_sc_hd__inv_6 in cell ucb_top
Note:  Implicit pin Y in instance clkload87 of sky130_fd_sc_hd__inv_8 in cell ucb_top
Note:  Implicit pin Y in instance clkload88 of sky130_fd_sc_hd__clkinvlp_4 in cell ucb_top
Note:  Implicit pin Y in instance clkload89 of sky130_fd_sc_hd__inv_6 in cell ucb_top
Note:  Implicit pin Y in instance clkload90 of sky130_fd_sc_hd__bufinv_16 in cell ucb_top
Note:  Implicit pin Y in instance clkload91 of sky130_fd_sc_hd__clkinv_4 in cell ucb_top
Note:  Implicit pin Y in instance clkload92 of sky130_fd_sc_hd__bufinv_16 in cell ucb_top
Note:  Implicit pin Y in instance clkload93 of sky130_fd_sc_hd__inv_6 in cell ucb_top
Note:  Implicit pin Y in instance clkload94 of sky130_fd_sc_hd__inv_6 in cell ucb_top
Note:  Implicit pin Y in instance clkload95 of sky130_fd_sc_hd__inv_8 in cell ucb_top
Note:  Implicit pin Y in instance clkload96 of sky130_fd_sc_hd__inv_8 in cell ucb_top
Note:  Implicit pin Y in instance clkload97 of sky130_fd_sc_hd__inv_6 in cell ucb_top
Note:  Implicit pin Y in instance clkload98 of sky130_fd_sc_hd__inv_6 in cell ucb_top
Note:  Implicit pin Y in instance clkload99 of sky130_fd_sc_hd__bufinv_16 in cell ucb_top
Note:  Implicit pin Y in instance clkload100 of sky130_fd_sc_hd__clkinv_2 in cell ucb_top
Note:  Implicit pin Y in instance clkload101 of sky130_fd_sc_hd__clkinv_4 in cell ucb_top
Note:  Implicit pin X in instance clkload102 of sky130_fd_sc_hd__clkbuf_8 in cell ucb_top
Note:  Implicit pin Y in instance clkload103 of sky130_fd_sc_hd__bufinv_16 in cell ucb_top
Note:  Implicit pin X in instance clkload104 of sky130_fd_sc_hd__clkbuf_8 in cell ucb_top
Note:  Implicit pin Y in instance clkload105 of sky130_fd_sc_hd__clkinvlp_4 in cell ucb_top
Note:  Implicit pin Y in instance clkload106 of sky130_fd_sc_hd__inv_6 in cell ucb_top
Note:  Implicit pin X in instance clkload107 of sky130_fd_sc_hd__clkbuf_4 in cell ucb_top
Note:  Implicit pin X in instance clkload108 of sky130_fd_sc_hd__clkbuf_8 in cell ucb_top
Note:  Implicit pin Y in instance clkload109 of sky130_fd_sc_hd__clkinv_2 in cell ucb_top
Note:  Implicit pin X in instance clkload110 of sky130_fd_sc_hd__clkbuf_4 in cell ucb_top
Note:  Implicit pin Y in instance clkload111 of sky130_fd_sc_hd__inv_6 in cell ucb_top
Note:  Implicit pin Y in instance clkload112 of sky130_fd_sc_hd__clkinvlp_4 in cell ucb_top
Note:  Implicit pin Y in instance clkload113 of sky130_fd_sc_hd__clkinv_2 in cell ucb_top
Note:  Implicit pin X in instance clkload114 of sky130_fd_sc_hd__clkbuf_8 in cell ucb_top
Note:  Implicit pin Y in instance clkload115 of sky130_fd_sc_hd__bufinv_16 in cell ucb_top
Note:  Implicit pin X in instance clkload116 of sky130_fd_sc_hd__clkbuf_4 in cell ucb_top
Note:  Implicit pin Y in instance clkload117 of sky130_fd_sc_hd__bufinv_16 in cell ucb_top
Note:  Implicit pin Y in instance clkload118 of sky130_fd_sc_hd__bufinv_16 in cell ucb_top
Note:  Implicit pin Y in instance clkload119 of sky130_fd_sc_hd__inv_8 in cell ucb_top
Note:  Implicit pin Y in instance clkload120 of sky130_fd_sc_hd__clkinv_4 in cell ucb_top
Note:  Implicit pin Y in instance clkload121 of sky130_fd_sc_hd__inv_6 in cell ucb_top
Note:  Implicit pin Y in instance clkload122 of sky130_fd_sc_hd__clkinv_2 in cell ucb_top
Note:  Implicit pin Y in instance clkload123 of sky130_fd_sc_hd__inv_6 in cell ucb_top
Note:  Implicit pin Y in instance clkload124 of sky130_fd_sc_hd__clkinv_2 in cell ucb_top
Note:  Implicit pin Y in instance clkload125 of sky130_fd_sc_hd__inv_6 in cell ucb_top
Note:  Implicit pin Y in instance clkload126 of sky130_fd_sc_hd__inv_6 in cell ucb_top
Note:  Implicit pin Y in instance clkload127 of sky130_fd_sc_hd__clkinv_2 in cell ucb_top
Note:  Implicit pin X in instance clkload128 of sky130_fd_sc_hd__clkbuf_4 in cell ucb_top
Note:  Implicit pin Y in instance clkload129 of sky130_fd_sc_hd__clkinvlp_4 in cell ucb_top
Note:  Implicit pin Y in instance clkload130 of sky130_fd_sc_hd__clkinv_8 in cell ucb_top
Note:  Implicit pin Y in instance clkload131 of sky130_fd_sc_hd__inv_6 in cell ucb_top
Note:  Implicit pin Y in instance clkload132 of sky130_fd_sc_hd__clkinv_4 in cell ucb_top
Note:  Implicit pin Y in instance clkload133 of sky130_fd_sc_hd__clkinv_2 in cell ucb_top
Note:  Implicit pin Y in instance clkload134 of sky130_fd_sc_hd__clkinv_4 in cell ucb_top
Note:  Implicit pin Y in instance clkload135 of sky130_fd_sc_hd__clkinv_4 in cell ucb_top
Note:  Implicit pin X in instance clkload136 of sky130_fd_sc_hd__clkbuf_8 in cell ucb_top
Note:  Implicit pin X in instance clkload137 of sky130_fd_sc_hd__clkbuf_4 in cell ucb_top
Note:  Implicit pin X in instance clkload138 of sky130_fd_sc_hd__clkbuf_4 in cell ucb_top
Note:  Implicit pin Y in instance clkload139 of sky130_fd_sc_hd__clkinv_8 in cell ucb_top
Note:  Implicit pin Y in instance clkload140 of sky130_fd_sc_hd__clkinvlp_4 in cell ucb_top
Note:  Implicit pin Y in instance clkload141 of sky130_fd_sc_hd__inv_6 in cell ucb_top
Note:  Implicit pin Y in instance clkload142 of sky130_fd_sc_hd__clkinvlp_4 in cell ucb_top
Note:  Implicit pin Y in instance clkload143 of sky130_fd_sc_hd__clkinvlp_4 in cell ucb_top
Note:  Implicit pin Y in instance clkload144 of sky130_fd_sc_hd__clkinv_8 in cell ucb_top
Note:  Implicit pin Y in instance clkload145 of sky130_fd_sc_hd__clkinv_8 in cell ucb_top
Note:  Implicit pin Y in instance clkload146 of sky130_fd_sc_hd__clkinvlp_4 in cell ucb_top
Note:  Implicit pin Y in instance clkload147 of sky130_fd_sc_hd__clkinv_4 in cell ucb_top
Note:  Implicit pin Y in instance clkload148 of sky130_fd_sc_hd__clkinv_4 in cell ucb_top
Note:  Implicit pin Y in instance clkload149 of sky130_fd_sc_hd__inv_6 in cell ucb_top
Note:  Implicit pin Y in instance clkload150 of sky130_fd_sc_hd__inv_8 in cell ucb_top
Note:  Implicit pin Y in instance clkload151 of sky130_fd_sc_hd__inv_8 in cell ucb_top
Note:  Implicit pin X in instance clkload152 of sky130_fd_sc_hd__clkbuf_4 in cell ucb_top
Note:  Implicit pin Y in instance clkload153 of sky130_fd_sc_hd__clkinvlp_4 in cell ucb_top
Note:  Implicit pin X in instance clkload154 of sky130_fd_sc_hd__clkbuf_8 in cell ucb_top
Note:  Implicit pin Y in instance clkload155 of sky130_fd_sc_hd__bufinv_16 in cell ucb_top
Note:  Implicit pin Y in instance clkload156 of sky130_fd_sc_hd__inv_8 in cell ucb_top
Note:  Implicit pin Y in instance clkload157 of sky130_fd_sc_hd__inv_6 in cell ucb_top
Note:  Implicit pin Y in instance clkload158 of sky130_fd_sc_hd__inv_8 in cell ucb_top
Note:  Implicit pin Y in instance clkload159 of sky130_fd_sc_hd__inv_6 in cell ucb_top
Note:  Implicit pin Y in instance clkload160 of sky130_fd_sc_hd__clkinv_8 in cell ucb_top
Note:  Implicit pin Y in instance clkload161 of sky130_fd_sc_hd__clkinvlp_4 in cell ucb_top
Note:  Implicit pin Y in instance clkload162 of sky130_fd_sc_hd__inv_8 in cell ucb_top
Note:  Implicit pin Y in instance clkload163 of sky130_fd_sc_hd__clkinvlp_4 in cell ucb_top
Note:  Implicit pin Y in instance clkload164 of sky130_fd_sc_hd__inv_6 in cell ucb_top
Note:  Implicit pin Y in instance clkload165 of sky130_fd_sc_hd__bufinv_16 in cell ucb_top
Note:  Implicit pin Y in instance clkload166 of sky130_fd_sc_hd__inv_6 in cell ucb_top
Note:  Implicit pin Y in instance clkload167 of sky130_fd_sc_hd__clkinv_4 in cell ucb_top
Note:  Implicit pin X in instance clkload168 of sky130_fd_sc_hd__clkbuf_4 in cell ucb_top
Note:  Implicit pin Y in instance clkload169 of sky130_fd_sc_hd__clkinv_2 in cell ucb_top
Note:  Implicit pin Y in instance clkload170 of sky130_fd_sc_hd__bufinv_16 in cell ucb_top
Note:  Implicit pin Y in instance clkload171 of sky130_fd_sc_hd__inv_6 in cell ucb_top
Note:  Implicit pin Y in instance clkload172 of sky130_fd_sc_hd__clkinv_4 in cell ucb_top
Note:  Implicit pin Y in instance clkload173 of sky130_fd_sc_hd__inv_6 in cell ucb_top
Note:  Implicit pin Y in instance clkload174 of sky130_fd_sc_hd__bufinv_16 in cell ucb_top
Note:  Implicit pin Y in instance clkload175 of sky130_fd_sc_hd__inv_6 in cell ucb_top
Note:  Implicit pin X in instance clkload176 of sky130_fd_sc_hd__clkbuf_8 in cell ucb_top
Note:  Implicit pin Y in instance clkload177 of sky130_fd_sc_hd__clkinvlp_4 in cell ucb_top
Note:  Implicit pin X in instance clkload178 of sky130_fd_sc_hd__clkbuf_4 in cell ucb_top
Note:  Implicit pin Y in instance clkload179 of sky130_fd_sc_hd__inv_6 in cell ucb_top
Note:  Implicit pin Y in instance clkload180 of sky130_fd_sc_hd__bufinv_16 in cell ucb_top
Note:  Implicit pin Y in instance clkload181 of sky130_fd_sc_hd__clkinvlp_4 in cell ucb_top
Note:  Implicit pin Y in instance clkload182 of sky130_fd_sc_hd__inv_6 in cell ucb_top
Note:  Implicit pin Y in instance clkload183 of sky130_fd_sc_hd__clkinvlp_4 in cell ucb_top
Note:  Implicit pin Y in instance clkload184 of sky130_fd_sc_hd__bufinv_16 in cell ucb_top
Note:  Implicit pin X in instance clkload185 of sky130_fd_sc_hd__clkbuf_8 in cell ucb_top
Note:  Implicit pin X in instance clkload186 of sky130_fd_sc_hd__clkbuf_4 in cell ucb_top
Note:  Implicit pin Y in instance clkload187 of sky130_fd_sc_hd__clkinv_2 in cell ucb_top
Note:  Implicit pin Y in instance clkload188 of sky130_fd_sc_hd__clkinv_4 in cell ucb_top
Note:  Implicit pin X in instance clkload189 of sky130_fd_sc_hd__clkbuf_8 in cell ucb_top
Note:  Implicit pin Y in instance clkload190 of sky130_fd_sc_hd__clkinvlp_4 in cell ucb_top
Note:  Implicit pin Y in instance clkload191 of sky130_fd_sc_hd__inv_6 in cell ucb_top
Note:  Implicit pin Y in instance clkload192 of sky130_fd_sc_hd__clkinv_2 in cell ucb_top
Note:  Implicit pin X in instance clkload193 of sky130_fd_sc_hd__clkbuf_8 in cell ucb_top
Note:  Implicit pin X in instance clkload194 of sky130_fd_sc_hd__clkbuf_8 in cell ucb_top
Note:  Implicit pin Y in instance clkload195 of sky130_fd_sc_hd__clkinv_4 in cell ucb_top
Note:  Implicit pin X in instance clkload196 of sky130_fd_sc_hd__clkbuf_8 in cell ucb_top
Note:  Implicit pin X in instance clkload197 of sky130_fd_sc_hd__clkbuf_4 in cell ucb_top
Note:  Implicit pin Y in instance clkload198 of sky130_fd_sc_hd__clkinv_4 in cell ucb_top
Note:  Implicit pin Y in instance clkload199 of sky130_fd_sc_hd__clkinvlp_4 in cell ucb_top
Note:  Implicit pin Y in instance clkload200 of sky130_fd_sc_hd__clkinvlp_4 in cell ucb_top
Note:  Implicit pin Y in instance clkload201 of sky130_fd_sc_hd__inv_8 in cell ucb_top
Note:  Implicit pin X in instance clkload202 of sky130_fd_sc_hd__clkbuf_4 in cell ucb_top
Note:  Implicit pin Y in instance clkload203 of sky130_fd_sc_hd__bufinv_16 in cell ucb_top
Note:  Implicit pin Y in instance clkload204 of sky130_fd_sc_hd__bufinv_16 in cell ucb_top
Note:  Implicit pin Y in instance clkload205 of sky130_fd_sc_hd__clkinv_4 in cell ucb_top
Note:  Implicit pin Y in instance clkload206 of sky130_fd_sc_hd__inv_6 in cell ucb_top
Note:  Implicit pin X in instance clkload207 of sky130_fd_sc_hd__clkbuf_4 in cell ucb_top
Note:  Implicit pin Y in instance clkload208 of sky130_fd_sc_hd__inv_6 in cell ucb_top
Note:  Implicit pin Y in instance clkload209 of sky130_fd_sc_hd__inv_6 in cell ucb_top
Note:  Implicit pin Y in instance clkload210 of sky130_fd_sc_hd__clkinv_2 in cell ucb_top
Note:  Implicit pin X in instance clkload211 of sky130_fd_sc_hd__clkbuf_4 in cell ucb_top
Note:  Implicit pin Y in instance clkload212 of sky130_fd_sc_hd__bufinv_16 in cell ucb_top
Note:  Implicit pin Y in instance clkload213 of sky130_fd_sc_hd__clkinv_4 in cell ucb_top
Note:  Implicit pin Y in instance clkload214 of sky130_fd_sc_hd__clkinvlp_4 in cell ucb_top
Note:  Implicit pin Y in instance clkload215 of sky130_fd_sc_hd__inv_8 in cell ucb_top
Note:  Implicit pin Y in instance clkload216 of sky130_fd_sc_hd__inv_8 in cell ucb_top
Note:  Implicit pin Y in instance clkload217 of sky130_fd_sc_hd__bufinv_16 in cell ucb_top
Note:  Implicit pin Y in instance clkload218 of sky130_fd_sc_hd__inv_8 in cell ucb_top
Note:  Implicit pin Y in instance clkload219 of sky130_fd_sc_hd__clkinv_8 in cell ucb_top
Note:  Implicit pin Y in instance clkload220 of sky130_fd_sc_hd__clkinv_4 in cell ucb_top
Note:  Implicit pin Y in instance clkload221 of sky130_fd_sc_hd__clkinv_2 in cell ucb_top
Note:  Implicit pin Y in instance clkload222 of sky130_fd_sc_hd__clkinvlp_4 in cell ucb_top
Note:  Implicit pin Y in instance clkload223 of sky130_fd_sc_hd__clkinvlp_4 in cell ucb_top
Note:  Implicit pin Y in instance clkload224 of sky130_fd_sc_hd__clkinvlp_4 in cell ucb_top
Note:  Implicit pin Y in instance clkload225 of sky130_fd_sc_hd__clkinv_4 in cell ucb_top
Note:  Implicit pin Y in instance clkload226 of sky130_fd_sc_hd__clkinv_4 in cell ucb_top
Note:  Implicit pin Y in instance clkload227 of sky130_fd_sc_hd__inv_6 in cell ucb_top
Note:  Implicit pin X in instance clkload228 of sky130_fd_sc_hd__clkbuf_4 in cell ucb_top
Note:  Implicit pin Y in instance clkload229 of sky130_fd_sc_hd__clkinv_4 in cell ucb_top
Note:  Implicit pin Y in instance clkload230 of sky130_fd_sc_hd__bufinv_16 in cell ucb_top
Reading source /tmp/tmpb8g2m4zu/repo/verilog/gl/user_project_wrapper.nl.v...
Warning:  A case-insensitive file has been read and so the	verilog file must be treated case-insensitive to match.
Note:  Implicit pin VPWR in instance mprj of ucb_top in cell user_project_wrapper
Note:  Implicit pin VGND in instance mprj of ucb_top in cell user_project_wrapper
Note:  Implicit pin VGND in instance TIE_ZERO_zero_ of sky130_fd_sc_hd__conb_1 in cell user_project_wrapper
Note:  Implicit pin VPB in instance TIE_ZERO_zero_ of sky130_fd_sc_hd__conb_1 in cell user_project_wrapper
Note:  Implicit pin VPWR in instance TIE_ZERO_zero_ of sky130_fd_sc_hd__conb_1 in cell user_project_wrapper
Note:  Implicit pin HI in instance TIE_ZERO_zero_ of sky130_fd_sc_hd__conb_1 in cell user_project_wrapper
Note:  Implicit pin VGND in instance TIE_ONE_one_ of sky130_fd_sc_hd__conb_1 in cell user_project_wrapper
Note:  Implicit pin VPB in instance TIE_ONE_one_ of sky130_fd_sc_hd__conb_1 in cell user_project_wrapper
Note:  Implicit pin VPWR in instance TIE_ONE_one_ of sky130_fd_sc_hd__conb_1 in cell user_project_wrapper
Note:  Implicit pin LO in instance TIE_ONE_one_ of sky130_fd_sc_hd__conb_1 in cell user_project_wrapper
Treating empty subcircuits as black-box cells
Generating JSON file result

Reading setup file /tmp/tmpb8g2m4zu/repo/precheck_results/12_MAY_2026___18_11_54/tmp/sky130A_setup.tcl

No property w found for device r
No property l found for device r
Model sky130_fd_pr__res_generic_po pin 1 == 2
No property value found for device sky130_fd_pr__res_generic_po
No property mult found for device sky130_fd_pr__res_generic_po
Model sky130_fd_pr__res_generic_po pin 1 == 2
No property value found for device sky130_fd_pr__res_generic_po
No property mult found for device sky130_fd_pr__res_generic_po
Model sky130_fd_pr__nfet_01v8 pin 1 == 3
No property mult found for device sky130_fd_pr__nfet_01v8
No property sa found for device sky130_fd_pr__nfet_01v8
No property sb found for device sky130_fd_pr__nfet_01v8
No property sd found for device sky130_fd_pr__nfet_01v8
No property nf found for device sky130_fd_pr__nfet_01v8
No property nrd found for device sky130_fd_pr__nfet_01v8
No property nrs found for device sky130_fd_pr__nfet_01v8
No property area found for device sky130_fd_pr__nfet_01v8
No property perim found for device sky130_fd_pr__nfet_01v8
No property topography found for device sky130_fd_pr__nfet_01v8
Model sky130_fd_pr__pfet_01v8_hvt pin 1 == 3
No property mult found for device sky130_fd_pr__pfet_01v8_hvt
No property sa found for device sky130_fd_pr__pfet_01v8_hvt
No property sb found for device sky130_fd_pr__pfet_01v8_hvt
No property sd found for device sky130_fd_pr__pfet_01v8_hvt
No property nf found for device sky130_fd_pr__pfet_01v8_hvt
No property nrd found for device sky130_fd_pr__pfet_01v8_hvt
No property nrs found for device sky130_fd_pr__pfet_01v8_hvt
No property area found for device sky130_fd_pr__pfet_01v8_hvt
No property perim found for device sky130_fd_pr__pfet_01v8_hvt
No property topography found for device sky130_fd_pr__pfet_01v8_hvt
Model sky130_fd_pr__special_nfet_01v8 pin 1 == 3
No property as found for device sky130_fd_pr__special_nfet_01v8
No property ad found for device sky130_fd_pr__special_nfet_01v8
No property ps found for device sky130_fd_pr__special_nfet_01v8
No property pd found for device sky130_fd_pr__special_nfet_01v8
No property mult found for device sky130_fd_pr__special_nfet_01v8
No property sa found for device sky130_fd_pr__special_nfet_01v8
No property sb found for device sky130_fd_pr__special_nfet_01v8
No property sd found for device sky130_fd_pr__special_nfet_01v8
No property nf found for device sky130_fd_pr__special_nfet_01v8
No property nrd found for device sky130_fd_pr__special_nfet_01v8
No property nrs found for device sky130_fd_pr__special_nfet_01v8
No property area found for device sky130_fd_pr__special_nfet_01v8
No property perim found for device sky130_fd_pr__special_nfet_01v8
No property topography found for device sky130_fd_pr__special_nfet_01v8
Model sky130_fd_pr__special_pfet_01v8_hvt pin 1 == 3
No property as found for device sky130_fd_pr__special_pfet_01v8_hvt
No property ad found for device sky130_fd_pr__special_pfet_01v8_hvt
No property ps found for device sky130_fd_pr__special_pfet_01v8_hvt
No property pd found for device sky130_fd_pr__special_pfet_01v8_hvt
No property mult found for device sky130_fd_pr__special_pfet_01v8_hvt
No property sa found for device sky130_fd_pr__special_pfet_01v8_hvt
No property sb found for device sky130_fd_pr__special_pfet_01v8_hvt
No property sd found for device sky130_fd_pr__special_pfet_01v8_hvt
No property nf found for device sky130_fd_pr__special_pfet_01v8_hvt
No property nrd found for device sky130_fd_pr__special_pfet_01v8_hvt
No property nrs found for device sky130_fd_pr__special_pfet_01v8_hvt
No property area found for device sky130_fd_pr__special_pfet_01v8_hvt
No property perim found for device sky130_fd_pr__special_pfet_01v8_hvt
No property topography found for device sky130_fd_pr__special_pfet_01v8_hvt
No property value found for device sky130_fd_pr__diode_pw2nd_05v5
No property mult found for device sky130_fd_pr__diode_pw2nd_05v5
Matching pins of sky130_fd_pr__res_generic_po in circuits 1 and 2

Subcircuit pins:
Circuit 1: sky130_fd_pr__res_generic_po                                           |Circuit 2: sky130_fd_pr__res_generic_po                                           
----------------------------------------------------------------------------------|----------------------------------------------------------------------------------
1                                                                                 |1                                                                                 
2                                                                                 |2                                                                                 
---------------------------------------------------------------------------------------------------------------------------------------------------------------------
Cell pin lists are equivalent.
Flattening instances of user_project_wrapper in file /tmp/tmpb8g2m4zu/repo/precheck_results/12_MAY_2026___18_11_54/tmp/ext/user_project_wrapper.gds.spice
Flattening instances of user_project_wrapper in file /opt/pdks/sky130A/libs.ref/sky130_fd_sc_hd/spice/sky130_ef_sc_hd__decap_60_12.spice
Comparison output logged to file /tmp/tmpb8g2m4zu/repo/precheck_results/12_MAY_2026___18_11_54/tmp/lvs.report
Logging to file "/tmp/tmpb8g2m4zu/repo/precheck_results/12_MAY_2026___18_11_54/tmp/lvs.report" enabled
Circuit sky130_fd_pr__res_generic_po contains no devices.

Contents of circuit 1:  Circuit: 'sky130_fd_sc_hd__conb_1'
Circuit sky130_fd_sc_hd__conb_1 contains 2 device instances.
  Class: sky130_fd_pr__res_generic_po instances:   2
Circuit contains 4 nets, and 2 disconnected pins.
Contents of circuit 2:  Circuit: 'sky130_fd_sc_hd__conb_1'
Circuit sky130_fd_sc_hd__conb_1 contains 2 device instances.
  Class: sky130_fd_pr__res_generic_po instances:   2
Circuit contains 4 nets, and 2 disconnected pins.

Circuit 1 contains 2 devices, Circuit 2 contains 2 devices.
Circuit 1 contains 4 nets,    Circuit 2 contains 4 nets.


Contents of circuit 1:  Circuit: 'ucb_top'
Circuit ucb_top contains 0 device instances.
Circuit contains 0 nets, and 35 disconnected pins.
Contents of circuit 2:  Circuit: 'ucb_top'
Circuit ucb_top contains 181667 device instances.
  Class: sky130_fd_pr__nfet_01v8 instances: 77350
  Class: sky130_fd_pr__pfet_01v8_hvt instances: 86003
  Class: sky130_fd_pr__diode_pw2nd_05v5 instances: 9768
  Class: sky130_fd_pr__special_nfet_01v8 instances: 8546
Circuit contains 72451 nets.

Circuit ucb_top contains no devices.
Pins io_oeb[36] and io_oeb[37] are shorted in cell user_project_wrapper (1)
Pins io_oeb[35] and io_oeb[37] are shorted in cell user_project_wrapper (1)
Pins io_oeb[34] and io_oeb[37] are shorted in cell user_project_wrapper (1)
Pins io_oeb[33] and io_oeb[37] are shorted in cell user_project_wrapper (1)
Pins io_oeb[32] and io_oeb[37] are shorted in cell user_project_wrapper (1)
Pins io_oeb[31] and io_oeb[37] are shorted in cell user_project_wrapper (1)
Pins io_oeb[30] and io_oeb[37] are shorted in cell user_project_wrapper (1)
Pins io_oeb[29] and io_oeb[37] are shorted in cell user_project_wrapper (1)
Pins io_oeb[28] and io_oeb[37] are shorted in cell user_project_wrapper (1)
Pins io_oeb[27] and io_oeb[37] are shorted in cell user_project_wrapper (1)
Pins io_oeb[26] and io_oeb[37] are shorted in cell user_project_wrapper (1)
Pins io_oeb[25] and io_oeb[37] are shorted in cell user_project_wrapper (1)
Pins io_oeb[24] and io_oeb[37] are shorted in cell user_project_wrapper (1)
Pins io_oeb[23] and io_oeb[37] are shorted in cell user_project_wrapper (1)
Pins io_oeb[22] and io_oeb[37] are shorted in cell user_project_wrapper (1)
Pins io_oeb[21] and io_oeb[37] are shorted in cell user_project_wrapper (1)
Pins io_oeb[20] and io_oeb[37] are shorted in cell user_project_wrapper (1)
Pins io_oeb[19] and io_oeb[37] are shorted in cell user_project_wrapper (1)
Pins io_oeb[18] and io_oeb[37] are shorted in cell user_project_wrapper (1)
Pins io_oeb[17] and io_oeb[37] are shorted in cell user_project_wrapper (1)
Pins io_oeb[16] and io_oeb[37] are shorted in cell user_project_wrapper (1)
Pins io_oeb[15] and io_oeb[37] are shorted in cell user_project_wrapper (1)
Pins io_oeb[14] and io_oeb[37] are shorted in cell user_project_wrapper (1)
Pins io_oeb[13] and io_oeb[37] are shorted in cell user_project_wrapper (1)
Pins io_oeb[12] and io_oeb[37] are shorted in cell user_project_wrapper (1)
Pins io_oeb[11] and io_oeb[37] are shorted in cell user_project_wrapper (1)
Pins io_oeb[10] and io_oeb[37] are shorted in cell user_project_wrapper (1)
Pins io_oeb[9] and io_oeb[37] are shorted in cell user_project_wrapper (1)
Pins io_oeb[8] and io_oeb[37] are shorted in cell user_project_wrapper (1)
Pins io_oeb[7] and io_oeb[37] are shorted in cell user_project_wrapper (1)
Pins io_oeb[5] and io_oeb[6] are shorted in cell user_project_wrapper (1)
Pins io_oeb[4] and io_oeb[6] are shorted in cell user_project_wrapper (1)
Pins io_oeb[3] and io_oeb[6] are shorted in cell user_project_wrapper (1)
Pins io_oeb[2] and io_oeb[6] are shorted in cell user_project_wrapper (1)
Pins io_oeb[1] and io_oeb[6] are shorted in cell user_project_wrapper (1)
Pins io_oeb[0] and io_oeb[6] are shorted in cell user_project_wrapper (1)

Contents of circuit 1:  Circuit: 'user_project_wrapper'
Circuit user_project_wrapper contains 39 device instances.
  Class: ucb_top               instances:   1
  Class: r                     instances:  36
  Class: sky130_fd_sc_hd__conb_1 instances:   2
Circuit contains 82 nets, and 574 disconnected pins.
Contents of circuit 2:  Circuit: 'user_project_wrapper'
Circuit user_project_wrapper contains 3 device instances.
  Class: ucb_top               instances:   1
  Class: sky130_fd_sc_hd__conb_1 instances:   2
Circuit contains 46 nets, and 566 disconnected pins.

Flattened mismatched instances and attempting compare again.

Contents of circuit 1:  Circuit: 'user_project_wrapper'
Circuit user_project_wrapper contains 3 device instances.
  Class: ucb_top               instances:   1
  Class: sky130_fd_sc_hd__conb_1 instances:   2
Circuit contains 46 nets, and 574 disconnected pins.
Contents of circuit 2:  Circuit: 'user_project_wrapper'
Circuit user_project_wrapper contains 3 device instances.
  Class: ucb_top               instances:   1
  Class: sky130_fd_sc_hd__conb_1 instances:   2
Circuit contains 46 nets, and 566 disconnected pins.

Circuit 1 contains 3 devices, Circuit 2 contains 3 devices.
Circuit 1 contains 46 nets,    Circuit 2 contains 46 nets.

Pins io_oeb[11] and io_oeb[10] are shorted in cell user_project_wrapper (0)
Pins io_oeb[12] and io_oeb[10] are shorted in cell user_project_wrapper (0)
Pins io_oeb[13] and io_oeb[10] are shorted in cell user_project_wrapper (0)
Pins io_oeb[14] and io_oeb[10] are shorted in cell user_project_wrapper (0)
Pins io_oeb[15] and io_oeb[10] are shorted in cell user_project_wrapper (0)
Pins io_oeb[16] and io_oeb[10] are shorted in cell user_project_wrapper (0)
Pins io_oeb[17] and io_oeb[10] are shorted in cell user_project_wrapper (0)
Pins io_oeb[18] and io_oeb[10] are shorted in cell user_project_wrapper (0)
Pins io_oeb[19] and io_oeb[10] are shorted in cell user_project_wrapper (0)
Pins io_oeb[1] and io_oeb[0] are shorted in cell user_project_wrapper (0)
Pins io_oeb[20] and io_oeb[10] are shorted in cell user_project_wrapper (0)
Pins io_oeb[21] and io_oeb[10] are shorted in cell user_project_wrapper (0)
Pins io_oeb[22] and io_oeb[10] are shorted in cell user_project_wrapper (0)
Pins io_oeb[23] and io_oeb[10] are shorted in cell user_project_wrapper (0)
Pins io_oeb[24] and io_oeb[10] are shorted in cell user_project_wrapper (0)
Pins io_oeb[25] and io_oeb[10] are shorted in cell user_project_wrapper (0)
Pins io_oeb[26] and io_oeb[10] are shorted in cell user_project_wrapper (0)
Pins io_oeb[27] and io_oeb[10] are shorted in cell user_project_wrapper (0)
Pins io_oeb[28] and io_oeb[10] are shorted in cell user_project_wrapper (0)
Pins io_oeb[29] and io_oeb[10] are shorted in cell user_project_wrapper (0)
Pins io_oeb[2] and io_oeb[0] are shorted in cell user_project_wrapper (0)
Pins io_oeb[30] and io_oeb[10] are shorted in cell user_project_wrapper (0)
Pins io_oeb[31] and io_oeb[10] are shorted in cell user_project_wrapper (0)
Pins io_oeb[32] and io_oeb[10] are shorted in cell user_project_wrapper (0)
Pins io_oeb[33] and io_oeb[10] are shorted in cell user_project_wrapper (0)
Pins io_oeb[34] and io_oeb[10] are shorted in cell user_project_wrapper (0)
Pins io_oeb[35] and io_oeb[10] are shorted in cell user_project_wrapper (0)
Pins io_oeb[36] and io_oeb[10] are shorted in cell user_project_wrapper (0)
Pins io_oeb[37] and io_oeb[10] are shorted in cell user_project_wrapper (0)
Pins io_oeb[3] and io_oeb[0] are shorted in cell user_project_wrapper (0)
Pins io_oeb[4] and io_oeb[0] are shorted in cell user_project_wrapper (0)
Pins io_oeb[5] and io_oeb[0] are shorted in cell user_project_wrapper (0)
Pins io_oeb[6] and io_oeb[0] are shorted in cell user_project_wrapper (0)
Pins io_oeb[7] and io_oeb[10] are shorted in cell user_project_wrapper (0)
Pins io_oeb[8] and io_oeb[10] are shorted in cell user_project_wrapper (0)
Pins io_oeb[9] and io_oeb[10] are shorted in cell user_project_wrapper (0)
Pins io_oeb[36] and io_oeb[37] are shorted in cell user_project_wrapper (1)
Pins io_oeb[35] and io_oeb[37] are shorted in cell user_project_wrapper (1)
Pins io_oeb[34] and io_oeb[37] are shorted in cell user_project_wrapper (1)
Pins io_oeb[33] and io_oeb[37] are shorted in cell user_project_wrapper (1)
Pins io_oeb[32] and io_oeb[37] are shorted in cell user_project_wrapper (1)
Pins io_oeb[31] and io_oeb[37] are shorted in cell user_project_wrapper (1)
Pins io_oeb[30] and io_oeb[37] are shorted in cell user_project_wrapper (1)
Pins io_oeb[29] and io_oeb[37] are shorted in cell user_project_wrapper (1)
Pins io_oeb[28] and io_oeb[37] are shorted in cell user_project_wrapper (1)
Pins io_oeb[27] and io_oeb[37] are shorted in cell user_project_wrapper (1)
Pins io_oeb[26] and io_oeb[37] are shorted in cell user_project_wrapper (1)
Pins io_oeb[25] and io_oeb[37] are shorted in cell user_project_wrapper (1)
Pins io_oeb[24] and io_oeb[37] are shorted in cell user_project_wrapper (1)
Pins io_oeb[23] and io_oeb[37] are shorted in cell user_project_wrapper (1)
Pins io_oeb[22] and io_oeb[37] are shorted in cell user_project_wrapper (1)
Pins io_oeb[21] and io_oeb[37] are shorted in cell user_project_wrapper (1)
Pins io_oeb[20] and io_oeb[37] are shorted in cell user_project_wrapper (1)
Pins io_oeb[19] and io_oeb[37] are shorted in cell user_project_wrapper (1)
Pins io_oeb[18] and io_oeb[37] are shorted in cell user_project_wrapper (1)
Pins io_oeb[17] and io_oeb[37] are shorted in cell user_project_wrapper (1)
Pins io_oeb[16] and io_oeb[37] are shorted in cell user_project_wrapper (1)
Pins io_oeb[15] and io_oeb[37] are shorted in cell user_project_wrapper (1)
Pins io_oeb[14] and io_oeb[37] are shorted in cell user_project_wrapper (1)
Pins io_oeb[13] and io_oeb[37] are shorted in cell user_project_wrapper (1)
Pins io_oeb[12] and io_oeb[37] are shorted in cell user_project_wrapper (1)
Pins io_oeb[11] and io_oeb[37] are shorted in cell user_project_wrapper (1)
Pins io_oeb[10] and io_oeb[37] are shorted in cell user_project_wrapper (1)
Pins io_oeb[9] and io_oeb[37] are shorted in cell user_project_wrapper (1)
Pins io_oeb[8] and io_oeb[37] are shorted in cell user_project_wrapper (1)
Pins io_oeb[7] and io_oeb[37] are shorted in cell user_project_wrapper (1)
Pins io_oeb[5] and io_oeb[6] are shorted in cell user_project_wrapper (1)
Pins io_oeb[4] and io_oeb[6] are shorted in cell user_project_wrapper (1)
Pins io_oeb[3] and io_oeb[6] are shorted in cell user_project_wrapper (1)
Pins io_oeb[2] and io_oeb[6] are shorted in cell user_project_wrapper (1)
Pins io_oeb[1] and io_oeb[6] are shorted in cell user_project_wrapper (1)
Pins io_oeb[0] and io_oeb[6] are shorted in cell user_project_wrapper (1)

Final result: 
Top level cell failed pin matching.

Logging to file "/tmp/tmpb8g2m4zu/repo/precheck_results/12_MAY_2026___18_11_54/tmp/lvs.report" disabled
LVS Done.
grep: /tmp/tmpb8g2m4zu/repo/precheck_results/12_MAY_2026___18_11_54/tmp/abstract.glob: No such file or directory
Notice: LVS completed with these abstracted cells: 
ucb_top contains no devices

Error: LVS mismatch.
DESIGN NAME: user_project_wrapper
WORK_ROOT   : /tmp/tmpb8g2m4zu/repo/precheck_results/12_MAY_2026___18_11_54/tmp
LOG_ROOT    : /tmp/tmpb8g2m4zu/repo/precheck_results/12_MAY_2026___18_11_54/logs
SIGNOFF_ROOT: /tmp/tmpb8g2m4zu/repo/precheck_results/12_MAY_2026___18_11_54/outputs/reports
 
Running CVC...
Creating /tmp/tmpb8g2m4zu/repo/precheck_results/12_MAY_2026___18_11_54/tmp/user_project_wrapper.cdl.gz
Default cvcrc in default.cvcrc
CVC: Circuit Validation Check  Version 1.1.7
CVC: Log output to /tmp/tmpb8g2m4zu/repo/precheck_results/12_MAY_2026___18_11_54/tmp/cvc.log
CVC: Error output to /tmp/tmpb8g2m4zu/repo/precheck_results/12_MAY_2026___18_11_54/tmp/cvc.error.gz
CVC: Debug output to /tmp/tmpb8g2m4zu/repo/precheck_results/12_MAY_2026___18_11_54/tmp/cvc.debug.gz
CVC: Start: Tue May 12 18:17:04 2026

Using the following parameters for CVC (Circuit Validation Check) from /tmp/tmpb8g2m4zu/repo/precheck_results/12_MAY_2026___18_11_54/tmp/cvcrc
CVC_TOP = 'user_project_wrapper'
CVC_NETLIST = '/tmp/tmpb8g2m4zu/repo/precheck_results/12_MAY_2026___18_11_54/tmp/user_project_wrapper.cdl.gz'
CVC_MODE = 'user_project_wrapper'
CVC_MODEL_FILE = '/usr/local/lib/python3.9/site-packages/cf_precheck/be_checks/tech/sky130A/cvc.models'
CVC_POWER_FILE = '/tmp/tmpb8g2m4zu/repo/precheck_results/12_MAY_2026___18_11_54/tmp/cvc.power.user_project_wrapper'
CVC_FUSE_FILE = ''
CVC_REPORT_FILE = '/tmp/tmpb8g2m4zu/repo/precheck_results/12_MAY_2026___18_11_54/tmp/cvc.log'
CVC_REPORT_TITLE = 'CVC user_project_wrapper'
CVC_CIRCUIT_ERROR_LIMIT = '100'
CVC_SEARCH_LIMIT = '100'
CVC_LEAK_LIMIT = '0.0002'
CVC_SOI = 'false'
CVC_SCRC = 'false'
CVC_VTH_GATES = 'false'
CVC_MIN_VTH_GATES = 'false'
CVC_IGNORE_VTH_FLOATING = 'false'
CVC_IGNORE_NO_LEAK_FLOATING = 'false'
CVC_LEAK_OVERVOLTAGE = 'true'
CVC_LOGIC_DIODES = 'false'
CVC_ANALOG_GATES = 'true'
CVC_BACKUP_RESULTS = 'false'
CVC_MOS_DIODE_ERROR_THRESHOLD = '0'
CVC_SHORT_ERROR_THRESHOLD = '0'
CVC_BIAS_ERROR_THRESHOLD = '0'
CVC_FORWARD_ERROR_THRESHOLD = '0'
CVC_FLOATING_ERROR_THRESHOLD = '0'
CVC_GATE_ERROR_THRESHOLD = '0'
CVC_LEAK?_ERROR_THRESHOLD = '0'
CVC_EXPECTED_ERROR_THRESHOLD = '0'
CVC_OVERVOLTAGE_ERROR_THRESHOLD = '0'
CVC_PARALLEL_CIRCUIT_PORT_LIMIT = '0'
CVC_CELL_ERROR_LIMIT_FILE = ''
CVC_CELL_CHECKSUM_FILE = ''
CVC_LARGE_CIRCUIT_SIZE = '10000000'
CVC_NET_CHECK_FILE = ''
CVC_MODEL_CHECK_FILE = ''
End of parameters

CVC: Reading device model settings...
CVC: Reading power settings...
CVC: Parsing netlist /tmp/tmpb8g2m4zu/repo/precheck_results/12_MAY_2026___18_11_54/tmp/user_project_wrapper.cdl.gz

Cdl fixed data size 9595
Usage CDL: Time: 0  Memory: 4800  I/O: 24  Swap: 0
CVC: Counting and linking...
CVC: Assigning IDs ...
Usage DB: Time: 0  Memory: 4800  I/O: 24  Swap: 0
CVC: 4(4) instances, 656(656) nets, 40(40) devices.
Setting power for mode...
Setting models...
CVC: Setting models ...
Setting model tolerances...
CVC: Shorting switches...
 model short...
	Shorted 36 short
 model sky130_fd_pr__res_generic_l1...
	Shorted 0 sky130_fd_pr__res_generic_l1
 model sky130_fd_pr__res_generic_m1...
	Shorted 0 sky130_fd_pr__res_generic_m1
 model sky130_fd_pr__res_generic_m2...
	Shorted 0 sky130_fd_pr__res_generic_m2
 model sky130_fd_pr__res_generic_m3...
	Shorted 0 sky130_fd_pr__res_generic_m3
 model sky130_fd_pr__res_generic_m4...
	Shorted 0 sky130_fd_pr__res_generic_m4
 model sky130_fd_pr__res_generic_m5...
	Shorted 0 sky130_fd_pr__res_generic_m5
Setting instance power...
CVC: Linking devices...

Usage EQUIV: Time: 0  Memory: 5164  I/O: 88  Swap: 0
Power nets 396
CVC: Shorting non conducting resistors...
CVC: Calculating resistor voltages...
Usage RES: Time: 0  Memory: 5164  I/O: 88  Swap: 0
Power nets 396
CVC: Calculating min/max voltages...
Processing trivial nets found 0 trivial nets
CVC: Ignoring invalid calculations...
CVC:   Removed 0 calculations
Copying master nets
CVC: Ignoring non-conducting devices...
CVC:   Ignored 0 devices
Usage MIN/MAX1: Time: 0  Memory: 5164  I/O: 88  Swap: 0
Power nets 396
! Checking forward bias diode errors: 

! Checking nmos source/drain vs bias errors: 

! Checking nmos gate vs source errors: 

! Checking pmos source/drain vs bias errors: 

! Checking pmos gate vs source errors: 

Usage ERROR: Time: 0  Memory: 5164  I/O: 88  Swap: 0
Saving min/max voltages...
CVC: Propagating Simulation voltages 1...
Usage SIM1: Time: 0  Memory: 5164  I/O: 88  Swap: 0
Power nets 396
Saving simulation voltages...
CVC: Propagating Simulation voltages 3...
Usage SIM2: Time: 0  Memory: 5164  I/O: 88  Swap: 0
Power nets 396
Added 0 latch voltages
CVC: Calculating min/max voltages...
Processing trivial nets found 0 trivial nets
CVC: Ignoring invalid calculations...
CVC:   Removed 0 calculations
Copying master nets
CVC: Ignoring non-conducting devices...
CVC:   Ignored 0 devices
Usage MIN/MAX2: Time: 0  Memory: 5164  I/O: 88  Swap: 0
Power nets 396
! Checking overvoltage errors

! Checking nmos possible leak errors: 

! Checking pmos possible leak errors: 

! Checking mos floating input errors:

! Checking expected values:

CVC: Error Counts
CVC: Fuse Problems:         0
CVC: Min Voltage Conflicts: 0
CVC: Max Voltage Conflicts: 0
CVC: Leaks:                 0
CVC: LDD drain->source:     0
CVC: HI-Z Inputs:           0
CVC: Forward Bias Diodes:   0
CVC: NMOS Source vs Bulk:   0
CVC: NMOS Gate vs Source:   0
CVC: NMOS Possible Leaks:   0
CVC: PMOS Source vs Bulk:   0
CVC: PMOS Gate vs Source:   0
CVC: PMOS Possible Leaks:   0
CVC: Overvoltage-VBG:       0
CVC: Overvoltage-VBS:       0
CVC: Overvoltage-VDS:       0
CVC: Overvoltage-VGS:       0
CVC: Model errors:          0
CVC: Unexpected voltage :   28
CVC: Total:                 28
Usage Total: Time: 0  Memory: 6192  I/O: 136  Swap: 0
Virtual net update/access 0/9932
CVC: Log output to /tmp/tmpb8g2m4zu/repo/precheck_results/12_MAY_2026___18_11_54/tmp/cvc.log
CVC: End: Tue May 12 18:17:04 2026


LVS result:
Final result: 
Top level cell failed pin matching.

LVS Done.
Notice: LVS completed with these abstracted cells: 
ucb_top contains no devices
LVS problem: check the following files
/tmp/tmpb8g2m4zu/repo/precheck_results/12_MAY_2026___18_11_54/logs/ext.log
/tmp/tmpb8g2m4zu/repo/precheck_results/12_MAY_2026___18_11_54/logs/lvs.log
/tmp/tmpb8g2m4zu/repo/precheck_results/12_MAY_2026___18_11_54/outputs/reports/lvs.report

CVC result:
CVC: Total:                 28

Runtime: 0:01:32 (hh:mm:ss)

WARNING: possible errors SOFT - LVS 4 CVC 4 OEB -
