2026-05-12 19:17:25 [INFO] Extracting compressed files in: /tmp/tmpqc0nwj19/repo
2026-05-12 19:17:25 [INFO] make uncompress produced 2 gds/*.gds file(s): user_proj_example.gds, user_project_wrapper.gds (make exit 2)
2026-05-12 19:17:25 [INFO] Project type: digital
2026-05-12 19:17:25 [INFO] GDS hash (user_project_wrapper): 7a8b6f9990accf78a4556a591bfcbddee851ec8a
2026-05-12 19:17:25 [INFO] Tools: KLayout v0.29.2 | Magic v8.3.471
2026-05-12 19:17:25 [INFO] PDK: SKY130A unknown
2026-05-12 19:17:25 [INFO] Running 2 checks: [lvs, oeb]
2026-05-12 19:17:25 [INFO] Loading LVS environment from /tmp/tmpqc0nwj19/repo/lvs/user_project_wrapper/lvs_config.json
2026-05-12 19:17:25 [INFO] EXTRACT_FLATGLOB: 
2026-05-12 19:17:25 [INFO] EXTRACT_ABSTRACT: *__fill_* *__fakediode_* *__tapvpwrvgnd_*
2026-05-12 19:17:25 [INFO] EXTRACT_CREATE_SUBCUT: 
2026-05-12 19:17:25 [INFO] LVS_FLATTEN: user_project_wrapper
2026-05-12 19:17:25 [INFO] LVS_NOFLATTEN: 
2026-05-12 19:17:25 [INFO] LVS_IGNORE: sky130_fd_sc_hd__conb_1
2026-05-12 19:17:25 [INFO] LVS_SPICE_FILES: /opt/pdks/sky130A/libs.ref/sky130_fd_sc_hd/spice/sky130_ef_sc_hd__decap*.spice /opt/pdks/sky130A/libs.ref/sky130_fd_sc_hd/spice/sky130_fd_sc_hd.spice
2026-05-12 19:17:25 [INFO] LVS_VERILOG_FILES: /tmp/tmpqc0nwj19/repo/verilog/gl/ucb_top.v /tmp/tmpqc0nwj19/repo/verilog/gl/user_project_wrapper.nl.v
2026-05-12 19:17:25 [INFO] LAYOUT_FILE: /tmp/tmpqc0nwj19/repo/gds/user_project_wrapper.gds
2026-05-12 19:17:25 [INFO] Running: run_be_checks --nooeb
2026-05-12 19:17:25 [INFO] LVS output directory: /tmp/tmpqc0nwj19/repo/precheck_results/12_MAY_2026___19_17_25
2026-05-12 19:19:07 [ERROR] LVS FAILED (stat=1), see /tmp/tmpqc0nwj19/repo/precheck_results/12_MAY_2026___19_17_25/logs/LVS_check.log
2026-05-12 19:19:07 [INFO] Loading LVS environment from /tmp/tmpqc0nwj19/repo/lvs/user_project_wrapper/lvs_config.json
2026-05-12 19:19:07 [INFO] EXTRACT_FLATGLOB: 
2026-05-12 19:19:07 [INFO] EXTRACT_ABSTRACT: *__fill_* *__fakediode_* *__tapvpwrvgnd_*
2026-05-12 19:19:07 [INFO] EXTRACT_CREATE_SUBCUT: 
2026-05-12 19:19:07 [INFO] LVS_FLATTEN: user_project_wrapper
2026-05-12 19:19:07 [INFO] LVS_NOFLATTEN: 
2026-05-12 19:19:07 [INFO] LVS_IGNORE: sky130_fd_sc_hd__conb_1
2026-05-12 19:19:07 [INFO] LVS_SPICE_FILES: /opt/pdks/sky130A/libs.ref/sky130_fd_sc_hd/spice/sky130_ef_sc_hd__decap*.spice /opt/pdks/sky130A/libs.ref/sky130_fd_sc_hd/spice/sky130_fd_sc_hd.spice
2026-05-12 19:19:07 [INFO] LVS_VERILOG_FILES: /tmp/tmpqc0nwj19/repo/verilog/gl/ucb_top.v /tmp/tmpqc0nwj19/repo/verilog/gl/user_project_wrapper.nl.v
2026-05-12 19:19:07 [INFO] LAYOUT_FILE: /tmp/tmpqc0nwj19/repo/gds/user_project_wrapper.gds
2026-05-12 19:19:07 [INFO] Running: run_oeb_check --noextract
2026-05-12 19:19:07 [INFO] OEB output directory: /tmp/tmpqc0nwj19/repo/precheck_results/12_MAY_2026___19_17_25
2026-05-12 19:19:08 [ERROR] OEB FAILED (stat=6), see /tmp/tmpqc0nwj19/repo/precheck_results/12_MAY_2026___19_17_25/logs/OEB_check.log
