2026-05-12 09:56:32 [INFO] Extracting compressed files in: /tmp/tmptahlw857/repo
2026-05-12 09:56:32 [INFO] make uncompress produced 2 gds/*.gds file(s): user_proj_example.gds, user_project_wrapper.gds (make exit 0)
2026-05-12 09:56:32 [INFO] Project type: digital
2026-05-12 09:56:32 [INFO] GDS hash (user_project_wrapper): 643df9543160e82a8fcb5fb43c83e7f8d04a24a5
2026-05-12 09:56:32 [INFO] Tools: KLayout v0.29.2 | Magic v8.3.471
2026-05-12 09:56:32 [INFO] PDK: SKY130A unknown
2026-05-12 09:56:32 [INFO] Running 13 checks: [topcell_check, gpio_defines, xor, klayout_feol, klayout_beol, klayout_offgrid, klayout_met_min_ca_density, klayout_pin_label_purposes_overlapping_drawing, klayout_zeroarea, spike_check, illegal_cellname_check, lvs, oeb]
2026-05-12 09:56:32 [INFO] Single top cell 'user_project_wrapper' found
2026-05-12 09:56:32 [INFO] GPIO defines: parsing verilog/rtl/user_defines.v
2026-05-12 09:56:34 [INFO] GPIO defines report: /tmp/tmptahlw857/repo/precheck_results/12_MAY_2026___09_56_32/outputs/reports/gpio_defines.report
2026-05-12 09:56:52 [INFO] Total XOR differences: 0
2026-05-12 09:56:52 [INFO] Running: klayout -b -r /usr/local/lib/python3.9/site-packages/cf_precheck/drc_scripts/sky130A_mr.drc -rd input=/tmp/tmptahlw857/repo/gds/user_project_wrapper.gds -rd topcell=user_project_wrapper -rd report=/tmp/tmptahlw857/repo/precheck_results/12_MAY_2026___09_56_32/outputs/reports/klayout_feol_check.xml -rd thr=2 -rd feol=true
2026-05-12 09:57:27 [INFO] No DRC violations found
2026-05-12 09:57:27 [INFO] Running: klayout -b -r /usr/local/lib/python3.9/site-packages/cf_precheck/drc_scripts/sky130A_mr.drc -rd input=/tmp/tmptahlw857/repo/gds/user_project_wrapper.gds -rd topcell=user_project_wrapper -rd report=/tmp/tmptahlw857/repo/precheck_results/12_MAY_2026___09_56_32/outputs/reports/klayout_beol_check.xml -rd thr=2 -rd beol=true
2026-05-12 09:59:27 [INFO] No DRC violations found
2026-05-12 09:59:27 [INFO] Running: klayout -b -r /usr/local/lib/python3.9/site-packages/cf_precheck/drc_scripts/sky130A_mr.drc -rd input=/tmp/tmptahlw857/repo/gds/user_project_wrapper.gds -rd topcell=user_project_wrapper -rd report=/tmp/tmptahlw857/repo/precheck_results/12_MAY_2026___09_56_32/outputs/reports/klayout_offgrid_check.xml -rd thr=2 -rd offgrid=true
2026-05-12 09:59:49 [INFO] No DRC violations found
2026-05-12 09:59:49 [INFO] Running: klayout -b -r /usr/local/lib/python3.9/site-packages/cf_precheck/drc_scripts/met_min_ca_density.lydrc -rd input=/tmp/tmptahlw857/repo/gds/user_project_wrapper.gds -rd topcell=user_project_wrapper -rd report=/tmp/tmptahlw857/repo/precheck_results/12_MAY_2026___09_56_32/outputs/reports/klayout_met_min_ca_density_check.xml -rd thr=2
2026-05-12 10:00:00 [INFO] No DRC violations found
2026-05-12 10:00:00 [INFO] Running: klayout -b -r /usr/local/lib/python3.9/site-packages/cf_precheck/drc_scripts/pin_label_purposes_overlapping_drawing.rb.drc -rd input=/tmp/tmptahlw857/repo/gds/user_project_wrapper.gds -rd topcell=user_project_wrapper -rd report=/tmp/tmptahlw857/repo/precheck_results/12_MAY_2026___09_56_32/outputs/reports/klayout_pin_label_purposes_overlapping_drawing_check.xml -rd thr=2 -rd top_cell_name=user_project_wrapper
2026-05-12 10:00:08 [INFO] No DRC violations found
2026-05-12 10:00:08 [INFO] Running: klayout -b -r /usr/local/lib/python3.9/site-packages/cf_precheck/drc_scripts/zeroarea.rb.drc -rd input=/tmp/tmptahlw857/repo/gds/user_project_wrapper.gds -rd topcell=user_project_wrapper -rd report=/tmp/tmptahlw857/repo/precheck_results/12_MAY_2026___09_56_32/outputs/reports/klayout_zeroarea_check.xml -rd thr=2 -rd cleaned_output=/tmp/tmptahlw857/repo/precheck_results/12_MAY_2026___09_56_32/outputs/user_project_wrapper_no_zero_areas.gds
2026-05-12 10:00:12 [INFO] No DRC violations found
2026-05-12 10:00:12 [INFO] Running: bash /usr/local/lib/python3.9/site-packages/cf_precheck/drc_scripts/gdsArea0 -V -m /tmp/tmptahlw857/repo/precheck_results/12_MAY_2026___09_56_32/outputs/reports/spike_check.xml /tmp/tmptahlw857/repo/gds/user_project_wrapper.gds
2026-05-12 10:00:18 [INFO] No spikes found
2026-05-12 10:00:19 [INFO] Loading LVS environment from /tmp/tmptahlw857/repo/lvs/user_project_wrapper/lvs_config.json
2026-05-12 10:00:19 [INFO] EXTRACT_FLATGLOB: 
2026-05-12 10:00:19 [INFO] EXTRACT_ABSTRACT: *__fill_* *__fakediode_* *__tapvpwrvgnd_*
2026-05-12 10:00:19 [INFO] EXTRACT_CREATE_SUBCUT: 
2026-05-12 10:00:19 [INFO] LVS_FLATTEN: user_project_wrapper
2026-05-12 10:00:19 [INFO] LVS_NOFLATTEN: 
2026-05-12 10:00:19 [INFO] LVS_IGNORE: 
2026-05-12 10:00:19 [INFO] LVS_SPICE_FILES: /opt/pdks/sky130A/libs.ref/sky130_fd_sc_hd/spice/sky130_ef_sc_hd__decap*.spice /opt/pdks/sky130A/libs.ref/sky130_fd_sc_hd/spice/sky130_fd_sc_hd.spice
2026-05-12 10:00:19 [INFO] LVS_VERILOG_FILES: /tmp/tmptahlw857/repo/verilog/gl/ucb_top.v /tmp/tmptahlw857/repo/verilog/gl/user_project_wrapper.nl.v
2026-05-12 10:00:19 [INFO] LAYOUT_FILE: /tmp/tmptahlw857/repo/gds/user_project_wrapper.gds
2026-05-12 10:00:19 [INFO] Running: run_be_checks --nooeb
2026-05-12 10:00:19 [INFO] LVS output directory: /tmp/tmptahlw857/repo/precheck_results/12_MAY_2026___09_56_32
2026-05-12 10:02:45 [ERROR] LVS FAILED (stat=1), see /tmp/tmptahlw857/repo/precheck_results/12_MAY_2026___09_56_32/logs/LVS_check.log
2026-05-12 10:02:45 [INFO] Loading LVS environment from /tmp/tmptahlw857/repo/lvs/user_project_wrapper/lvs_config.json
2026-05-12 10:02:45 [INFO] EXTRACT_FLATGLOB: 
2026-05-12 10:02:45 [INFO] EXTRACT_ABSTRACT: *__fill_* *__fakediode_* *__tapvpwrvgnd_*
2026-05-12 10:02:45 [INFO] EXTRACT_CREATE_SUBCUT: 
2026-05-12 10:02:45 [INFO] LVS_FLATTEN: user_project_wrapper
2026-05-12 10:02:45 [INFO] LVS_NOFLATTEN: 
2026-05-12 10:02:45 [INFO] LVS_IGNORE: 
2026-05-12 10:02:45 [INFO] LVS_SPICE_FILES: /opt/pdks/sky130A/libs.ref/sky130_fd_sc_hd/spice/sky130_ef_sc_hd__decap*.spice /opt/pdks/sky130A/libs.ref/sky130_fd_sc_hd/spice/sky130_fd_sc_hd.spice
2026-05-12 10:02:45 [INFO] LVS_VERILOG_FILES: /tmp/tmptahlw857/repo/verilog/gl/ucb_top.v /tmp/tmptahlw857/repo/verilog/gl/user_project_wrapper.nl.v
2026-05-12 10:02:45 [INFO] LAYOUT_FILE: /tmp/tmptahlw857/repo/gds/user_project_wrapper.gds
2026-05-12 10:02:45 [INFO] Running: run_oeb_check --noextract
2026-05-12 10:02:45 [INFO] OEB output directory: /tmp/tmptahlw857/repo/precheck_results/12_MAY_2026___09_56_32
2026-05-12 10:02:47 [ERROR] OEB FAILED (stat=6), see /tmp/tmptahlw857/repo/precheck_results/12_MAY_2026___09_56_32/logs/OEB_check.log
